Archive member included because of file (symbol)

./../Platform/BLE/debug/libBLE_efm32_debug.a(BLE_serialDriver_cc.o)
                              C:/XDK-Workbench/workspace/xdk_ble_play/debug/objects/XdkApplicationTemplate.o (BLE_hciReceiveData)
./../Platform/BLE/debug/libBLE_efm32_debug.a(BLE_stateHandler_cc.o)
                              C:/XDK-Workbench/workspace/xdk_ble_play/debug/objects/XdkApplicationTemplate.o (BLE_coreStackInit)
./../Platform/BLE/debug/libBLE_efm32_debug.a(BLE_radioInterface_cc.o)
                              ./../Platform/BLE/debug/libBLE_efm32_debug.a(BLE_stateHandler_cc.o) (BLERADIO_IsPublicAddressValid)
./../Platform/Sensors/debug/libSensors_efm32_debug.a(Environmental.o)
                              ./../Platform/SensorToolbox/release/libSensorToolbox.a (Environmental_init)
./../Platform/Sensors/debug/libSensors_efm32_debug.a(Gyroscope.o)
                              ./../Platform/SensorToolbox/release/libSensorToolbox.a (Gyroscope_init)
./../Platform/Sensors/debug/libSensors_efm32_debug.a(Accelerometer.o)
                              ./../Platform/SensorToolbox/release/libSensorToolbox.a (Accelerometer_init)
./../Platform/Sensors/debug/libSensors_efm32_debug.a(Magnetometer.o)
                              ./../Platform/SensorToolbox/release/libSensorToolbox.a (Magnetometer_init)
./../Platform/SensorUtils/debug/libSensorUtils_efm32_debug.a(Bma280Utils.o)
                              ./../Platform/Sensors/debug/libSensors_efm32_debug.a(Accelerometer.o) (Bma280Utils_initialize)
./../Platform/SensorUtils/debug/libSensorUtils_efm32_debug.a(AxisRemap.o)
                              ./../Platform/SensorUtils/debug/libSensorUtils_efm32_debug.a(Bma280Utils.o) (AxisRemap_remapSensorData)
./../Platform/SensorUtils/debug/libSensorUtils_efm32_debug.a(Bmi160Utils.o)
                              ./../Platform/Sensors/debug/libSensors_efm32_debug.a(Gyroscope.o) (Bmi160Utils_initialize)
./../Platform/SensorUtils/debug/libSensorUtils_efm32_debug.a(Bmg160Utils.o)
                              ./../Platform/Sensors/debug/libSensors_efm32_debug.a(Gyroscope.o) (Bmg160Utils_initialize)
./../Platform/SensorUtils/debug/libSensorUtils_efm32_debug.a(Bme280Utils.o)
                              ./../Platform/Sensors/debug/libSensors_efm32_debug.a(Environmental.o) (Bme280Utils_initialize)
./../Platform/SensorUtils/debug/libSensorUtils_efm32_debug.a(Bmm150Utils.o)
                              ./../Platform/Sensors/debug/libSensors_efm32_debug.a(Magnetometer.o) (Bmm150Utils_initialize)
./../Libraries/FreeRTOS/FreeRTOS/../BCDS_Customization/debug/libFreeRTOS_efm32_debug.a(queue.o)
                              ./../Platform/SensorToolbox/release/libSensorToolbox.a (xQueueCreateMutex)
./../Libraries/FreeRTOS/FreeRTOS/../BCDS_Customization/debug/libFreeRTOS_efm32_debug.a(tasks.o)
                              C:/XDK-Workbench/workspace/xdk_ble_play/debug/objects/XdkApplicationTemplate.o (xTaskGenericCreate)
./../Libraries/FreeRTOS/FreeRTOS/../BCDS_Customization/debug/libFreeRTOS_efm32_debug.a(timers.o)
                              ./../Libraries/FreeRTOS/FreeRTOS/../BCDS_Customization/debug/libFreeRTOS_efm32_debug.a(tasks.o) (xTimerCreateTimerTask)
./../Libraries/FreeRTOS/FreeRTOS/../BCDS_Customization/debug/libFreeRTOS_efm32_debug.a(heap_4.o)
                              ./../Libraries/FreeRTOS/FreeRTOS/../BCDS_Customization/debug/libFreeRTOS_efm32_debug.a(queue.o) (pvPortMalloc)
./../Libraries/FreeRTOS/FreeRTOS/../BCDS_Customization/debug/libFreeRTOS_efm32_debug.a(port.o)
                              ./../Libraries/FreeRTOS/FreeRTOS/../BCDS_Customization/debug/libFreeRTOS_efm32_debug.a(tasks.o) (pxPortInitialiseStack)
./../Libraries/FreeRTOS/FreeRTOS/../BCDS_Customization/debug/libFreeRTOS_efm32_debug.a(list.o)
                              ./../Libraries/FreeRTOS/FreeRTOS/../BCDS_Customization/debug/libFreeRTOS_efm32_debug.a(queue.o) (vListInitialise)
./../Platform/Peripherals/debug/libPeripherals_efm32_debug.a(I2C_cc.o)
                              ./../Platform/SensorUtils/debug/libSensorUtils_efm32_debug.a(Bma280Utils.o) (I2C_delayFunction)
./../Platform/Peripherals/debug/libPeripherals_efm32_debug.a(SID_serialDriverInf_cc.o)
                              ./../Platform/Peripherals/debug/libPeripherals_efm32_debug.a(I2C_cc.o) (SID_init)
./../Platform/Peripherals/debug/libPeripherals_efm32_debug.a(I2C_efm32Driver_cc.o)
                              ./../Platform/Peripherals/debug/libPeripherals_efm32_debug.a(SID_serialDriverInf_cc.o) (I2C_initCtrSpecific)
./../Platform/Peripherals/debug/libPeripherals_efm32_debug.a(PTD_portDriver_cc.o)
                              ./../Platform/SensorUtils/debug/libSensorUtils_efm32_debug.a(Bma280Utils.o) (PTD_intConfig)
./../Platform/Peripherals/debug/libPeripherals_efm32_debug.a(SER_serialDriver_cc.o)
                              ./../Platform/BLE/debug/libBLE_efm32_debug.a(BLE_serialDriver_cc.o) (SER_serialDisable)
[...]
Memory Configuration

Name             Origin             Length             Attributes
FLASH            0x00010000         0x000f0000         xr
RAM              0x20000000         0x00020000         xrw
*default*        0x00000000         0xffffffff

Linker script and memory map

LOAD c:/xdk-workbench/armgcc/bin/../lib/gcc/arm-none-eabi/4.7.4/armv7-m/crti.o
LOAD c:/xdk-workbench/armgcc/bin/../lib/gcc/arm-none-eabi/4.7.4/armv7-m/crtbegin.o
LOAD c:/xdk-workbench/armgcc/bin/../lib/gcc/arm-none-eabi/4.7.4/../../../../arm-none-eabi/lib/armv7-m/crt0.o
LOAD C:/XDK-Workbench/workspace/xdk_ble_play/debug/objects/./../Platform/Utils/source/RSM_retargetStdioMessage/retargetio.o
LOAD C:/XDK-Workbench/workspace/xdk_ble_play/debug/objects/./../Libraries/EMlib/EMLib/usb/src/em_usbdint.o
LOAD C:/XDK-Workbench/workspace/xdk_ble_play/debug/objects/main.o
LOAD C:/XDK-Workbench/workspace/xdk_ble_play/debug/objects/XdkApplicationTemplate.o
LOAD C:/XDK-Workbench/workspace/xdk_ble_play/debug/objects/startup_efm32gg.o
START GROUP
LOAD ./../Platform/SensorToolbox/release/libSensorToolbox.a
LOAD ./../Libraries/WiFi/TI/../BCDS_Customization/debug/libWifiLib_efm32_debug.a
LOAD ./../Platform/Wlan/debug/libWlan_efm32_debug.a
LOAD ./../Libraries/ServalStack/BCDS_Customization/release/libServalStack_efm32.a
LOAD ./../Platform/ServalPAL_WiFi/release/libServalPalWifi_efm32.a
LOAD ./../Platform/MiscDrivers/debug/libMiscDrivers_efm32_debug.a
LOAD ./../Platform/BLE/debug/libBLE_efm32_debug.a
LOAD ./../Platform/Sensors/debug/libSensors_efm32_debug.a
LOAD ./../Platform/SensorUtils/debug/libSensorUtils_efm32_debug.a
LOAD ./../Libraries/FreeRTOS/FreeRTOS/../BCDS_Customization/debug/libFreeRTOS_efm32_debug.a
LOAD ./../Platform/Peripherals/debug/libPeripherals_efm32_debug.a
LOAD ./../Libraries/EMlib/EMLib/../BCDS_Customization/debug/libEMLib_efm32_debug.a
LOAD ./../Libraries/BSTLib/BST_Github/../BCDS_Customization/debug/libBSTLib_efm32_debug.a
LOAD ../Common/debug/XDKCommon_efm32_debug.a
LOAD ./../Platform/Utils/debug/libUtils_efm32_debug.a
LOAD ./../Platform/Basics/debug/libBasics_efm32_debug.a
LOAD ./../Platform/SensorDrivers/debug/libSensorDrivers_efm32_debug.a
LOAD ./../Platform/Power/debug/libPOWER_efm32_debug.a
LOAD ./../Platform/SensorDrivers/debug/libSensorDrivers_efm32_debug.a
LOAD ./../Libraries/FATfs/BCDS_Customization/debug/libFATfs_efm32_debug.a
LOAD ./../Platform/FOTA/debug/libFOTA_efm32_debug.a
LOAD ./../Libraries/Escrypt_CycurTLS/CycurTLS/src/cycurlib/../../../BCDS_Customization/release/libCYCURTLS_efm32.a
LOAD ./../Libraries/BLEStack/Alpwise/Core_Stack/Libraries/BLESW_CoreStack_CM3.a
LOAD ./../Libraries/BLEStack/Alpwise/Service/Data_Exchange_Service/Libraries/BLESW_ALPWDEP_Server_CM3.a
LOAD ./../Libraries/BLEStack/Alpwise/Core_Stack/Libraries/BLESW_ALPWDES_CM3.a
LOAD ./../Libraries/BLEStack/Alpwise/Service/BLESW_AlertNotification/Libraries/BLESW_ANP_Server_CM3.a
LOAD ./../Libraries/BLEStack/Alpwise/Core_Stack/Libraries/BLESW_ANS_CM3.a
LOAD ./../Libraries/BLEStack/Alpwise/Service/BLESW_BloodPressure/Libraries/BLESW_BLP_Sensor_CM3.a
LOAD ./../Libraries/BLEStack/Alpwise/Core_Stack/Libraries/BLESW_BLS_CM3.a
LOAD ./../Libraries/BLEStack/Alpwise/Service/BLESW_CyclingPower/Libraries/BLESW_CPP_Sensor_CM3.a
LOAD ./../Libraries/BLEStack/Alpwise/Core_Stack/Libraries/BLESW_CPS_CM3.a
LOAD ./../Libraries/BLEStack/Alpwise/Service/BLESW_CyclingSpeedAndCadence/Libraries/BLESW_CSCP_Sensor_CM3.a
LOAD ./../Libraries/BLEStack/Alpwise/Core_Stack/Libraries/BLESW_CSCS_CM3.a
LOAD ./../Libraries/BLEStack/Alpwise/Service/BLESW_Glucose/Libraries/BLESW_GLP_Sensor_CM3.a
LOAD ./../Libraries/BLEStack/Alpwise/Core_Stack/Libraries/BLESW_GLS_CM3.a
LOAD ./../Libraries/BLEStack/Alpwise/Service/BLESW_HealthThermometer/Libraries/BLESW_HTP_Thermometer_CM3.a
LOAD ./../Libraries/BLEStack/Alpwise/Core_Stack/Libraries/BLESW_HTS_CM3.a
LOAD ./../Libraries/BLEStack/Alpwise/Service/BLESW_HeartRate/Libraries/BLESW_HRP_Sensor_CM3.a
LOAD ./../Libraries/BLEStack/Alpwise/Core_Stack/Libraries/BLESW_HRS_CM3.a
LOAD ./../Libraries/BLEStack/Alpwise/Service/BLESW_HumanInterfaceDevice/Libraries/BLESW_HID_Host_CM3.a
LOAD ./../Libraries/BLEStack/Alpwise/Core_Stack/Libraries/BLESW_HIDS_CM3.a
LOAD ./../Libraries/BLEStack/Alpwise/Service/BLESW_LocationAndNavigation/Libraries/BLESW_LNP_Sensor_CM3.a
LOAD ./../Libraries/BLEStack/Alpwise/Core_Stack/Libraries/BLESW_LNS_CM3.a
LOAD ./../Libraries/BLEStack/Alpwise/Service/BLESW_NetworkAvailability/Libraries/BLESW_NWAP_Reporter_CM3.a
LOAD ./../Libraries/BLEStack/Alpwise/Core_Stack/Libraries/BLESW_NWAS_CM3.a
LOAD ./../Libraries/BLEStack/Alpwise/Service/BLESW_PhoneAlertStatus/Libraries/BLESW_PASP_Server_CM3.a
LOAD ./../Libraries/BLEStack/Alpwise/Core_Stack/Libraries/BLESW_PASS_CM3.a
LOAD ./../Libraries/BLEStack/Alpwise/Service/BLESW_RunningSpeedAndCadence/Libraries/BLESW_RSCP_Sensor_CM3.a
LOAD ./../Libraries/BLEStack/Alpwise/Core_Stack/Libraries/BLESW_RSCS_CM3.a
LOAD ./../Libraries/EMlib/EMLib/CMSIS/Lib/GCC/libarm_cortexM3l_math.a
END GROUP
START GROUP
LOAD c:/xdk-workbench/armgcc/bin/../lib/gcc/arm-none-eabi/4.7.4/armv7-m\libgcc.a
LOAD c:/xdk-workbench/armgcc/bin/../lib/gcc/arm-none-eabi/4.7.4/../../../../arm-none-eabi/lib/armv7-m\libc.a
LOAD c:/xdk-workbench/armgcc/bin/../lib/gcc/arm-none-eabi/4.7.4/../../../../arm-none-eabi/lib/armv7-m\libm.a
END GROUP
START GROUP
LOAD c:/xdk-workbench/armgcc/bin/../lib/gcc/arm-none-eabi/4.7.4/armv7-m\libgcc.a
LOAD c:/xdk-workbench/armgcc/bin/../lib/gcc/arm-none-eabi/4.7.4/../../../../arm-none-eabi/lib/armv7-m\libc.a
END GROUP
LOAD c:/xdk-workbench/armgcc/bin/../lib/gcc/arm-none-eabi/4.7.4/armv7-m/crtend.o
LOAD c:/xdk-workbench/armgcc/bin/../lib/gcc/arm-none-eabi/4.7.4/armv7-m/crtn.o

.text           0x00010000    0x212ac
 *(.isr_vector)
 .isr_vector    0x00010000      0x100 C:/XDK-Workbench/workspace/xdk_ble_play/debug/objects/startup_efm32gg.o
                0x00010000                __isr_vector
 *(.text*)
 .text          0x00010100       0x54 c:/xdk-workbench/armgcc/bin/../lib/gcc/arm-none-eabi/4.7.4/armv7-m/crtbegin.o
 .text          0x00010154       0x70 c:/xdk-workbench/armgcc/bin/../lib/gcc/arm-none-eabi/4.7.4/../../../../arm-none-eabi/lib/armv7-m/crt0.o
                0x00010154                _start
                0x00010154                start
                0x00010154                _mainCRTStartup
 .text._close   0x000101c4       0x18 C:/XDK-Workbench/workspace/xdk_ble_play/debug/objects/./../Platform/Utils/source/RSM_retargetStdioMessage/retargetio.o
                0x000101c4                _close
 .text._exit    0x000101dc        0xc C:/XDK-Workbench/workspace/xdk_ble_play/debug/objects/./../Platform/Utils/source/RSM_retargetStdioMessage/retargetio.o
                0x000101dc                _exit
 .text._fstat   0x000101e8       0x24 C:/XDK-Workbench/workspace/xdk_ble_play/debug/objects/./../Platform/Utils/source/RSM_retargetStdioMessage/retargetio.o
                0x000101e8                _fstat
 .text._isatty  0x0001020c       0x18 C:/XDK-Workbench/workspace/xdk_ble_play/debug/objects/./../Platform/Utils/source/RSM_retargetStdioMessage/retargetio.o
                0x0001020c                _isatty
 .text._lseek   0x00010224       0x1c C:/XDK-Workbench/workspace/xdk_ble_play/debug/objects/./../Platform/Utils/source/RSM_retargetStdioMessage/retargetio.o
                0x00010224                _lseek
 .text._read    0x00010240       0x70 C:/XDK-Workbench/workspace/xdk_ble_play/debug/objects/./../Platform/Utils/source/RSM_retargetStdioMessage/retargetio.o
                0x00010240                _read
 .text._sbrk    0x000102b0       0xa0 C:/XDK-Workbench/workspace/xdk_ble_play/debug/objects/./../Platform/Utils/source/RSM_retargetStdioMessage/retargetio.o
                0x000102b0                _sbrk
 .text._write   0x00010350       0x20 C:/XDK-Workbench/workspace/xdk_ble_play/debug/objects/./../Platform/Utils/source/RSM_retargetStdioMessage/retargetio.o
                0x00010350                _write
 .text.INT_Disable
                0x00010370       0x40 C:/XDK-Workbench/workspace/xdk_ble_play/debug/objects/./../Libraries/EMlib/EMLib/usb/src/em_usbdint.o
 .text.INT_Enable
                0x000103b0       0x54 C:/XDK-Workbench/workspace/xdk_ble_play/debug/objects/./../Libraries/EMlib/EMLib/usb/src/em_usbdint.o
 .text.USBHAL_FlushTxFifo
                0x00010404       0x4c C:/XDK-Workbench/workspace/xdk_ble_play/debug/objects/./../Libraries/EMlib/EMLib/usb/src/em_usbdint.o
 .text.USBHAL_GetCoreInts
                0x00010450       0x40 C:/XDK-Workbench/workspace/xdk_ble_play/debug/objects/./../Libraries/EMlib/EMLib/usb/src/em_usbdint.o
 .text.USBDHAL_EnableInts
                0x00010490       0x70 C:/XDK-Workbench/workspace/xdk_ble_play/debug/objects/./../Libraries/EMlib/EMLib/usb/src/em_usbdint.o
 .text.USBDHAL_Ep0Activate
                0x00010500       0x70 C:/XDK-Workbench/workspace/xdk_ble_play/debug/objects/./../Libraries/EMlib/EMLib/usb/src/em_usbdint.o
 .text.USBDHAL_GetAllInEpInts
                0x00010570       0x48 C:/XDK-Workbench/workspace/xdk_ble_play/debug/objects/./../Libraries/EMlib/EMLib/usb/src/em_usbdint.o
 .text.USBDHAL_GetAllOutEpInts
                0x000105b8       0x44 C:/XDK-Workbench/workspace/xdk_ble_play/debug/objects/./../Libraries/EMlib/EMLib/usb/src/em_usbdint.o
 .text.USBDHAL_GetInEpInts
                0x000105fc       0x44 C:/XDK-Workbench/workspace/xdk_ble_play/debug/objects/./../Libraries/EMlib/EMLib/usb/src/em_usbdint.o
 .text.USBDHAL_GetOutEpInts
                0x00010640       0x44 C:/XDK-Workbench/workspace/xdk_ble_play/debug/objects/./../Libraries/EMlib/EMLib/usb/src/em_usbdint.o
 .text.USBDHAL_StartEp0Setup
                0x00010684       0x88 C:/XDK-Workbench/workspace/xdk_ble_play/debug/objects/./../Libraries/EMlib/EMLib/usb/src/em_usbdint.o
 .text.USBD_GetEpFromAddr
                0x0001070c       0xa0 C:/XDK-Workbench/workspace/xdk_ble_play/debug/objects/./../Libraries/EMlib/EMLib/usb/src/em_usbdint.o
 .text.USB_IRQHandler
                0x000107ac      0x16c C:/XDK-Workbench/workspace/xdk_ble_play/debug/objects/./../Libraries/EMlib/EMLib/usb/src/em_usbdint.o
                0x000107ac                USB_IRQHandler
 .text.Handle_USB_GINTSTS_ENUMDONE
                0x00010918       0x3c C:/XDK-Workbench/workspace/xdk_ble_play/debug/objects/./../Libraries/EMlib/EMLib/usb/src/em_usbdint.o
 .text.Handle_USB_GINTSTS_IEPINT
                0x00010954      0x118 C:/XDK-Workbench/workspace/xdk_ble_play/debug/objects/./../Libraries/EMlib/EMLib/usb/src/em_usbdint.o
 .text.Handle_USB_GINTSTS_OEPINT
                0x00010a6c      0x230 C:/XDK-Workbench/workspace/xdk_ble_play/debug/objects/./../Libraries/EMlib/EMLib/usb/src/em_usbdint.o
 .text.Handle_USB_GINTSTS_RESETDET
                0x00010c9c       0x40 C:/XDK-Workbench/workspace/xdk_ble_play/debug/objects/./../Libraries/EMlib/EMLib/usb/src/em_usbdint.o
 .text.Handle_USB_GINTSTS_SOF
                0x00010cdc       0x64 C:/XDK-Workbench/workspace/xdk_ble_play/debug/objects/./../Libraries/EMlib/EMLib/usb/src/em_usbdint.o
 .text.Handle_USB_GINTSTS_USBRST
                0x00010d40      0x150 C:/XDK-Workbench/workspace/xdk_ble_play/debug/objects/./../Libraries/EMlib/EMLib/usb/src/em_usbdint.o
 .text.Handle_USB_GINTSTS_USBSUSP
                0x00010e90       0x68 C:/XDK-Workbench/workspace/xdk_ble_play/debug/objects/./../Libraries/EMlib/EMLib/usb/src/em_usbdint.o
 .text.Handle_USB_GINTSTS_WKUPINT
                0x00010ef8       0x30 C:/XDK-Workbench/workspace/xdk_ble_play/debug/objects/./../Libraries/EMlib/EMLib/usb/src/em_usbdint.o
 .text.main     0x00010f28       0x10 C:/XDK-Workbench/workspace/xdk_ble_play/debug/objects/main.o
                0x00010f28                main
 .text.batt_cb  0x00010f38       0x14 C:/XDK-Workbench/workspace/xdk_ble_play/debug/objects/XdkApplicationTemplate.o
 .text.ble_send_packet
                0x00010f4c       0xac C:/XDK-Workbench/workspace/xdk_ble_play/debug/objects/XdkApplicationTemplate.o
 .text.ble_notify_cb
                0x00010ff8       0x58 C:/XDK-Workbench/workspace/xdk_ble_play/debug/objects/XdkApplicationTemplate.o
 .text.ble_alpw_data_xch_cb
                0x00011050       0x70 C:/XDK-Workbench/workspace/xdk_ble_play/debug/objects/XdkApplicationTemplate.o
 .text.ble_app_service_register_cb
                0x000110c0       0x34 C:/XDK-Workbench/workspace/xdk_ble_play/debug/objects/XdkApplicationTemplate.o
 .text.ble_app_init
                0x000110f4       0xbc C:/XDK-Workbench/workspace/xdk_ble_play/debug/objects/XdkApplicationTemplate.o
 .text.ble_app_task
                0x000111b0       0x3c C:/XDK-Workbench/workspace/xdk_ble_play/debug/objects/XdkApplicationTemplate.o
 .text.appInitSystem
                0x000111ec       0x68 C:/XDK-Workbench/workspace/xdk_ble_play/debug/objects/XdkApplicationTemplate.o
                0x000111ec                appInitSystem
 .text          0x00011254       0x98 C:/XDK-Workbench/workspace/xdk_ble_play/debug/objects/startup_efm32gg.o
                0x00011254                Reset_Handler
                0x00011288                Default_Handler
                0x0001128a                NMI_Handler
                0x0001128c                HardFault_Handler
                0x0001128e                MemManage_Handler
                0x00011290                BusFault_Handler
                0x00011292                UsageFault_Handler
                0x00011296                DebugMon_Handler
                0x0001129a                SysTick_Handler
                0x0001129c                DMA_IRQHandler
                0x000112a6                ACMP0_IRQHandler
                0x000112aa                ADC0_IRQHandler
                0x000112ac                DAC0_IRQHandler
                0x000112b4                TIMER1_IRQHandler
                0x000112b6                TIMER2_IRQHandler
                0x000112b8                TIMER3_IRQHandler
                0x000112be                LESENSE_IRQHandler
                0x000112d0                LETIMER0_IRQHandler
                0x000112d2                PCNT0_IRQHandler
                0x000112d4                PCNT1_IRQHandler
                0x000112d6                PCNT2_IRQHandler
                0x000112da                BURTC_IRQHandler
                0x000112dc                CMU_IRQHandler
                0x000112de                VCMP_IRQHandler
                0x000112e0                LCD_IRQHandler
                0x000112e2                MSC_IRQHandler
                0x000112e4                AES_IRQHandler
                0x000112e6                EBI_IRQHandler
                0x000112e8                EMU_IRQHandler
 .text.GPIO_PinOutClear
                0x000112ec       0x4c ./../Platform/BLE/debug/libBLE_efm32_debug.a(BLE_serialDriver_cc.o)
 .text.GPIO_PinOutSet
                0x00011338       0x4c ./../Platform/BLE/debug/libBLE_efm32_debug.a(BLE_serialDriver_cc.o)
 .text.bleHciPtdConfig
                0x00011384       0x88 ./../Platform/BLE/debug/libBLE_efm32_debug.a(BLE_serialDriver_cc.o)
 .text.BLE_hciDriverInit
                0x0001140c       0x40 ./../Platform/BLE/debug/libBLE_efm32_debug.a(BLE_serialDriver_cc.o)
                0x0001140c                BLE_hciDriverInit
 .text.BLE_hciDriverDeinit
                0x0001144c       0x24 ./../Platform/BLE/debug/libBLE_efm32_debug.a(BLE_serialDriver_cc.o)
                0x0001144c                BLE_hciDriverDeinit
 .text.BLE_hciReceiveData
                0x00011470       0x5c ./../Platform/BLE/debug/libBLE_efm32_debug.a(BLE_serialDriver_cc.o)
                0x00011470                BLE_hciReceiveData
 .text.BLE_hciAssertWakeupPin
                0x000114cc       0x14 ./../Platform/BLE/debug/libBLE_efm32_debug.a(BLE_serialDriver_cc.o)
                0x000114cc                BLE_hciAssertWakeupPin
 .text.BLE_hciDeassertWakeupPin
                0x000114e0       0x14 ./../Platform/BLE/debug/libBLE_efm32_debug.a(BLE_serialDriver_cc.o)
                0x000114e0                BLE_hciDeassertWakeupPin
 .text.BLE_hciSendData
                0x000114f4       0x3c ./../Platform/BLE/debug/libBLE_efm32_debug.a(BLE_serialDriver_cc.o)
                0x000114f4                BLE_hciSendData
 .text.bleCoreCallback
                0x00011530      0x224 ./../Platform/BLE/debug/libBLE_efm32_debug.a(BLE_stateHandler_cc.o)
 .text.bleGapCallback
                0x00011754      0x1e0 ./../Platform/BLE/debug/libBLE_efm32_debug.a(BLE_stateHandler_cc.o)
 .text.bleSetNonConnectableState
                0x00011934       0x40 ./../Platform/BLE/debug/libBLE_efm32_debug.a(BLE_stateHandler_cc.o)
 .text.BLE_coreStackInit
                0x00011974       0x60 ./../Platform/BLE/debug/libBLE_efm32_debug.a(BLE_stateHandler_cc.o)
                0x00011974                BLE_coreStackInit
 .text.BLEMGMT_NotifyToRun
                0x000119d4       0x24 ./../Platform/BLE/debug/libBLE_efm32_debug.a(BLE_stateHandler_cc.o)
                0x000119d4                BLEMGMT_NotifyToRun
 .text.BLE_coreStateMachine
                0x000119f8      0x308 ./../Platform/BLE/debug/libBLE_efm32_debug.a(BLE_stateHandler_cc.o)
                0x000119f8                BLE_coreStateMachine
 .text.BLE_customServiceRegistry
                0x00011d00       0x34 ./../Platform/BLE/debug/libBLE_efm32_debug.a(BLE_stateHandler_cc.o)
                0x00011d00                BLE_customServiceRegistry
 .text.BLE_setDeviceName
                0x00011d34       0x6c ./../Platform/BLE/debug/libBLE_efm32_debug.a(BLE_stateHandler_cc.o)
                0x00011d34                BLE_setDeviceName
 .text.BLE_enablenotificationForConnect
                0x00011da0       0x48 ./../Platform/BLE/debug/libBLE_efm32_debug.a(BLE_stateHandler_cc.o)
                0x00011da0                BLE_enablenotificationForConnect
 .text.BLE_sendData
                0x00011de8       0x5c ./../Platform/BLE/debug/libBLE_efm32_debug.a(BLE_stateHandler_cc.o)
                0x00011de8                BLE_sendData
 .text.SendCommand
                0x00011e44      0x168 ./../Platform/BLE/debug/libBLE_efm32_debug.a(BLE_radioInterface_cc.o)
 .text.BLE_checkAddressValidity
                0x00011fac       0x3c ./../Platform/BLE/debug/libBLE_efm32_debug.a(BLE_radioInterface_cc.o)
 .text.BLERADIO_Init
                0x00011fe8       0x44 ./../Platform/BLE/debug/libBLE_efm32_debug.a(BLE_radioInterface_cc.o)
                0x00011fe8                BLERADIO_Init
 .text.BLERADIO_HCIEventHandler
                0x0001202c      0x234 ./../Platform/BLE/debug/libBLE_efm32_debug.a(BLE_radioInterface_cc.o)
                0x0001202c                BLERADIO_HCIEventHandler
 .text.BLERADIO_SetPublicAddress
                0x00012260       0x44 ./../Platform/BLE/debug/libBLE_efm32_debug.a(BLE_radioInterface_cc.o)
                0x00012260                BLERADIO_SetPublicAddress
 .text.BLERADIO_RegisterGetPublicAddressCallback
                0x000122a4       0x34 ./../Platform/BLE/debug/libBLE_efm32_debug.a(BLE_radioInterface_cc.o)
                0x000122a4                BLERADIO_RegisterGetPublicAddressCallback
 .text.BLERADIO_IsPublicAddressValid
                0x000122d8       0x18 ./../Platform/BLE/debug/libBLE_efm32_debug.a(BLE_radioInterface_cc.o)
                0x000122d8                BLERADIO_IsPublicAddressValid
 .text.xQueueGenericReset
                0x000122f0       0xc8 ./../Libraries/FreeRTOS/FreeRTOS/../BCDS_Customization/debug/libFreeRTOS_efm32_debug.a(queue.o)
                0x000122f0                xQueueGenericReset
 .text.xQueueGenericCreate
                0x000123b8       0x90 ./../Libraries/FreeRTOS/FreeRTOS/../BCDS_Customization/debug/libFreeRTOS_efm32_debug.a(queue.o)
                0x000123b8                xQueueGenericCreate
 .text.xQueueCreateMutex
                0x00012448       0xb0 ./../Libraries/FreeRTOS/FreeRTOS/../BCDS_Customization/debug/libFreeRTOS_efm32_debug.a(queue.o)
                0x00012448                xQueueCreateMutex
 .text.xQueueGenericSend
                0x000124f8      0x19c ./../Libraries/FreeRTOS/FreeRTOS/../BCDS_Customization/debug/libFreeRTOS_efm32_debug.a(queue.o)
                0x000124f8                xQueueGenericSend
 .text.xQueueGenericSendFromISR
                0x00012694       0xec ./../Libraries/FreeRTOS/FreeRTOS/../BCDS_Customization/debug/libFreeRTOS_efm32_debug.a(queue.o)
                0x00012694                xQueueGenericSendFromISR
 .text.xQueueGenericReceive
                0x00012780      0x1e0 ./../Libraries/FreeRTOS/FreeRTOS/../BCDS_Customization/debug/libFreeRTOS_efm32_debug.a(queue.o)
                0x00012780                xQueueGenericReceive
 .text.xQueueReceiveFromISR
                0x00012960       0xcc ./../Libraries/FreeRTOS/FreeRTOS/../BCDS_Customization/debug/libFreeRTOS_efm32_debug.a(queue.o)
                0x00012960                xQueueReceiveFromISR
 .text.prvCopyDataToQueue
                0x00012a2c       0xdc ./../Libraries/FreeRTOS/FreeRTOS/../BCDS_Customization/debug/libFreeRTOS_efm32_debug.a(queue.o)
 .text.prvCopyDataFromQueue
                0x00012b08       0x50 ./../Libraries/FreeRTOS/FreeRTOS/../BCDS_Customization/debug/libFreeRTOS_efm32_debug.a(queue.o)
 .text.prvUnlockQueue
                0x00012b58       0xa0 ./../Libraries/FreeRTOS/FreeRTOS/../BCDS_Customization/debug/libFreeRTOS_efm32_debug.a(queue.o)
 .text.prvIsQueueEmpty
                0x00012bf8       0x34 ./../Libraries/FreeRTOS/FreeRTOS/../BCDS_Customization/debug/libFreeRTOS_efm32_debug.a(queue.o)
 .text.prvIsQueueFull
                0x00012c2c       0x38 ./../Libraries/FreeRTOS/FreeRTOS/../BCDS_Customization/debug/libFreeRTOS_efm32_debug.a(queue.o)
 .text.vQueueAddToRegistry
                0x00012c64       0x64 ./../Libraries/FreeRTOS/FreeRTOS/../BCDS_Customization/debug/libFreeRTOS_efm32_debug.a(queue.o)
                0x00012c64                vQueueAddToRegistry
 .text.vQueueWaitForMessageRestricted
                0x00012cc8       0x60 ./../Libraries/FreeRTOS/FreeRTOS/../BCDS_Customization/debug/libFreeRTOS_efm32_debug.a(queue.o)
                0x00012cc8                vQueueWaitForMessageRestricted
 .text.xTaskGenericCreate
                0x00012d28      0x1d0 ./../Libraries/FreeRTOS/FreeRTOS/../BCDS_Customization/debug/libFreeRTOS_efm32_debug.a(tasks.o)
                0x00012d28                xTaskGenericCreate
 .text.vTaskStartScheduler
                0x00012ef8       0x94 ./../Libraries/FreeRTOS/FreeRTOS/../BCDS_Customization/debug/libFreeRTOS_efm32_debug.a(tasks.o)
                0x00012ef8                vTaskStartScheduler
 .text.vTaskSuspendAll
                0x00012f8c       0x24 ./../Libraries/FreeRTOS/FreeRTOS/../BCDS_Customization/debug/libFreeRTOS_efm32_debug.a(tasks.o)
                0x00012f8c                vTaskSuspendAll
 .text.xTaskResumeAll
                0x00012fb0      0x17c ./../Libraries/FreeRTOS/FreeRTOS/../BCDS_Customization/debug/libFreeRTOS_efm32_debug.a(tasks.o)
                0x00012fb0                xTaskResumeAll
 .text.xTaskGetTickCount
                0x0001312c       0x28 ./../Libraries/FreeRTOS/FreeRTOS/../BCDS_Customization/debug/libFreeRTOS_efm32_debug.a(tasks.o)
                0x0001312c                xTaskGetTickCount
 .text.xTaskIncrementTick
                0x00013154      0x208 ./../Libraries/FreeRTOS/FreeRTOS/../BCDS_Customization/debug/libFreeRTOS_efm32_debug.a(tasks.o)
                0x00013154                xTaskIncrementTick
 .text.vTaskSwitchContext
                0x0001335c      0x16c ./../Libraries/FreeRTOS/FreeRTOS/../BCDS_Customization/debug/libFreeRTOS_efm32_debug.a(tasks.o)
                0x0001335c                vTaskSwitchContext
 .text.vTaskPlaceOnEventList
                0x000134c8       0x90 ./../Libraries/FreeRTOS/FreeRTOS/../BCDS_Customization/debug/libFreeRTOS_efm32_debug.a(tasks.o)
                0x000134c8                vTaskPlaceOnEventList
 .text.vTaskPlaceOnEventListRestricted
                0x00013558       0x68 ./../Libraries/FreeRTOS/FreeRTOS/../BCDS_Customization/debug/libFreeRTOS_efm32_debug.a(tasks.o)
                0x00013558                vTaskPlaceOnEventListRestricted
 .text.xTaskRemoveFromEventList
                0x000135c0       0xe8 ./../Libraries/FreeRTOS/FreeRTOS/../BCDS_Customization/debug/libFreeRTOS_efm32_debug.a(tasks.o)
                0x000135c0                xTaskRemoveFromEventList
 .text.vTaskSetTimeOutState
                0x000136a8       0x44 ./../Libraries/FreeRTOS/FreeRTOS/../BCDS_Customization/debug/libFreeRTOS_efm32_debug.a(tasks.o)
                0x000136a8                vTaskSetTimeOutState
 .text.xTaskCheckForTimeOut
                0x000136ec       0xc4 ./../Libraries/FreeRTOS/FreeRTOS/../BCDS_Customization/debug/libFreeRTOS_efm32_debug.a(tasks.o)
                0x000136ec                xTaskCheckForTimeOut
 .text.vTaskMissedYield
                0x000137b0       0x18 ./../Libraries/FreeRTOS/FreeRTOS/../BCDS_Customization/debug/libFreeRTOS_efm32_debug.a(tasks.o)
                0x000137b0                vTaskMissedYield
 .text.prvIdleTask
                0x000137c8       0x10 ./../Libraries/FreeRTOS/FreeRTOS/../BCDS_Customization/debug/libFreeRTOS_efm32_debug.a(tasks.o)
 .text.prvInitialiseTCBVariables
                0x000137d8       0xa0 ./../Libraries/FreeRTOS/FreeRTOS/../BCDS_Customization/debug/libFreeRTOS_efm32_debug.a(tasks.o)
 .text.prvInitialiseTaskLists
                0x00013878       0xa4 ./../Libraries/FreeRTOS/FreeRTOS/../BCDS_Customization/debug/libFreeRTOS_efm32_debug.a(tasks.o)
 .text.prvCheckTasksWaitingTermination
                0x0001391c       0x9c ./../Libraries/FreeRTOS/FreeRTOS/../BCDS_Customization/debug/libFreeRTOS_efm32_debug.a(tasks.o)
 .text.prvAddCurrentTaskToDelayedList
                0x000139b8       0x8c ./../Libraries/FreeRTOS/FreeRTOS/../BCDS_Customization/debug/libFreeRTOS_efm32_debug.a(tasks.o)
 .text.prvAllocateTCBAndStack
                0x00013a44       0x70 ./../Libraries/FreeRTOS/FreeRTOS/../BCDS_Customization/debug/libFreeRTOS_efm32_debug.a(tasks.o)
 .text.prvDeleteTCB
                0x00013ab4       0x20 ./../Libraries/FreeRTOS/FreeRTOS/../BCDS_Customization/debug/libFreeRTOS_efm32_debug.a(tasks.o)
 .text.prvResetNextTaskUnblockTime
                0x00013ad4       0x5c ./../Libraries/FreeRTOS/FreeRTOS/../BCDS_Customization/debug/libFreeRTOS_efm32_debug.a(tasks.o)
 .text.xTaskGetCurrentTaskHandle
                0x00013b30       0x20 ./../Libraries/FreeRTOS/FreeRTOS/../BCDS_Customization/debug/libFreeRTOS_efm32_debug.a(tasks.o)
                0x00013b30                xTaskGetCurrentTaskHandle
 .text.xTaskGetSchedulerState
                0x00013b50       0x48 ./../Libraries/FreeRTOS/FreeRTOS/../BCDS_Customization/debug/libFreeRTOS_efm32_debug.a(tasks.o)
                0x00013b50                xTaskGetSchedulerState
 .text.vTaskPriorityInherit
                0x00013b98       0xf0 ./../Libraries/FreeRTOS/FreeRTOS/../BCDS_Customization/debug/libFreeRTOS_efm32_debug.a(tasks.o)
                0x00013b98                vTaskPriorityInherit
 .text.vTaskPriorityDisinherit
                0x00013c88       0x98 ./../Libraries/FreeRTOS/FreeRTOS/../BCDS_Customization/debug/libFreeRTOS_efm32_debug.a(tasks.o)
                0x00013c88                vTaskPriorityDisinherit
 .text.xTimerCreateTimerTask
                0x00013d20       0x78 ./../Libraries/FreeRTOS/FreeRTOS/../BCDS_Customization/debug/libFreeRTOS_efm32_debug.a(timers.o)
                0x00013d20                xTimerCreateTimerTask
 .text.xTimerCreate
                0x00013d98       0x7c ./../Libraries/FreeRTOS/FreeRTOS/../BCDS_Customization/debug/libFreeRTOS_efm32_debug.a(timers.o)
                0x00013d98                xTimerCreate
 .text.xTimerGenericCommand
                0x00013e14       0xac ./../Libraries/FreeRTOS/FreeRTOS/../BCDS_Customization/debug/libFreeRTOS_efm32_debug.a(timers.o)
                0x00013e14                xTimerGenericCommand
 .text.prvProcessExpiredTimer
                0x00013ec0       0x88 ./../Libraries/FreeRTOS/FreeRTOS/../BCDS_Customization/debug/libFreeRTOS_efm32_debug.a(timers.o)
 .text.prvTimerTask
                0x00013f48       0x24 ./../Libraries/FreeRTOS/FreeRTOS/../BCDS_Customization/debug/libFreeRTOS_efm32_debug.a(timers.o)
 .text.prvProcessTimerOrBlockTask
                0x00013f6c       0x74 ./../Libraries/FreeRTOS/FreeRTOS/../BCDS_Customization/debug/libFreeRTOS_efm32_debug.a(timers.o)
 .text.prvGetNextExpireTime
                0x00013fe0       0x54 ./../Libraries/FreeRTOS/FreeRTOS/../BCDS_Customization/debug/libFreeRTOS_efm32_debug.a(timers.o)
 .text.prvSampleTimeNow
                0x00014034       0x4c ./../Libraries/FreeRTOS/FreeRTOS/../BCDS_Customization/debug/libFreeRTOS_efm32_debug.a(timers.o)
 .text.prvInsertTimerInActiveList
                0x00014080       0x94 ./../Libraries/FreeRTOS/FreeRTOS/../BCDS_Customization/debug/libFreeRTOS_efm32_debug.a(timers.o)
 .text.prvProcessReceivedCommands
                0x00014114      0x174 ./../Libraries/FreeRTOS/FreeRTOS/../BCDS_Customization/debug/libFreeRTOS_efm32_debug.a(timers.o)
 .text.prvSwitchTimerLists
                0x00014288       0xf0 ./../Libraries/FreeRTOS/FreeRTOS/../BCDS_Customization/debug/libFreeRTOS_efm32_debug.a(timers.o)
 .text.prvCheckForValidListAndQueue
                0x00014378       0xb8 ./../Libraries/FreeRTOS/FreeRTOS/../BCDS_Customization/debug/libFreeRTOS_efm32_debug.a(timers.o)
 .text.xTimerPendFunctionCallFromISR
                0x00014430       0x4c ./../Libraries/FreeRTOS/FreeRTOS/../BCDS_Customization/debug/libFreeRTOS_efm32_debug.a(timers.o)
                0x00014430                xTimerPendFunctionCallFromISR
 .text.pvPortMalloc
                0x0001447c      0x188 ./../Libraries/FreeRTOS/FreeRTOS/../BCDS_Customization/debug/libFreeRTOS_efm32_debug.a(heap_4.o)
                0x0001447c                pvPortMalloc
 .text.vPortFree
                0x00014604       0xcc ./../Libraries/FreeRTOS/FreeRTOS/../BCDS_Customization/debug/libFreeRTOS_efm32_debug.a(heap_4.o)
                0x00014604                vPortFree
 .text.prvHeapInit
                0x000146d0      0x100 ./../Libraries/FreeRTOS/FreeRTOS/../BCDS_Customization/debug/libFreeRTOS_efm32_debug.a(heap_4.o)
 .text.prvInsertBlockIntoFreeList
                0x000147d0       0xbc ./../Libraries/FreeRTOS/FreeRTOS/../BCDS_Customization/debug/libFreeRTOS_efm32_debug.a(heap_4.o)
 .text.pxPortInitialiseStack
                0x0001488c       0x64 ./../Libraries/FreeRTOS/FreeRTOS/../BCDS_Customization/debug/libFreeRTOS_efm32_debug.a(port.o)
                0x0001488c                pxPortInitialiseStack
 .text.prvTaskExitError
                0x000148f0       0x2c ./../Libraries/FreeRTOS/FreeRTOS/../BCDS_Customization/debug/libFreeRTOS_efm32_debug.a(port.o)
 .text.SVC_Handler
                0x0001491c       0x24 ./../Libraries/FreeRTOS/FreeRTOS/../BCDS_Customization/debug/libFreeRTOS_efm32_debug.a(port.o)
                0x0001491c                SVC_Handler
 .text.prvPortStartFirstTask
                0x00014940       0x1c ./../Libraries/FreeRTOS/FreeRTOS/../BCDS_Customization/debug/libFreeRTOS_efm32_debug.a(port.o)
 .text.xPortStartScheduler
                0x0001495c      0x10c ./../Libraries/FreeRTOS/FreeRTOS/../BCDS_Customization/debug/libFreeRTOS_efm32_debug.a(port.o)
                0x0001495c                xPortStartScheduler
 .text.vPortYield
                0x00014a68       0x20 ./../Libraries/FreeRTOS/FreeRTOS/../BCDS_Customization/debug/libFreeRTOS_efm32_debug.a(port.o)
                0x00014a68                vPortYield
 .text.vPortEnterCritical
                0x00014a88       0x2c ./../Libraries/FreeRTOS/FreeRTOS/../BCDS_Customization/debug/libFreeRTOS_efm32_debug.a(port.o)
                0x00014a88                vPortEnterCritical
 .text.vPortExitCritical
                0x00014ab4       0x54 ./../Libraries/FreeRTOS/FreeRTOS/../BCDS_Customization/debug/libFreeRTOS_efm32_debug.a(port.o)
                0x00014ab4                vPortExitCritical
 .text.ulPortSetInterruptMask
                0x00014b08       0x14 ./../Libraries/FreeRTOS/FreeRTOS/../BCDS_Customization/debug/libFreeRTOS_efm32_debug.a(port.o)
                0x00014b08                ulPortSetInterruptMask
 .text.vPortClearInterruptMask
                0x00014b1c        0x8 ./../Libraries/FreeRTOS/FreeRTOS/../BCDS_Customization/debug/libFreeRTOS_efm32_debug.a(port.o)
                0x00014b1c                vPortClearInterruptMask
 .text.PendSV_Handler
                0x00014b24       0x44 ./../Libraries/FreeRTOS/FreeRTOS/../BCDS_Customization/debug/libFreeRTOS_efm32_debug.a(port.o)
                0x00014b24                PendSV_Handler
 .text.vPortValidateInterruptPriority
                0x00014b68       0x78 ./../Libraries/FreeRTOS/FreeRTOS/../BCDS_Customization/debug/libFreeRTOS_efm32_debug.a(port.o)
                0x00014b68                vPortValidateInterruptPriority
 .text.vListInitialise
                0x00014be0       0x40 ./../Libraries/FreeRTOS/FreeRTOS/../BCDS_Customization/debug/libFreeRTOS_efm32_debug.a(list.o)
                0x00014be0                vListInitialise
 .text.vListInitialiseItem
                0x00014c20       0x1c ./../Libraries/FreeRTOS/FreeRTOS/../BCDS_Customization/debug/libFreeRTOS_efm32_debug.a(list.o)
                0x00014c20                vListInitialiseItem
 .text.vListInsertEnd
                0x00014c3c       0x48 ./../Libraries/FreeRTOS/FreeRTOS/../BCDS_Customization/debug/libFreeRTOS_efm32_debug.a(list.o)
                0x00014c3c                vListInsertEnd
 .text.vListInsert
                0x00014c84       0x74 ./../Libraries/FreeRTOS/FreeRTOS/../BCDS_Customization/debug/libFreeRTOS_efm32_debug.a(list.o)
                0x00014c84                vListInsert
 .text.uxListRemove
                0x00014cf8       0x58 ./../Libraries/FreeRTOS/FreeRTOS/../BCDS_Customization/debug/libFreeRTOS_efm32_debug.a(list.o)
                0x00014cf8                uxListRemove
 .text.I2C_init
                0x00014d50      0x100 ./../Platform/Peripherals/debug/libPeripherals_efm32_debug.a(I2C_cc.o)
                0x00014d50                I2C_init
 .text.I2C_i2cDecodeCallbackFunction
                0x00014e50      0x1b8 ./../Platform/Peripherals/debug/libPeripherals_efm32_debug.a(I2C_cc.o)
                0x00014e50                I2C_i2cDecodeCallbackFunction
 .text.SID_init
                0x00015008       0xc4 ./../Platform/Peripherals/debug/libPeripherals_efm32_debug.a(SID_serialDriverInf_cc.o)
                0x00015008                SID_init
 .text.NVIC_EnableIRQ
                0x000150cc       0x38 ./../Platform/Peripherals/debug/libPeripherals_efm32_debug.a(I2C_efm32Driver_cc.o)
 .text.NVIC_ClearPendingIRQ
                0x00015104       0x3c ./../Platform/Peripherals/debug/libPeripherals_efm32_debug.a(I2C_efm32Driver_cc.o)
 .text.I2C_initCtrSpecific
                0x00015140      0x114 ./../Platform/Peripherals/debug/libPeripherals_efm32_debug.a(I2C_efm32Driver_cc.o)
                0x00015140                I2C_initCtrSpecific
 .text.I2C_startTransfer
                0x00015254       0xac ./../Platform/Peripherals/debug/libPeripherals_efm32_debug.a(I2C_efm32Driver_cc.o)
                0x00015254                I2C_startTransfer
 .text.I2C0_IRQHandler
                0x00015300      0x3b4 ./../Platform/Peripherals/debug/libPeripherals_efm32_debug.a(I2C_efm32Driver_cc.o)
                0x00015300                I2C0_IRQHandler
 .text.I2C1_IRQHandler
                0x000156b4      0x3b4 ./../Platform/Peripherals/debug/libPeripherals_efm32_debug.a(I2C_efm32Driver_cc.o)
                0x000156b4                I2C1_IRQHandler
 .text.I2C_triggerNextI2CTransfer
                0x00015a68      0x138 ./../Platform/Peripherals/debug/libPeripherals_efm32_debug.a(I2C_efm32Driver_cc.o)
                0x00015a68                I2C_triggerNextI2CTransfer
 .text.NVIC_EnableIRQ
                0x00015ba0       0x38 ./../Platform/Peripherals/debug/libPeripherals_efm32_debug.a(PTD_portDriver_cc.o)
 .text.NVIC_ClearPendingIRQ
                0x00015bd8       0x3c ./../Platform/Peripherals/debug/libPeripherals_efm32_debug.a(PTD_portDriver_cc.o)
 .text.GPIO_IntClear
                0x00015c14       0x20 ./../Platform/Peripherals/debug/libPeripherals_efm32_debug.a(PTD_portDriver_cc.o)
 .text.PTD_checkEvenPinConfigured
                0x00015c34       0xd8 ./../Platform/Peripherals/debug/libPeripherals_efm32_debug.a(PTD_portDriver_cc.o)
 .text.PTD_checkOddPinConfigured
                0x00015d0c       0xd8 ./../Platform/Peripherals/debug/libPeripherals_efm32_debug.a(PTD_portDriver_cc.o)
 .text.PTD_portInit
                0x00015de4       0x18 ./../Platform/Peripherals/debug/libPeripherals_efm32_debug.a(PTD_portDriver_cc.o)
                0x00015de4                PTD_portInit
 .text.PTD_portInteruptConfig
                0x00015dfc       0x28 ./../Platform/Peripherals/debug/libPeripherals_efm32_debug.a(PTD_portDriver_cc.o)
                0x00015dfc                PTD_portInteruptConfig
 .text.PTD_setInterruptPinCount
                0x00015e24       0xf0 ./../Platform/Peripherals/debug/libPeripherals_efm32_debug.a(PTD_portDriver_cc.o)
                0x00015e24                PTD_setInterruptPinCount
 .text.PTD_intConfig
                0x00015f14      0x220 ./../Platform/Peripherals/debug/libPeripherals_efm32_debug.a(PTD_portDriver_cc.o)
                0x00015f14                PTD_intConfig
 .text.GPIO_ODD_IRQHandler
                0x00016134       0x98 ./../Platform/Peripherals/debug/libPeripherals_efm32_debug.a(PTD_portDriver_cc.o)
                0x00016134                GPIO_ODD_IRQHandler
 .text.GPIO_EVEN_IRQHandler
                0x000161cc       0x98 ./../Platform/Peripherals/debug/libPeripherals_efm32_debug.a(PTD_portDriver_cc.o)
                0x000161cc                GPIO_EVEN_IRQHandler
 .text.NVIC_EnableIRQ
                0x00016264       0x38 ./../Platform/Peripherals/debug/libPeripherals_efm32_debug.a(SER_serialDriver_cc.o)
 .text.NVIC_ClearPendingIRQ
                0x0001629c       0x3c ./../Platform/Peripherals/debug/libPeripherals_efm32_debug.a(SER_serialDriver_cc.o)
 .text.INT_Disable
                0x000162d8       0x40 ./../Platform/Peripherals/debug/libPeripherals_efm32_debug.a(SER_serialDriver_cc.o)
 .text.INT_Enable
                0x00016318       0x54 ./../Platform/Peripherals/debug/libPeripherals_efm32_debug.a(SER_serialDriver_cc.o)
 .text.SER_callbackMapping
                0x0001636c       0x50 ./../Platform/Peripherals/debug/libPeripherals_efm32_debug.a(SER_serialDriver_cc.o)
 .text.SER_initLeuart
                0x000163bc      0x19c ./../Platform/Peripherals/debug/libPeripherals_efm32_debug.a(SER_serialDriver_cc.o)
 .text.SER_initUsart
                0x00016558      0x25c ./../Platform/Peripherals/debug/libPeripherals_efm32_debug.a(SER_serialDriver_cc.o)
 .text.SER_initUart
                0x000167b4      0x224 ./../Platform/Peripherals/debug/libPeripherals_efm32_debug.a(SER_serialDriver_cc.o)
 .text.SER_serialDisable
                0x000169d8       0x84 ./../Platform/Peripherals/debug/libPeripherals_efm32_debug.a(SER_serialDriver_cc.o)
                0x000169d8                SER_serialDisable
 .text.SER_serialInit
                0x00016a5c      0x100 ./../Platform/Peripherals/debug/libPeripherals_efm32_debug.a(SER_serialDriver_cc.o)
                0x00016a5c                SER_serialInit
 .text.SER_serialWrite
                0x00016b5c      0x124 ./../Platform/Peripherals/debug/libPeripherals_efm32_debug.a(SER_serialDriver_cc.o)
                0x00016b5c                SER_serialWrite
 .text.SER_serialRead
                0x00016c80       0x88 ./../Platform/Peripherals/debug/libPeripherals_efm32_debug.a(SER_serialDriver_cc.o)
                0x00016c80                SER_serialRead
 .text.LEUART0_IRQHandler
                0x00016d08      0x150 ./../Platform/Peripherals/debug/libPeripherals_efm32_debug.a(SER_serialDriver_cc.o)
                0x00016d08                LEUART0_IRQHandler
 .text.LEUART1_IRQHandler
                0x00016e58      0x148 ./../Platform/Peripherals/debug/libPeripherals_efm32_debug.a(SER_serialDriver_cc.o)
                0x00016e58                LEUART1_IRQHandler
 .text.USART0_TX_IRQHandler
                0x00016fa0       0xac ./../Platform/Peripherals/debug/libPeripherals_efm32_debug.a(SER_serialDriver_cc.o)
                0x00016fa0                USART0_TX_IRQHandler
 .text.USART0_RX_IRQHandler
                0x0001704c       0xa0 ./../Platform/Peripherals/debug/libPeripherals_efm32_debug.a(SER_serialDriver_cc.o)
                0x0001704c                USART0_RX_IRQHandler
 .text.USART1_TX_IRQHandler
                0x000170ec       0xa8 ./../Platform/Peripherals/debug/libPeripherals_efm32_debug.a(SER_serialDriver_cc.o)
                0x000170ec                USART1_TX_IRQHandler
 .text.USART1_RX_IRQHandler
                0x00017194       0xa4 ./../Platform/Peripherals/debug/libPeripherals_efm32_debug.a(SER_serialDriver_cc.o)
                0x00017194                USART1_RX_IRQHandler
 .text.USART2_TX_IRQHandler
                0x00017238       0xa8 ./../Platform/Peripherals/debug/libPeripherals_efm32_debug.a(SER_serialDriver_cc.o)
                0x00017238                USART2_TX_IRQHandler
 .text.USART2_RX_IRQHandler
                0x000172e0       0xa0 ./../Platform/Peripherals/debug/libPeripherals_efm32_debug.a(SER_serialDriver_cc.o)
                0x000172e0                USART2_RX_IRQHandler
 .text.UART0_TX_IRQHandler
                0x00017380       0x94 ./../Platform/Peripherals/debug/libPeripherals_efm32_debug.a(SER_serialDriver_cc.o)
                0x00017380                UART0_TX_IRQHandler
 .text.UART0_RX_IRQHandler
                0x00017414       0xa0 ./../Platform/Peripherals/debug/libPeripherals_efm32_debug.a(SER_serialDriver_cc.o)
                0x00017414                UART0_RX_IRQHandler
 .text.UART1_TX_IRQHandler
                0x000174b4       0x8c ./../Platform/Peripherals/debug/libPeripherals_efm32_debug.a(SER_serialDriver_cc.o)
                0x000174b4                UART1_TX_IRQHandler
 .text.UART1_RX_IRQHandler
                0x00017540       0xa0 ./../Platform/Peripherals/debug/libPeripherals_efm32_debug.a(SER_serialDriver_cc.o)
                0x00017540                UART1_RX_IRQHandler
 .text.USB_setSerialNumber
                0x000175e0       0x7c ./../Platform/Peripherals/debug/libPeripherals_efm32_debug.a(USB_cc.o)
 .text.USB_dataReceivedCallback
                0x0001765c       0x98 ./../Platform/Peripherals/debug/libPeripherals_efm32_debug.a(USB_cc.o)
 .text.USB_dataTransferred
                0x000176f4       0x4c ./../Platform/Peripherals/debug/libPeripherals_efm32_debug.a(USB_cc.o)
 .text.USB_stateChange
                0x00017740       0x58 ./../Platform/Peripherals/debug/libPeripherals_efm32_debug.a(USB_cc.o)
                0x00017740                USB_stateChange
 .text.USB_setupCommand
                0x00017798      0x108 ./../Platform/Peripherals/debug/libPeripherals_efm32_debug.a(USB_cc.o)
                0x00017798                USB_setupCommand
 .text.USB_init
                0x000178a0       0xd0 ./../Platform/Peripherals/debug/libPeripherals_efm32_debug.a(USB_cc.o)
                0x000178a0                USB_init
 .text.USB_receiveByte
                0x00017970       0xa0 ./../Platform/Peripherals/debug/libPeripherals_efm32_debug.a(USB_cc.o)
                0x00017970                USB_receiveByte
 .text.RETARGET_WriteChar
                0x00017a10       0x2c ./../Platform/Peripherals/debug/libPeripherals_efm32_debug.a(USB_cc.o)
                0x00017a10                RETARGET_WriteChar
 .text.USB_transmitData
                0x00017a3c       0xc4 ./../Platform/Peripherals/debug/libPeripherals_efm32_debug.a(USB_cc.o)
                0x00017a3c                USB_transmitData
 .text.RETARGET_ReadChar
                0x00017b00       0x24 ./../Platform/Peripherals/debug/libPeripherals_efm32_debug.a(USB_cc.o)
                0x00017b00                RETARGET_ReadChar
 .text.USB_callBackMapping
                0x00017b24       0x38 ./../Platform/Peripherals/debug/libPeripherals_efm32_debug.a(USB_cc.o)
                0x00017b24                USB_callBackMapping
 .text.BITBAND_Peripheral
                0x00017b5c       0x30 ./../Libraries/EMlib/EMLib/../BCDS_Customization/debug/libEMLib_efm32_debug.a(em_cmu.o)
 .text.CMU_MaxFreqHfle
                0x00017b8c       0xb8 ./../Libraries/EMlib/EMLib/../BCDS_Customization/debug/libEMLib_efm32_debug.a(em_cmu.o)
 .text.CMU_FlashWaitStateMax
                0x00017c44       0x68 ./../Libraries/EMlib/EMLib/../BCDS_Customization/debug/libEMLib_efm32_debug.a(em_cmu.o)
 .text.CMU_DivToLog2
                0x00017cac       0x38 ./../Libraries/EMlib/EMLib/../BCDS_Customization/debug/libEMLib_efm32_debug.a(em_cmu.o)
 .text.CMU_FlashWaitStateControl
                0x00017ce4       0xf4 ./../Libraries/EMlib/EMLib/../BCDS_Customization/debug/libEMLib_efm32_debug.a(em_cmu.o)
 .text.CMU_USBCClkGet
                0x00017dd8       0x50 ./../Libraries/EMlib/EMLib/../BCDS_Customization/debug/libEMLib_efm32_debug.a(em_cmu.o)
 .text.CMU_AUXClkGet
                0x00017e28       0x9c ./../Libraries/EMlib/EMLib/../BCDS_Customization/debug/libEMLib_efm32_debug.a(em_cmu.o)
 .text.CMU_DBGClkGet
                0x00017ec4       0x64 ./../Libraries/EMlib/EMLib/../BCDS_Customization/debug/libEMLib_efm32_debug.a(em_cmu.o)
 .text.CMU_LFClkGet
                0x00017f28       0xd4 ./../Libraries/EMlib/EMLib/../BCDS_Customization/debug/libEMLib_efm32_debug.a(em_cmu.o)
 .text.CMU_Sync
                0x00017ffc       0x3c ./../Libraries/EMlib/EMLib/../BCDS_Customization/debug/libEMLib_efm32_debug.a(em_cmu.o)
 .text.CMU_ClockDivSet
                0x00018038      0x298 ./../Libraries/EMlib/EMLib/../BCDS_Customization/debug/libEMLib_efm32_debug.a(em_cmu.o)
                0x00018038                CMU_ClockDivSet
 .text.CMU_ClockEnable
                0x000182d0      0x10c ./../Libraries/EMlib/EMLib/../BCDS_Customization/debug/libEMLib_efm32_debug.a(em_cmu.o)
                0x000182d0                CMU_ClockEnable
 .text.CMU_ClockFreqGet
                0x000183dc      0x1e8 ./../Libraries/EMlib/EMLib/../BCDS_Customization/debug/libEMLib_efm32_debug.a(em_cmu.o)
                0x000183dc                CMU_ClockFreqGet
 .text.CMU_ClockSelectGet
                0x000185c4      0x1a4 ./../Libraries/EMlib/EMLib/../BCDS_Customization/debug/libEMLib_efm32_debug.a(em_cmu.o)
                0x000185c4                CMU_ClockSelectGet
 .text.CMU_ClockSelectSet
                0x00018768      0x38c ./../Libraries/EMlib/EMLib/../BCDS_Customization/debug/libEMLib_efm32_debug.a(em_cmu.o)
                0x00018768                CMU_ClockSelectSet
 .text.CMU_OscillatorEnable
                0x00018af4       0xe8 ./../Libraries/EMlib/EMLib/../BCDS_Customization/debug/libEMLib_efm32_debug.a(em_cmu.o)
                0x00018af4                CMU_OscillatorEnable
 .text.EMU_UpdateOscConfig
                0x00018bdc       0x20 ./../Libraries/EMlib/EMLib/../BCDS_Customization/debug/libEMLib_efm32_debug.a(em_emu.o)
                0x00018bdc                EMU_UpdateOscConfig
 .text.BITBAND_Peripheral
                0x00018bfc       0x30 ./../Libraries/EMlib/EMLib/../BCDS_Customization/debug/libEMLib_efm32_debug.a(em_gpio.o)
 .text.GPIO_DriveModeSet
                0x00018c2c       0x60 ./../Libraries/EMlib/EMLib/../BCDS_Customization/debug/libEMLib_efm32_debug.a(em_gpio.o)
                0x00018c2c                GPIO_DriveModeSet
 .text.GPIO_IntConfig
                0x00018c8c       0xf4 ./../Libraries/EMlib/EMLib/../BCDS_Customization/debug/libEMLib_efm32_debug.a(em_gpio.o)
                0x00018c8c                GPIO_IntConfig
 .text.GPIO_PinModeSet
                0x00018d80      0x1b8 ./../Libraries/EMlib/EMLib/../BCDS_Customization/debug/libEMLib_efm32_debug.a(em_gpio.o)
                0x00018d80                GPIO_PinModeSet
 .text.BITBAND_Peripheral
                0x00018f38       0x30 ./../Libraries/EMlib/EMLib/../BCDS_Customization/debug/libEMLib_efm32_debug.a(em_i2c.o)
 .text.I2C_BusFreqSet
                0x00018f68       0x94 ./../Libraries/EMlib/EMLib/../BCDS_Customization/debug/libEMLib_efm32_debug.a(em_i2c.o)
                0x00018f68                I2C_BusFreqSet
 .text.I2C_Init
                0x00018ffc       0x84 ./../Libraries/EMlib/EMLib/../BCDS_Customization/debug/libEMLib_efm32_debug.a(em_i2c.o)
                0x00018ffc                I2C_Init
 .text.LEUART_Sync
                0x00019080       0x34 ./../Libraries/EMlib/EMLib/../BCDS_Customization/debug/libEMLib_efm32_debug.a(em_leuart.o)
 .text.LEUART_BaudrateSet
                0x000190b4       0x90 ./../Libraries/EMlib/EMLib/../BCDS_Customization/debug/libEMLib_efm32_debug.a(em_leuart.o)
                0x000190b4                LEUART_BaudrateSet
 .text.LEUART_Enable
                0x00019144       0x60 ./../Libraries/EMlib/EMLib/../BCDS_Customization/debug/libEMLib_efm32_debug.a(em_leuart.o)
                0x00019144                LEUART_Enable
 .text.LEUART_FreezeEnable
                0x000191a4       0x38 ./../Libraries/EMlib/EMLib/../BCDS_Customization/debug/libEMLib_efm32_debug.a(em_leuart.o)
                0x000191a4                LEUART_FreezeEnable
 .text.LEUART_Init
                0x000191dc       0x8c ./../Libraries/EMlib/EMLib/../BCDS_Customization/debug/libEMLib_efm32_debug.a(em_leuart.o)
                0x000191dc                LEUART_Init
 .text.LEUART_Reset
                0x00019268       0x88 ./../Libraries/EMlib/EMLib/../BCDS_Customization/debug/libEMLib_efm32_debug.a(em_leuart.o)
                0x00019268                LEUART_Reset
 .text.USART_BaudrateAsyncSet
                0x000192f0       0xd0 ./../Libraries/EMlib/EMLib/../BCDS_Customization/debug/libEMLib_efm32_debug.a(em_usart.o)
                0x000192f0                USART_BaudrateAsyncSet
 .text.USART_Enable
                0x000193c0       0x7c ./../Libraries/EMlib/EMLib/../BCDS_Customization/debug/libEMLib_efm32_debug.a(em_usart.o)
                0x000193c0                USART_Enable
 .text.USART_InitAsync
                0x0001943c       0xbc ./../Libraries/EMlib/EMLib/../BCDS_Customization/debug/libEMLib_efm32_debug.a(em_usart.o)
                0x0001943c                USART_InitAsync
 .text.USART_Reset
                0x000194f8       0xd8 ./../Libraries/EMlib/EMLib/../BCDS_Customization/debug/libEMLib_efm32_debug.a(em_usart.o)
                0x000194f8                USART_Reset
 .text.NVIC_EnableIRQ
                0x000195d0       0x38 ./../Libraries/EMlib/EMLib/../BCDS_Customization/debug/libEMLib_efm32_debug.a(em_usbd.o)
 .text.NVIC_ClearPendingIRQ
                0x00019608       0x3c ./../Libraries/EMlib/EMLib/../BCDS_Customization/debug/libEMLib_efm32_debug.a(em_usbd.o)
 .text.INT_Disable
                0x00019644       0x40 ./../Libraries/EMlib/EMLib/../BCDS_Customization/debug/libEMLib_efm32_debug.a(em_usbd.o)
 .text.INT_Enable
                0x00019684       0x54 ./../Libraries/EMlib/EMLib/../BCDS_Customization/debug/libEMLib_efm32_debug.a(em_usbd.o)
 .text.USBHAL_DisableGlobalInt
                0x000196d8       0x34 ./../Libraries/EMlib/EMLib/../BCDS_Customization/debug/libEMLib_efm32_debug.a(em_usbd.o)
 .text.USBHAL_EnableGlobalInt
                0x0001970c       0x34 ./../Libraries/EMlib/EMLib/../BCDS_Customization/debug/libEMLib_efm32_debug.a(em_usbd.o)
 .text.USBDHAL_EnableUsbResetAndSuspendInt
                0x00019740       0x38 ./../Libraries/EMlib/EMLib/../BCDS_Customization/debug/libEMLib_efm32_debug.a(em_usbd.o)
 .text.USBDHAL_EpIsStalled
                0x00019778       0x3c ./../Libraries/EMlib/EMLib/../BCDS_Customization/debug/libEMLib_efm32_debug.a(em_usbd.o)
 .text.USBDHAL_GetStallStatusEp
                0x000197b4       0xc0 ./../Libraries/EMlib/EMLib/../BCDS_Customization/debug/libEMLib_efm32_debug.a(em_usbd.o)
 .text.USBDHAL_SetEp0InDmaPtr
                0x00019874       0x28 ./../Libraries/EMlib/EMLib/../BCDS_Customization/debug/libEMLib_efm32_debug.a(em_usbd.o)
 .text.USBDHAL_SetEp0OutDmaPtr
                0x0001989c       0x28 ./../Libraries/EMlib/EMLib/../BCDS_Customization/debug/libEMLib_efm32_debug.a(em_usbd.o)
 .text.USBDHAL_StartEp0In
                0x000198c4       0x5c ./../Libraries/EMlib/EMLib/../BCDS_Customization/debug/libEMLib_efm32_debug.a(em_usbd.o)
 .text.USBDHAL_StartEp0Out
                0x00019920       0x5c ./../Libraries/EMlib/EMLib/../BCDS_Customization/debug/libEMLib_efm32_debug.a(em_usbd.o)
 .text.USBDHAL_StartEpIn
                0x0001997c       0xc8 ./../Libraries/EMlib/EMLib/../BCDS_Customization/debug/libEMLib_efm32_debug.a(em_usbd.o)
 .text.USBDHAL_StartEpOut
                0x00019a44       0xd4 ./../Libraries/EMlib/EMLib/../BCDS_Customization/debug/libEMLib_efm32_debug.a(em_usbd.o)
 .text.USBD_ArmEp
                0x00019b18       0x28 ./../Libraries/EMlib/EMLib/../BCDS_Customization/debug/libEMLib_efm32_debug.a(em_usbd.o)
 .text.USBD_ArmEp0
                0x00019b40       0x88 ./../Libraries/EMlib/EMLib/../BCDS_Customization/debug/libEMLib_efm32_debug.a(em_usbd.o)
 .text.USBD_ArmEpN
                0x00019bc8       0x28 ./../Libraries/EMlib/EMLib/../BCDS_Customization/debug/libEMLib_efm32_debug.a(em_usbd.o)
 .text.USBD_GetEpFromAddr
                0x00019bf0       0xa0 ./../Libraries/EMlib/EMLib/../BCDS_Customization/debug/libEMLib_efm32_debug.a(em_usbd.o)
 .text.USBD_Disconnect
                0x00019c90       0x14 ./../Libraries/EMlib/EMLib/../BCDS_Customization/debug/libEMLib_efm32_debug.a(em_usbd.o)
                0x00019c90                USBD_Disconnect
 .text.USBD_GetUsbState
                0x00019ca4       0x1c ./../Libraries/EMlib/EMLib/../BCDS_Customization/debug/libEMLib_efm32_debug.a(em_usbd.o)
                0x00019ca4                USBD_GetUsbState
 .text.USBD_Init
                0x00019cc0      0x4fc ./../Libraries/EMlib/EMLib/../BCDS_Customization/debug/libEMLib_efm32_debug.a(em_usbd.o)
                0x00019cc0                USBD_Init
 .text.USBD_Read
                0x0001a1bc      0x108 ./../Libraries/EMlib/EMLib/../BCDS_Customization/debug/libEMLib_efm32_debug.a(em_usbd.o)
                0x0001a1bc                USBD_Read
 .text.USBD_SetUsbState
                0x0001a2c4       0x98 ./../Libraries/EMlib/EMLib/../BCDS_Customization/debug/libEMLib_efm32_debug.a(em_usbd.o)
                0x0001a2c4                USBD_SetUsbState
 .text.USBD_Write
                0x0001a35c      0x10c ./../Libraries/EMlib/EMLib/../BCDS_Customization/debug/libEMLib_efm32_debug.a(em_usbd.o)
                0x0001a35c                USBD_Write
 .text.NVIC_ClearPendingIRQ
                0x0001a468       0x3c ./../Libraries/EMlib/EMLib/../BCDS_Customization/debug/libEMLib_efm32_debug.a(em_usbhal.o)
 .text.INT_Disable
                0x0001a4a4       0x40 ./../Libraries/EMlib/EMLib/../BCDS_Customization/debug/libEMLib_efm32_debug.a(em_usbhal.o)
 .text.INT_Enable
                0x0001a4e4       0x54 ./../Libraries/EMlib/EMLib/../BCDS_Customization/debug/libEMLib_efm32_debug.a(em_usbhal.o)
 .text.USBHAL_FlushRxFifo
                0x0001a538       0x3c ./../Libraries/EMlib/EMLib/../BCDS_Customization/debug/libEMLib_efm32_debug.a(em_usbhal.o)
 .text.USBHAL_FlushTxFifo
                0x0001a574       0x4c ./../Libraries/EMlib/EMLib/../BCDS_Customization/debug/libEMLib_efm32_debug.a(em_usbhal.o)
 .text.USBDHAL_DeactivateEp
                0x0001a5c0       0x88 ./../Libraries/EMlib/EMLib/../BCDS_Customization/debug/libEMLib_efm32_debug.a(em_usbhal.o)
 .text.USBDHAL_GetInEpInts
                0x0001a648       0x44 ./../Libraries/EMlib/EMLib/../BCDS_Customization/debug/libEMLib_efm32_debug.a(em_usbhal.o)
 .text.USBDHAL_GetOutEpInts
                0x0001a68c       0x44 ./../Libraries/EMlib/EMLib/../BCDS_Customization/debug/libEMLib_efm32_debug.a(em_usbhal.o)
 .text.USBDHAL_SetEPDISNAK
                0x0001a6d0       0xac ./../Libraries/EMlib/EMLib/../BCDS_Customization/debug/libEMLib_efm32_debug.a(em_usbhal.o)
 .text.USBD_GetEpFromAddr
                0x0001a77c       0xa0 ./../Libraries/EMlib/EMLib/../BCDS_Customization/debug/libEMLib_efm32_debug.a(em_usbhal.o)
 .text.USBHAL_CoreReset
                0x0001a81c       0xbc ./../Libraries/EMlib/EMLib/../BCDS_Customization/debug/libEMLib_efm32_debug.a(em_usbhal.o)
                0x0001a81c                USBHAL_CoreReset
 .text.USBDHAL_CoreInit
                0x0001a8d8      0x3ec ./../Libraries/EMlib/EMLib/../BCDS_Customization/debug/libEMLib_efm32_debug.a(em_usbhal.o)
                0x0001a8d8                USBDHAL_CoreInit
 .text.USBDHAL_Disconnect
                0x0001acc4       0x3c ./../Libraries/EMlib/EMLib/../BCDS_Customization/debug/libEMLib_efm32_debug.a(em_usbhal.o)
                0x0001acc4                USBDHAL_Disconnect
 .text.USBDHAL_AbortAllEps
                0x0001ad00      0x53c ./../Libraries/EMlib/EMLib/../BCDS_Customization/debug/libEMLib_efm32_debug.a(em_usbhal.o)
                0x0001ad00                USBDHAL_AbortAllEps
 .text.USBDHAL_AbortAllTransfers
                0x0001b23c       0xc8 ./../Libraries/EMlib/EMLib/../BCDS_Customization/debug/libEMLib_efm32_debug.a(em_usbhal.o)
                0x0001b23c                USBDHAL_AbortAllTransfers
 .text.USBDHAL_ReenableEp0Setup
                0x0001b304       0x60 ./../Libraries/EMlib/EMLib/../BCDS_Customization/debug/libEMLib_efm32_debug.a(em_usbdep.o)
 .text.USBDHAL_StallEp
                0x0001b364       0xcc ./../Libraries/EMlib/EMLib/../BCDS_Customization/debug/libEMLib_efm32_debug.a(em_usbdep.o)
 .text.USBDHAL_StartEp0In
                0x0001b430       0x5c ./../Libraries/EMlib/EMLib/../BCDS_Customization/debug/libEMLib_efm32_debug.a(em_usbdep.o)
 .text.USBDHAL_StartEp0Out
                0x0001b48c       0x5c ./../Libraries/EMlib/EMLib/../BCDS_Customization/debug/libEMLib_efm32_debug.a(em_usbdep.o)
 .text.USBD_GetEpFromAddr
                0x0001b4e8       0xa0 ./../Libraries/EMlib/EMLib/../BCDS_Customization/debug/libEMLib_efm32_debug.a(em_usbdep.o)
 .text.USBD_ReArmEp0
                0x0001b588       0x64 ./../Libraries/EMlib/EMLib/../BCDS_Customization/debug/libEMLib_efm32_debug.a(em_usbdep.o)
 .text.USBDEP_Ep0Handler
                0x0001b5ec      0x300 ./../Libraries/EMlib/EMLib/../BCDS_Customization/debug/libEMLib_efm32_debug.a(em_usbdep.o)
                0x0001b5ec                USBDEP_Ep0Handler
 .text.USBDEP_EpHandler
                0x0001b8ec       0x60 ./../Libraries/EMlib/EMLib/../BCDS_Customization/debug/libEMLib_efm32_debug.a(em_usbdep.o)
                0x0001b8ec                USBDEP_EpHandler
 .text.TIMER_CounterGet
                0x0001b94c       0x18 ./../Libraries/EMlib/EMLib/../BCDS_Customization/debug/libEMLib_efm32_debug.a(em_usbtimer.o)
 .text.TIMER_TopSet
                0x0001b964       0x1c ./../Libraries/EMlib/EMLib/../BCDS_Customization/debug/libEMLib_efm32_debug.a(em_usbtimer.o)
 .text.DelayTicks
                0x0001b980       0x4c ./../Libraries/EMlib/EMLib/../BCDS_Customization/debug/libEMLib_efm32_debug.a(em_usbtimer.o)
 .text.USBTIMER_DelayMs
                0x0001b9cc       0x84 ./../Libraries/EMlib/EMLib/../BCDS_Customization/debug/libEMLib_efm32_debug.a(em_usbtimer.o)
                0x0001b9cc                USBTIMER_DelayMs
 .text.USBTIMER_DelayUs
                0x0001ba50      0x124 ./../Libraries/EMlib/EMLib/../BCDS_Customization/debug/libEMLib_efm32_debug.a(em_usbtimer.o)
                0x0001ba50                USBTIMER_DelayUs
 .text.USBTIMER_Init
                0x0001bb74      0x188 ./../Libraries/EMlib/EMLib/../BCDS_Customization/debug/libEMLib_efm32_debug.a(em_usbtimer.o)
                0x0001bb74                USBTIMER_Init
 .text.GetProdRev
                0x0001bcfc       0x1c ./../Libraries/EMlib/EMLib/../BCDS_Customization/debug/libEMLib_efm32_debug.a(system_efm32gg.o)
 .text.SystemCoreClockGet
                0x0001bd18       0x58 ./../Libraries/EMlib/EMLib/../BCDS_Customization/debug/libEMLib_efm32_debug.a(system_efm32gg.o)
                0x0001bd18                SystemCoreClockGet
 .text.SystemHFClockGet
                0x0001bd70      0x110 ./../Libraries/EMlib/EMLib/../BCDS_Customization/debug/libEMLib_efm32_debug.a(system_efm32gg.o)
                0x0001bd70                SystemHFClockGet
 .text.SystemHFXOClockGet
                0x0001be80       0x18 ./../Libraries/EMlib/EMLib/../BCDS_Customization/debug/libEMLib_efm32_debug.a(system_efm32gg.o)
                0x0001be80                SystemHFXOClockGet
 .text.SystemInit
                0x0001be98        0xc ./../Libraries/EMlib/EMLib/../BCDS_Customization/debug/libEMLib_efm32_debug.a(system_efm32gg.o)
                0x0001be98                SystemInit
 .text.SystemLFRCOClockGet
                0x0001bea4       0x10 ./../Libraries/EMlib/EMLib/../BCDS_Customization/debug/libEMLib_efm32_debug.a(system_efm32gg.o)
                0x0001bea4                SystemLFRCOClockGet
 .text.SystemULFRCOClockGet
                0x0001beb4       0x10 ./../Libraries/EMlib/EMLib/../BCDS_Customization/debug/libEMLib_efm32_debug.a(system_efm32gg.o)
                0x0001beb4                SystemULFRCOClockGet
 .text.SystemLFXOClockGet
                0x0001bec4       0x18 ./../Libraries/EMlib/EMLib/../BCDS_Customization/debug/libEMLib_efm32_debug.a(system_efm32gg.o)
                0x0001bec4                SystemLFXOClockGet
 .text.TIMER_Init
                0x0001bedc      0x134 ./../Libraries/EMlib/EMLib/../BCDS_Customization/debug/libEMLib_efm32_debug.a(em_timer.o)
                0x0001bedc                TIMER_Init
 .text.TIMER_InitCC
                0x0001c010       0xec ./../Libraries/EMlib/EMLib/../BCDS_Customization/debug/libEMLib_efm32_debug.a(em_timer.o)
                0x0001c010                TIMER_InitCC
 .text.TIMER_Reset
                0x0001c0fc      0x108 ./../Libraries/EMlib/EMLib/../BCDS_Customization/debug/libEMLib_efm32_debug.a(em_timer.o)
                0x0001c0fc                TIMER_Reset
 .text.USBDHAL_ActivateEp
                0x0001c204      0x148 ./../Libraries/EMlib/EMLib/../BCDS_Customization/debug/libEMLib_efm32_debug.a(em_usbdch9.o)
 .text.USBDHAL_DeactivateEp
                0x0001c34c       0x88 ./../Libraries/EMlib/EMLib/../BCDS_Customization/debug/libEMLib_efm32_debug.a(em_usbdch9.o)
 .text.USBDHAL_GetStallStatusEp
                0x0001c3d4       0xc0 ./../Libraries/EMlib/EMLib/../BCDS_Customization/debug/libEMLib_efm32_debug.a(em_usbdch9.o)
 .text.USBDHAL_SetAddr
                0x0001c494       0x3c ./../Libraries/EMlib/EMLib/../BCDS_Customization/debug/libEMLib_efm32_debug.a(em_usbdch9.o)
 .text.USBDHAL_StallEp
                0x0001c4d0       0xcc ./../Libraries/EMlib/EMLib/../BCDS_Customization/debug/libEMLib_efm32_debug.a(em_usbdch9.o)
 .text.USBDHAL_UnStallEp
                0x0001c59c       0xe4 ./../Libraries/EMlib/EMLib/../BCDS_Customization/debug/libEMLib_efm32_debug.a(em_usbdch9.o)
 .text.USBD_ActivateAllEps
                0x0001c680       0x54 ./../Libraries/EMlib/EMLib/../BCDS_Customization/debug/libEMLib_efm32_debug.a(em_usbdch9.o)
 .text.USBD_DeactivateAllEps
                0x0001c6d4       0x68 ./../Libraries/EMlib/EMLib/../BCDS_Customization/debug/libEMLib_efm32_debug.a(em_usbdch9.o)
 .text.USBD_GetEpFromAddr
                0x0001c73c       0xa0 ./../Libraries/EMlib/EMLib/../BCDS_Customization/debug/libEMLib_efm32_debug.a(em_usbdch9.o)
 .text.USBDCH9_SetupCmd
                0x0001c7dc       0xec ./../Libraries/EMlib/EMLib/../BCDS_Customization/debug/libEMLib_efm32_debug.a(em_usbdch9.o)
                0x0001c7dc                USBDCH9_SetupCmd
 .text.ClearFeature
                0x0001c8c8       0xcc ./../Libraries/EMlib/EMLib/../BCDS_Customization/debug/libEMLib_efm32_debug.a(em_usbdch9.o)
 .text.GetConfiguration
                0x0001c994       0xb8 ./../Libraries/EMlib/EMLib/../BCDS_Customization/debug/libEMLib_efm32_debug.a(em_usbdch9.o)
 .text.GetDescriptor
                0x0001ca4c      0x10c ./../Libraries/EMlib/EMLib/../BCDS_Customization/debug/libEMLib_efm32_debug.a(em_usbdch9.o)
 .text.GetInterface
                0x0001cb58       0x94 ./../Libraries/EMlib/EMLib/../BCDS_Customization/debug/libEMLib_efm32_debug.a(em_usbdch9.o)
 .text.GetStatus
                0x0001cbec      0x1b4 ./../Libraries/EMlib/EMLib/../BCDS_Customization/debug/libEMLib_efm32_debug.a(em_usbdch9.o)
 .text.SetAddress
                0x0001cda0       0xb4 ./../Libraries/EMlib/EMLib/../BCDS_Customization/debug/libEMLib_efm32_debug.a(em_usbdch9.o)
 .text.SetConfiguration
                0x0001ce54      0x10c ./../Libraries/EMlib/EMLib/../BCDS_Customization/debug/libEMLib_efm32_debug.a(em_usbdch9.o)
 .text.SetFeature
                0x0001cf60      0x100 ./../Libraries/EMlib/EMLib/../BCDS_Customization/debug/libEMLib_efm32_debug.a(em_usbdch9.o)
 .text.SetInterface
                0x0001d060       0x68 ./../Libraries/EMlib/EMLib/../BCDS_Customization/debug/libEMLib_efm32_debug.a(em_usbdch9.o)
 .text.GPIO_PinOutClear
                0x0001d0c8       0x4c ../Common/debug/XDKCommon_efm32_debug.a(SystemStartup.o)
 .text.GPIO_PinOutSet
                0x0001d114       0x4c ../Common/debug/XDKCommon_efm32_debug.a(SystemStartup.o)
 .text.systemStartup
                0x0001d160       0x88 ../Common/debug/XDKCommon_efm32_debug.a(SystemStartup.o)
                0x0001d160                systemStartup
 .text.vApplicationStackOverflowHook
                0x0001d1e8       0x80 ../Common/debug/XDKCommon_efm32_debug.a(SystemStartup.o)
                0x0001d1e8                vApplicationStackOverflowHook
 .text.Retcode_getPackage
                0x0001d268       0x1c ../Common/debug/XDKCommon_efm32_debug.a(BoardInitialization.o)
 .text.NVIC_SetPriority
                0x0001d284       0x5c ../Common/debug/XDKCommon_efm32_debug.a(BoardInitialization.o)
 .text.CHIP_Init
                0x0001d2e0       0x50 ../Common/debug/XDKCommon_efm32_debug.a(BoardInitialization.o)
 .text.GPIO_PinOutSet
                0x0001d330       0x4c ../Common/debug/XDKCommon_efm32_debug.a(BoardInitialization.o)
 .text.ErrorHandlingFunc
                0x0001d37c       0x2c ../Common/debug/XDKCommon_efm32_debug.a(BoardInitialization.o)
 .text.bleGetPublicAddress
                0x0001d3a8      0x104 ../Common/debug/XDKCommon_efm32_debug.a(BoardInitialization.o)
 .text.customizeInterruptPriority
                0x0001d4ac      0x1d0 ../Common/debug/XDKCommon_efm32_debug.a(BoardInitialization.o)
                0x0001d4ac                customizeInterruptPriority
 .text.assertIndicationMapping
                0x0001d67c       0x84 ../Common/debug/XDKCommon_efm32_debug.a(BoardInitialization.o)
                0x0001d67c                assertIndicationMapping
 .text.boardInit
                0x0001d700       0x10 ../Common/debug/XDKCommon_efm32_debug.a(BoardInitialization.o)
                0x0001d700                boardInit
 .text.boardStartup
                0x0001d710       0xe0 ../Common/debug/XDKCommon_efm32_debug.a(BoardInitialization.o)
                0x0001d710                boardStartup
 .text.NVIC_SystemReset
                0x0001d7f0       0x30 ../Common/debug/XDKCommon_efm32_debug.a(UsbResetUtility.o)
 .text.UsbResetUtility_SystemReset
                0x0001d820       0x10 ../Common/debug/XDKCommon_efm32_debug.a(UsbResetUtility.o)
 .text.UsbResetUtility_InteruptHandling
                0x0001d830       0x5c ../Common/debug/XDKCommon_efm32_debug.a(UsbResetUtility.o)
 .text.UsbResetUtility_Init
                0x0001d88c       0x48 ../Common/debug/XDKCommon_efm32_debug.a(UsbResetUtility.o)
                0x0001d88c                UsbResetUtility_Init
 .text.UsbResetUtility_UsbISRCallback
                0x0001d8d4      0x148 ../Common/debug/XDKCommon_efm32_debug.a(UsbResetUtility.o)
                0x0001d8d4                UsbResetUtility_UsbISRCallback
 .text.resetGpioConfig
                0x0001da1c      0x3f8 ../Common/debug/XDKCommon_efm32_debug.a(GpioConfig.o)
                0x0001da1c                resetGpioConfig
 .text.RingBuf_Init
                0x0001de14       0x38 ./../Platform/Utils/debug/libUtils_efm32_debug.a(RB_ringBuffer.o)
                0x0001de14                RingBuf_Init
 .text.RingBuf_Write
                0x0001de4c       0xdc ./../Platform/Utils/debug/libUtils_efm32_debug.a(RB_ringBuffer.o)
                0x0001de4c                RingBuf_Write
 .text.RingBuf_Read
                0x0001df28       0xd4 ./../Platform/Utils/debug/libUtils_efm32_debug.a(RB_ringBuffer.o)
                0x0001df28                RingBuf_Read
 .text.Assert_initialize
                0x0001dffc       0x48 ./../Platform/Basics/debug/libBasics_efm32_debug.a(Assert.o)
                0x0001dffc                Assert_initialize
 .text.Assert_dynamic
                0x0001e044       0x2c ./../Platform/Basics/debug/libBasics_efm32_debug.a(Assert.o)
                0x0001e044                Assert_dynamic
 .text.defaultErrorHandlingFunc
                0x0001e070       0x14 ./../Platform/Basics/debug/libBasics_efm32_debug.a(Retcode.o)
 .text.Retcode_initialize
                0x0001e084       0x38 ./../Platform/Basics/debug/libBasics_efm32_debug.a(Retcode.o)
                0x0001e084                Retcode_initialize
 .text.Retcode_raiseError
                0x0001e0bc       0x20 ./../Platform/Basics/debug/libBasics_efm32_debug.a(Retcode.o)
                0x0001e0bc                Retcode_raiseError
 .text.Retcode_compose
                0x0001e0dc       0x50 ./../Platform/Basics/debug/libBasics_efm32_debug.a(Retcode.o)
                0x0001e0dc                Retcode_compose
 .text.GPIO_PinInGet
                0x0001e12c       0x4c ./../Platform/Power/debug/libPOWER_efm32_debug.a(BatteryMonitor.o)
 .text.GPIO_PinOutClear
                0x0001e178       0x4c ./../Platform/Power/debug/libPOWER_efm32_debug.a(BatteryMonitor.o)
 .text.enableBatteryCharging
                0x0001e1c4       0x14 ./../Platform/Power/debug/libPOWER_efm32_debug.a(BatteryMonitor.o)
 .text.classifyBatteryLevel
                0x0001e1d8       0xb4 ./../Platform/Power/debug/libPOWER_efm32_debug.a(BatteryMonitor.o)
 .text.stabilizeBatteryLevel
                0x0001e28c      0x1c8 ./../Platform/Power/debug/libPOWER_efm32_debug.a(BatteryMonitor.o)
 .text.analyseBatteryState
                0x0001e454       0x3c ./../Platform/Power/debug/libPOWER_efm32_debug.a(BatteryMonitor.o)
 .text.monitorBattery
                0x0001e490      0x128 ./../Platform/Power/debug/libPOWER_efm32_debug.a(BatteryMonitor.o)
 .text.checkChargerLine
                0x0001e5b8       0x3c ./../Platform/Power/debug/libPOWER_efm32_debug.a(BatteryMonitor.o)
 .text.ptdCallbackIsr
                0x0001e5f4       0x48 ./../Platform/Power/debug/libPOWER_efm32_debug.a(BatteryMonitor.o)
 .text.configureCharingPinForInt
                0x0001e63c       0x44 ./../Platform/Power/debug/libPOWER_efm32_debug.a(BatteryMonitor.o)
 .text.getChargingStatus
                0x0001e680       0x3c ./../Platform/Power/debug/libPOWER_efm32_debug.a(BatteryMonitor.o)
 .text.enableCharging
                0x0001e6bc       0x54 ./../Platform/Power/debug/libPOWER_efm32_debug.a(BatteryMonitor.o)
 .text.Battery_init
                0x0001e710      0x114 ./../Platform/Power/debug/libPOWER_efm32_debug.a(BatteryMonitor.o)
                0x0001e710                Battery_init
 .text.NVIC_EnableIRQ
                0x0001e824       0x38 ./../Platform/Power/debug/libPOWER_efm32_debug.a(PowerMgt.o)
 .text.NVIC_SetPriority
                0x0001e85c       0x5c ./../Platform/Power/debug/libPOWER_efm32_debug.a(PowerMgt.o)
 .text.RTC_IntClear
                0x0001e8b8       0x20 ./../Platform/Power/debug/libPOWER_efm32_debug.a(PowerMgt.o)
 .text.RTC_IntDisable
                0x0001e8d8       0x30 ./../Platform/Power/debug/libPOWER_efm32_debug.a(PowerMgt.o)
 .text.RTC_IntEnable
                0x0001e908       0x2c ./../Platform/Power/debug/libPOWER_efm32_debug.a(PowerMgt.o)
 .text.RTC_IRQHandler
                0x0001e934      0x184 ./../Platform/Power/debug/libPOWER_efm32_debug.a(PowerMgt.o)
                0x0001e934                RTC_IRQHandler
 .text.vPortSetupTimerInterrupt
                0x0001eab8      0x10c ./../Platform/Power/debug/libPOWER_efm32_debug.a(PowerMgt.o)
                0x0001eab8                vPortSetupTimerInterrupt
 .text.BleMgmt_timerRing
                0x0001ebc4       0xb8 ./../Libraries/BLEStack/Alpwise/Core_Stack/Libraries/BLESW_CoreStack_CM3.a(BleEngine.o)
 .text.BLEMGMT_Init
                0x0001ec7c       0x3c ./../Libraries/BLEStack/Alpwise/Core_Stack/Libraries/BLESW_CoreStack_CM3.a(BleEngine.o)
                0x0001ec7c                BLEMGMT_Init
 .text.BLEMGMT_Deinit
                0x0001ecb8       0x20 ./../Libraries/BLEStack/Alpwise/Core_Stack/Libraries/BLESW_CoreStack_CM3.a(BleEngine.o)
                0x0001ecb8                BLEMGMT_Deinit
 .text.BLEMGMT_Run
                0x0001ecd8       0x4c ./../Libraries/BLEStack/Alpwise/Core_Stack/Libraries/BLESW_CoreStack_CM3.a(BleEngine.o)
                0x0001ecd8                BLEMGMT_Run
 .text.BLEMGMT_RegisterHandler
                0x0001ed24       0x28 ./../Libraries/BLEStack/Alpwise/Core_Stack/Libraries/BLESW_CoreStack_CM3.a(BleEngine.o)
                0x0001ed24                BLEMGMT_RegisterHandler
 .text.BleMgmt_PostEvent
                0x0001ed4c       0x50 ./../Libraries/BLEStack/Alpwise/Core_Stack/Libraries/BLESW_CoreStack_CM3.a(BleEngine.o)
                0x0001ed4c                BleMgmt_PostEvent
 .text.BleMgmt_RemoveTimerEvent
                0x0001ed9c       0xdc ./../Libraries/BLEStack/Alpwise/Core_Stack/Libraries/BLESW_CoreStack_CM3.a(BleEngine.o)
                0x0001ed9c                BleMgmt_RemoveTimerEvent
 .text.BleMgmt_AddTimerEvent
                0x0001ee78       0xdc ./../Libraries/BLEStack/Alpwise/Core_Stack/Libraries/BLESW_CoreStack_CM3.a(BleEngine.o)
                0x0001ee78                BleMgmt_AddTimerEvent
 .text.SYSTEM_MemCpy
                0x0001ef54       0x14 ./../Libraries/BLEStack/Alpwise/Core_Stack/Libraries/BLESW_CoreStack_CM3.a(BleMemory.o)
                0x0001ef54                SYSTEM_MemCpy
 .text.SYSTEM_ReverseMemCpy
                0x0001ef68       0x1a ./../Libraries/BLEStack/Alpwise/Core_Stack/Libraries/BLESW_CoreStack_CM3.a(BleMemory.o)
                0x0001ef68                SYSTEM_ReverseMemCpy
 .text.SYSTEM_MemCmp
                0x0001ef82       0x24 ./../Libraries/BLEStack/Alpwise/Core_Stack/Libraries/BLESW_CoreStack_CM3.a(BleMemory.o)
                0x0001ef82                SYSTEM_MemCmp
 .text.SYSTEM_MemSet
                0x0001efa6       0x16 ./../Libraries/BLEStack/Alpwise/Core_Stack/Libraries/BLESW_CoreStack_CM3.a(BleMemory.o)
                0x0001efa6                SYSTEM_MemSet
 .text.BleList_RemoveNode
                0x0001efbc       0x2e ./../Libraries/BLEStack/Alpwise/Core_Stack/Libraries/BLESW_CoreStack_CM3.a(BleSlist.o)
                0x0001efbc                BleList_RemoveNode
 .text.BleList_GetHeadNode
                0x0001efea        0xc ./../Libraries/BLEStack/Alpwise/Core_Stack/Libraries/BLESW_CoreStack_CM3.a(BleSlist.o)
                0x0001efea                BleList_GetHeadNode
 .text.BleList_IsNodeIn
                0x0001eff6       0x12 ./../Libraries/BLEStack/Alpwise/Core_Stack/Libraries/BLESW_CoreStack_CM3.a(BleSlist.o)
                0x0001eff6                BleList_IsNodeIn
 .text.BleList_InsertTail
                0x0001f008       0x28 ./../Libraries/BLEStack/Alpwise/Core_Stack/Libraries/BLESW_CoreStack_CM3.a(BleSlist.o)
                0x0001f008                BleList_InsertTail
 .text.BleList_InsertAfter
                0x0001f030       0x34 ./../Libraries/BLEStack/Alpwise/Core_Stack/Libraries/BLESW_CoreStack_CM3.a(BleSlist.o)
                0x0001f030                BleList_InsertAfter
 .text.BleList_GetCount
                0x0001f064       0x10 ./../Libraries/BLEStack/Alpwise/Core_Stack/Libraries/BLESW_CoreStack_CM3.a(BleSlist.o)
                0x0001f064                BleList_GetCount
 .text.BleList_GetIndex
                0x0001f074       0x16 ./../Libraries/BLEStack/Alpwise/Core_Stack/Libraries/BLESW_CoreStack_CM3.a(BleSlist.o)
                0x0001f074                BleList_GetIndex
 .text.BleList_IsNodeIn_ISR
                0x0001f08a       0x12 ./../Libraries/BLEStack/Alpwise/Core_Stack/Libraries/BLESW_CoreStack_CM3.a(BleSlist.o)
                0x0001f08a                BleList_IsNodeIn_ISR
 .text.BleList_GetHeadNode_ISR
                0x0001f09c        0xc ./../Libraries/BLEStack/Alpwise/Core_Stack/Libraries/BLESW_CoreStack_CM3.a(BleSlist.o)
                0x0001f09c                BleList_GetHeadNode_ISR
 .text.BleList_InsertTail_ISR
                0x0001f0a8       0x28 ./../Libraries/BLEStack/Alpwise/Core_Stack/Libraries/BLESW_CoreStack_CM3.a(BleSlist.o)
                0x0001f0a8                BleList_InsertTail_ISR
 .text.BleSmp_IsKeyNull
                0x0001f0d0       0x1c ./../Libraries/BLEStack/Alpwise/Core_Stack/Libraries/BLESW_CoreStack_CM3.a(BleSmp.o)
 .text.BleSmp_SendPairingFailed
                0x0001f0ec       0x22 ./../Libraries/BLEStack/Alpwise/Core_Stack/Libraries/BLESW_CoreStack_CM3.a(BleSmp.o)
 *fill*         0x0001f10e        0x2 00
 .text.BleSmp_ClearOperation
                0x0001f110       0x30 ./../Libraries/BLEStack/Alpwise/Core_Stack/Libraries/BLESW_CoreStack_CM3.a(BleSmp.o)
 .text.BleSmp_GenerateRandomNumber
                0x0001f140       0x18 ./../Libraries/BLEStack/Alpwise/Core_Stack/Libraries/BLESW_CoreStack_CM3.a(BleSmp.o)
 .text.BleSmp_Encrypt
                0x0001f158       0x3c ./../Libraries/BLEStack/Alpwise/Core_Stack/Libraries/BLESW_CoreStack_CM3.a(BleSmp.o)
 .text.BleSmp_StartPairingWatchdog
                0x0001f194       0x2c ./../Libraries/BLEStack/Alpwise/Core_Stack/Libraries/BLESW_CoreStack_CM3.a(BleSmp.o)
 .text.BleSmp_OperationEnds
                0x0001f1c0       0x24 ./../Libraries/BLEStack/Alpwise/Core_Stack/Libraries/BLESW_CoreStack_CM3.a(BleSmp.o)
 .text.BleSmp_StartOperation
                0x0001f1e4      0x104 ./../Libraries/BLEStack/Alpwise/Core_Stack/Libraries/BLESW_CoreStack_CM3.a(BleSmp.o)
 .text.BleSmp_AddOperation.part.0
                0x0001f2e8       0x38 ./../Libraries/BLEStack/Alpwise/Core_Stack/Libraries/BLESW_CoreStack_CM3.a(BleSmp.o)
 .text.BleSmp_ReportPairingStatus
                0x0001f320       0x54 ./../Libraries/BLEStack/Alpwise/Core_Stack/Libraries/BLESW_CoreStack_CM3.a(BleSmp.o)
 .text.BleSmp_PairingWatchdog
                0x0001f374       0x36 ./../Libraries/BLEStack/Alpwise/Core_Stack/Libraries/BLESW_CoreStack_CM3.a(BleSmp.o)
 *fill*         0x0001f3aa        0x2 00
 .text.BLESMP_GenerateAndSetRandomAddress
                0x0001f3ac       0x78 ./../Libraries/BLEStack/Alpwise/Core_Stack/Libraries/BLESW_CoreStack_CM3.a(BleSmp.o)
                0x0001f3ac                BLESMP_GenerateAndSetRandomAddress
 .text.BLESMP_ConfirmPairing
                0x0001f424       0x38 ./../Libraries/BLEStack/Alpwise/Core_Stack/Libraries/BLESW_CoreStack_CM3.a(BleSmp.o)
                0x0001f424                BLESMP_ConfirmPairing
 .text.BLESMP_GetLinkSecurityProperties
                0x0001f45c       0x1e ./../Libraries/BLEStack/Alpwise/Core_Stack/Libraries/BLESW_CoreStack_CM3.a(BleSmp.o)
                0x0001f45c                BLESMP_GetLinkSecurityProperties
 .text.BLESMP_IsDeviceBonded
                0x0001f47a       0x24 ./../Libraries/BLEStack/Alpwise/Core_Stack/Libraries/BLESW_CoreStack_CM3.a(BleSmp.o)
                0x0001f47a                BLESMP_IsDeviceBonded
 .text.BLESMP_InitiatePairing
                0x0001f49e      0x238 ./../Libraries/BLEStack/Alpwise/Core_Stack/Libraries/BLESW_CoreStack_CM3.a(BleSmp.o)
                0x0001f49e                BLESMP_InitiatePairing
 *fill*         0x0001f6d6        0x2 00
 .text.BleSmp_Init
                0x0001f6d8       0x2c ./../Libraries/BLEStack/Alpwise/Core_Stack/Libraries/BLESW_CoreStack_CM3.a(BleSmp.o)
                0x0001f6d8                BleSmp_Init
 .text.BleSmp_HciEventHandler
                0x0001f704      0x9ac ./../Libraries/BLEStack/Alpwise/Core_Stack/Libraries/BLESW_CoreStack_CM3.a(BleSmp.o)
                0x0001f704                BleSmp_HciEventHandler
 .text.BleL2cap_HandleSecurityEvent
                0x000200b0      0x768 ./../Libraries/BLEStack/Alpwise/Core_Stack/Libraries/BLESW_CoreStack_CM3.a(BleSmp.o)
                0x000200b0                BleL2cap_HandleSecurityEvent
 .text.BleStck_Init
                0x00020818       0x30 ./../Libraries/BLEStack/Alpwise/Core_Stack/Libraries/BLESW_CoreStack_CM3.a(BleStck.o)
                0x00020818                BleStck_Init
 .text.BleStck_SendUpdateConnectionParametersCommand
                0x00020848       0x40 ./../Libraries/BLEStack/Alpwise/Core_Stack/Libraries/BLESW_CoreStack_CM3.a(BleStck.o)
                0x00020848                BleStck_SendUpdateConnectionParametersCommand
 .text.BleConn_GetConnection
                0x00020888       0x40 ./../Libraries/BLEStack/Alpwise/Core_Stack/Libraries/BLESW_CoreStack_CM3.a(BleStck.o)
                0x00020888                BleConn_GetConnection
 .text.BleStck_HciConnEventHandler
                0x000208c8      0x20c ./../Libraries/BLEStack/Alpwise/Core_Stack/Libraries/BLESW_CoreStack_CM3.a(BleStck.o)
                0x000208c8                BleStck_HciConnEventHandler
 .text.BleConn_GetBDAddr
                0x00020ad4       0x48 ./../Libraries/BLEStack/Alpwise/Core_Stack/Libraries/BLESW_CoreStack_CM3.a(BleStck.o)
                0x00020ad4                BleConn_GetBDAddr
 .text.BleStck_SetOperation
                0x00020b1c       0x5c ./../Libraries/BLEStack/Alpwise/Core_Stack/Libraries/BLESW_CoreStack_CM3.a(BleStck.o)
                0x00020b1c                BleStck_SetOperation
 .text.BLESTCK_TerminateLinkLayerConnection
                0x00020b78       0x3c ./../Libraries/BLEStack/Alpwise/Core_Stack/Libraries/BLESW_CoreStack_CM3.a(BleStck.o)
                0x00020b78                BLESTCK_TerminateLinkLayerConnection
 .text.BLESTCK_SetScanResponseData
                0x00020bb4       0x4c ./../Libraries/BLEStack/Alpwise/Core_Stack/Libraries/BLESW_CoreStack_CM3.a(BleStck.o)
                0x00020bb4                BLESTCK_SetScanResponseData
 .text.BLESTCK_StopAdvertising
                0x00020c00       0x40 ./../Libraries/BLEStack/Alpwise/Core_Stack/Libraries/BLESW_CoreStack_CM3.a(BleStck.o)
                0x00020c00                BLESTCK_StopAdvertising
 .text.BLESTCK_StartAdvertising
                0x00020c40      0x164 ./../Libraries/BLEStack/Alpwise/Core_Stack/Libraries/BLESW_CoreStack_CM3.a(BleStck.o)
                0x00020c40                BLESTCK_StartAdvertising
 .text.BLESTCK_SetAdvertisingData
                0x00020da4       0x50 ./../Libraries/BLEStack/Alpwise/Core_Stack/Libraries/BLESW_CoreStack_CM3.a(BleStck.o)
                0x00020da4                BLESTCK_SetAdvertisingData
 .text.BleStck_HandleConnParmsUpdateResponse
                0x00020df4       0x40 ./../Libraries/BLEStack/Alpwise/Core_Stack/Libraries/BLESW_CoreStack_CM3.a(BleStck.o)
                0x00020df4                BleStck_HandleConnParmsUpdateResponse
 .text.BleStck_isConnectionParmsUpdatePossible
                0x00020e34       0x84 ./../Libraries/BLEStack/Alpwise/Core_Stack/Libraries/BLESW_CoreStack_CM3.a(BleStck.o)
                0x00020e34                BleStck_isConnectionParmsUpdatePossible
 .text.BleStck_HciEventHandler
                0x00020eb8      0x30c ./../Libraries/BLEStack/Alpwise/Core_Stack/Libraries/BLESW_CoreStack_CM3.a(BleStck.o)
                0x00020eb8                BleStck_HciEventHandler
 .text.BleHci_AckCommand
                0x000211c4       0x50 ./../Libraries/BLEStack/Alpwise/Core_Stack/Libraries/BLESW_CoreStack_CM3.a(BleHci.o)
 .text.BleHci_InitFailed
                0x00021214       0x14 ./../Libraries/BLEStack/Alpwise/Core_Stack/Libraries/BLESW_CoreStack_CM3.a(BleHci.o)
 .text.HciResetWatchdog
                0x00021228       0x20 ./../Libraries/BLEStack/Alpwise/Core_Stack/Libraries/BLESW_CoreStack_CM3.a(BleHci.o)
 .text.BleHci_MemoryInit
                0x00021248       0xc8 ./../Libraries/BLEStack/Alpwise/Core_Stack/Libraries/BLESW_CoreStack_CM3.a(BleHci.o)
                0x00021248                BleHci_MemoryInit
 .text.BleHci_Init
                0x00021310        0x4 ./../Libraries/BLEStack/Alpwise/Core_Stack/Libraries/BLESW_CoreStack_CM3.a(BleHci.o)
                0x00021310                BleHci_Init
 .text.BleHci_GetEventPacket
                0x00021314       0x28 ./../Libraries/BLEStack/Alpwise/Core_Stack/Libraries/BLESW_CoreStack_CM3.a(BleHci.o)
                0x00021314                BleHci_GetEventPacket
 .text.BleHci_EventPacketReceived
                0x0002133c       0x24 ./../Libraries/BLEStack/Alpwise/Core_Stack/Libraries/BLESW_CoreStack_CM3.a(BleHci.o)
                0x0002133c                BleHci_EventPacketReceived
 .text.BleHci_SendCommand
                0x00021360       0x70 ./../Libraries/BLEStack/Alpwise/Core_Stack/Libraries/BLESW_CoreStack_CM3.a(BleHci.o)
                0x00021360                BleHci_SendCommand
 .text.BleHci_StartInitsCommand
                0x000213d0       0x1c ./../Libraries/BLEStack/Alpwise/Core_Stack/Libraries/BLESW_CoreStack_CM3.a(BleHci.o)
 .text.BLEHCI_RadioIsInitialised
                0x000213ec       0x28 ./../Libraries/BLEStack/Alpwise/Core_Stack/Libraries/BLESW_CoreStack_CM3.a(BleHci.o)
                0x000213ec                BLEHCI_RadioIsInitialised
 .text.BLEHCI_SendRadioCommand
                0x00021414       0x14 ./../Libraries/BLEStack/Alpwise/Core_Stack/Libraries/BLESW_CoreStack_CM3.a(BleHci.o)
                0x00021414                BLEHCI_SendRadioCommand
 .text.BLEHCI_SendVendorSpecificCommand
                0x00021428        0xe ./../Libraries/BLEStack/Alpwise/Core_Stack/Libraries/BLESW_CoreStack_CM3.a(BleHci.o)
                0x00021428                BLEHCI_SendVendorSpecificCommand
 *fill*         0x00021436        0x2 00
 .text.BleHci_CheckForCommandToSend
                0x00021438       0x50 ./../Libraries/BLEStack/Alpwise/Core_Stack/Libraries/BLESW_CoreStack_CM3.a(BleHci.o)
                0x00021438                BleHci_CheckForCommandToSend
 .text.BleHci_CheckForEventReceived
                0x00021488      0x514 ./../Libraries/BLEStack/Alpwise/Core_Stack/Libraries/BLESW_CoreStack_CM3.a(BleHci.o)
                0x00021488                BleHci_CheckForEventReceived
 .text.BleHci_GetRxDataPacket
                0x0002199c       0x28 ./../Libraries/BLEStack/Alpwise/Core_Stack/Libraries/BLESW_CoreStack_CM3.a(BleHci.o)
                0x0002199c                BleHci_GetRxDataPacket
 .text.BleHci_DataPacketReceived
                0x000219c4       0x24 ./../Libraries/BLEStack/Alpwise/Core_Stack/Libraries/BLESW_CoreStack_CM3.a(BleHci.o)
                0x000219c4                BleHci_DataPacketReceived
 .text.BleHci_CheckForDataReceived
                0x000219e8       0x50 ./../Libraries/BLEStack/Alpwise/Core_Stack/Libraries/BLESW_CoreStack_CM3.a(BleHci.o)
                0x000219e8                BleHci_CheckForDataReceived
 .text.BleHci_SendL2capData
                0x00021a38       0xc0 ./../Libraries/BLEStack/Alpwise/Core_Stack/Libraries/BLESW_CoreStack_CM3.a(BleHci.o)
                0x00021a38                BleHci_SendL2capData
 .text.BleHci_CheckForDataToSend
                0x00021af8       0x58 ./../Libraries/BLEStack/Alpwise/Core_Stack/Libraries/BLESW_CoreStack_CM3.a(BleHci.o)
                0x00021af8                BleHci_CheckForDataToSend
 .text.bleGap_PostEvent
                0x00021b50       0x10 ./../Libraries/BLEStack/Alpwise/Core_Stack/Libraries/BLESW_CoreStack_CM3.a(BleGap.o)
 .text.BleGap_RefreshAdvData
                0x00021b60      0x2d4 ./../Libraries/BLEStack/Alpwise/Core_Stack/Libraries/BLESW_CoreStack_CM3.a(BleGap.o)
 .text.BleGap_AttServiceCallback
                0x00021e34       0x40 ./../Libraries/BLEStack/Alpwise/Core_Stack/Libraries/BLESW_CoreStack_CM3.a(BleGap.o)
 .text.BleGap_ExitLimitedDiscoverableMode
                0x00021e74       0x30 ./../Libraries/BLEStack/Alpwise/Core_Stack/Libraries/BLESW_CoreStack_CM3.a(BleGap.o)
 .text.BLEGAP_RegisterDevice
                0x00021ea4      0x134 ./../Libraries/BLEStack/Alpwise/Core_Stack/Libraries/BLESW_CoreStack_CM3.a(BleGap.o)
                0x00021ea4                BLEGAP_RegisterDevice
 .text.BLEGAP_SetLocalAppearance
                0x00021fd8       0x60 ./../Libraries/BLEStack/Alpwise/Core_Stack/Libraries/BLESW_CoreStack_CM3.a(BleGap.o)
                0x00021fd8                BLEGAP_SetLocalAppearance
 .text.BLEGAP_SetLocalBluetoothDeviceNameEx
                0x00022038       0x98 ./../Libraries/BLEStack/Alpwise/Core_Stack/Libraries/BLESW_CoreStack_CM3.a(BleGap.o)
                0x00022038                BLEGAP_SetLocalBluetoothDeviceNameEx
 .text.BLEGAP_SetModeWithIntervals
                0x000220d0       0x90 ./../Libraries/BLEStack/Alpwise/Core_Stack/Libraries/BLESW_CoreStack_CM3.a(BleGap.o)
                0x000220d0                BLEGAP_SetModeWithIntervals
 .text.BLEGAP_GetMode
                0x00022160        0xc ./../Libraries/BLEStack/Alpwise/Core_Stack/Libraries/BLESW_CoreStack_CM3.a(BleGap.o)
                0x00022160                BLEGAP_GetMode
 .text.BLEGAP_GetADDataBlock
                0x0002216c       0x36 ./../Libraries/BLEStack/Alpwise/Core_Stack/Libraries/BLESW_CoreStack_CM3.a(BleGap.o)
                0x0002216c                BLEGAP_GetADDataBlock
 *fill*         0x000221a2        0x2 00
 .text.BleGap_stackCallback
                0x000221a4      0x45c ./../Libraries/BLEStack/Alpwise/Core_Stack/Libraries/BLESW_CoreStack_CM3.a(BleGap.o)
 .text.BLEGAP_Disconnect
                0x00022600        0x4 ./../Libraries/BLEStack/Alpwise/Core_Stack/Libraries/BLESW_CoreStack_CM3.a(BleGap.o)
                0x00022600                BLEGAP_Disconnect
 .text.BleGap_Add128bitsServiceUUID
                0x00022604       0x48 ./../Libraries/BLEStack/Alpwise/Core_Stack/Libraries/BLESW_CoreStack_CM3.a(BleGap.o)
                0x00022604                BleGap_Add128bitsServiceUUID
 .text.BleTransport_Reset
                0x0002264c       0x28 ./../Libraries/BLEStack/Alpwise/Core_Stack/Libraries/BLESW_CoreStack_CM3.a(BleTransport.o)
                0x0002264c                BleTransport_Reset
 .text.BleTransport_Init
                0x00022674       0x12 ./../Libraries/BLEStack/Alpwise/Core_Stack/Libraries/BLESW_CoreStack_CM3.a(BleTransport.o)
                0x00022674                BleTransport_Init
 .text.BleTransport_Deinit
                0x00022686        0xe ./../Libraries/BLEStack/Alpwise/Core_Stack/Libraries/BLESW_CoreStack_CM3.a(BleTransport.o)
                0x00022686                BleTransport_Deinit
 .text.BleTransport_SendDataPacket
                0x00022694       0x50 ./../Libraries/BLEStack/Alpwise/Core_Stack/Libraries/BLESW_CoreStack_CM3.a(BleTransport.o)
                0x00022694                BleTransport_SendDataPacket
 .text.BleTransport_SendCommandPacket
                0x000226e4       0x4e ./../Libraries/BLEStack/Alpwise/Core_Stack/Libraries/BLESW_CoreStack_CM3.a(BleTransport.o)
                0x000226e4                BleTransport_SendCommandPacket
 *fill*         0x00022732        0x2 00
 .text.BLETRANSPORT_UartDataReceived
                0x00022734      0x134 ./../Libraries/BLEStack/Alpwise/Core_Stack/Libraries/BLESW_CoreStack_CM3.a(BleTransport.o)
                0x00022734                BLETRANSPORT_UartDataReceived
 .text.Att_Init
                0x00022868       0x2c ./../Libraries/BLEStack/Alpwise/Core_Stack/Libraries/BLESW_CoreStack_CM3.a(att.o)
                0x00022868                Att_Init
 .text.Att_GetConnectionIndex
                0x00022894       0x38 ./../Libraries/BLEStack/Alpwise/Core_Stack/Libraries/BLESW_CoreStack_CM3.a(att.o)
                0x00022894                Att_GetConnectionIndex
 .text.Att_StackCallback
                0x000228cc       0x68 ./../Libraries/BLEStack/Alpwise/Core_Stack/Libraries/BLESW_CoreStack_CM3.a(att.o)
 .text.BleL2cap_HandleAttributeProtocolEvent
                0x00022934       0x32 ./../Libraries/BLEStack/Alpwise/Core_Stack/Libraries/BLESW_CoreStack_CM3.a(att.o)
                0x00022934                BleL2cap_HandleAttributeProtocolEvent
 *fill*         0x00022966        0x2 00
 .text.ATT_is128bitsUUIDBtMasked
                0x00022968       0x30 ./../Libraries/BLEStack/Alpwise/Core_Stack/Libraries/BLESW_CoreStack_CM3.a(attmemory.o)
                0x00022968                ATT_is128bitsUUIDBtMasked
 .text.ATT_Are16bitsUUIDEquals
                0x00022998       0x34 ./../Libraries/BLEStack/Alpwise/Core_Stack/Libraries/BLESW_CoreStack_CM3.a(attmemory.o)
                0x00022998                ATT_Are16bitsUUIDEquals
 .text.ATT_Are128bitsUUIDEquals
                0x000229cc       0x3e ./../Libraries/BLEStack/Alpwise/Core_Stack/Libraries/BLESW_CoreStack_CM3.a(attmemory.o)
                0x000229cc                ATT_Are128bitsUUIDEquals
 *fill*         0x00022a0a        0x2 00
 .text.AttServer_PostConfirmationEvent
                0x00022a0c       0x24 ./../Libraries/BLEStack/Alpwise/Core_Stack/Libraries/BLESW_CoreStack_CM3.a(attservercore.o)
 .text.SendErrorResponse
                0x00022a30       0x38 ./../Libraries/BLEStack/Alpwise/Core_Stack/Libraries/BLESW_CoreStack_CM3.a(attservercore.o)
 .text.attServer_IndicationTransactionTimer
                0x00022a68       0x20 ./../Libraries/BLEStack/Alpwise/Core_Stack/Libraries/BLESW_CoreStack_CM3.a(attservercore.o)
 .text.attServer_WriteCheckPermission.isra.1
                0x00022a88       0x6c ./../Libraries/BLEStack/Alpwise/Core_Stack/Libraries/BLESW_CoreStack_CM3.a(attservercore.o)
 .text.isAttributeUUIDEqualsTo
                0x00022af4       0x24 ./../Libraries/BLEStack/Alpwise/Core_Stack/Libraries/BLESW_CoreStack_CM3.a(attservercore.o)
 .text.FindEndGroupHandle
                0x00022b18       0x5c ./../Libraries/BLEStack/Alpwise/Core_Stack/Libraries/BLESW_CoreStack_CM3.a(attservercore.o)
 .text.FindFirstAttribute
                0x00022b74       0x58 ./../Libraries/BLEStack/Alpwise/Core_Stack/Libraries/BLESW_CoreStack_CM3.a(attservercore.o)
 .text.attServer_serviceChangeConfirmationCallback
                0x00022bcc       0x26 ./../Libraries/BLEStack/Alpwise/Core_Stack/Libraries/BLESW_CoreStack_CM3.a(attservercore.o)
 .text.AttServer_PostEvent
                0x00022bf2       0x1a ./../Libraries/BLEStack/Alpwise/Core_Stack/Libraries/BLESW_CoreStack_CM3.a(attservercore.o)
                0x00022bf2                AttServer_PostEvent