Archive member included because of file (symbol)

./../Platform/BLE/debug/libBLE_efm32_debug.a(BLE_serialDriver_cc.o)
                              /opt/XDK-Workbench/workspace/xdk_ble_play/debug/objects/XdkApplicationTemplate.o (BLE_hciReceiveData)
./../Platform/BLE/debug/libBLE_efm32_debug.a(BLE_stateHandler_cc.o)
                              /opt/XDK-Workbench/workspace/xdk_ble_play/debug/objects/XdkApplicationTemplate.o (BLE_coreStackInit)
./../Platform/BLE/debug/libBLE_efm32_debug.a(BLE_radioInterface_cc.o)
                              ./../Platform/BLE/debug/libBLE_efm32_debug.a(BLE_stateHandler_cc.o) (BLERADIO_IsPublicAddressValid)
./../Platform/Sensors/debug/libSensors_efm32_debug.a(Environmental.o)
                              ./../Platform/SensorToolbox/release/libSensorToolbox.a (Environmental_init)
./../Platform/Sensors/debug/libSensors_efm32_debug.a(Gyroscope.o)
                              ./../Platform/SensorToolbox/release/libSensorToolbox.a (Gyroscope_init)
./../Platform/Sensors/debug/libSensors_efm32_debug.a(Accelerometer.o)
                              ./../Platform/SensorToolbox/release/libSensorToolbox.a (Accelerometer_init)
./../Platform/Sensors/debug/libSensors_efm32_debug.a(Magnetometer.o)
                              ./../Platform/SensorToolbox/release/libSensorToolbox.a (Magnetometer_init)
./../Platform/SensorUtils/debug/libSensorUtils_efm32_debug.a(Bma280Utils.o)
                              ./../Platform/Sensors/debug/libSensors_efm32_debug.a(Accelerometer.o) (Bma280Utils_initialize)
./../Platform/SensorUtils/debug/libSensorUtils_efm32_debug.a(AxisRemap.o)
                              ./../Platform/SensorUtils/debug/libSensorUtils_efm32_debug.a(Bma280Utils.o) (AxisRemap_remapSensorData)
./../Platform/SensorUtils/debug/libSensorUtils_efm32_debug.a(Bmi160Utils.o)
                              ./../Platform/Sensors/debug/libSensors_efm32_debug.a(Gyroscope.o) (Bmi160Utils_initialize)
./../Platform/SensorUtils/debug/libSensorUtils_efm32_debug.a(Bmg160Utils.o)
                              ./../Platform/Sensors/debug/libSensors_efm32_debug.a(Gyroscope.o) (Bmg160Utils_initialize)
./../Platform/SensorUtils/debug/libSensorUtils_efm32_debug.a(Bme280Utils.o)
                              ./../Platform/Sensors/debug/libSensors_efm32_debug.a(Environmental.o) (Bme280Utils_initialize)
./../Platform/SensorUtils/debug/libSensorUtils_efm32_debug.a(Bmm150Utils.o)
                              ./../Platform/Sensors/debug/libSensors_efm32_debug.a(Magnetometer.o) (Bmm150Utils_initialize)
./../Libraries/FreeRTOS/FreeRTOS/../BCDS_Customization/debug/libFreeRTOS_efm32_debug.a(queue.o)
                              ./../Platform/SensorToolbox/release/libSensorToolbox.a (xQueueCreateMutex)
./../Libraries/FreeRTOS/FreeRTOS/../BCDS_Customization/debug/libFreeRTOS_efm32_debug.a(tasks.o)
                              /opt/XDK-Workbench/workspace/xdk_ble_play/debug/objects/XdkApplicationTemplate.o (xTaskGenericCreate)
./../Libraries/FreeRTOS/FreeRTOS/../BCDS_Customization/debug/libFreeRTOS_efm32_debug.a(timers.o)
                              ./../Libraries/FreeRTOS/FreeRTOS/../BCDS_Customization/debug/libFreeRTOS_efm32_debug.a(tasks.o) (xTimerCreateTimerTask)
./../Libraries/FreeRTOS/FreeRTOS/../BCDS_Customization/debug/libFreeRTOS_efm32_debug.a(heap_4.o)
                              ./../Libraries/FreeRTOS/FreeRTOS/../BCDS_Customization/debug/libFreeRTOS_efm32_debug.a(queue.o) (pvPortMalloc)
./../Libraries/FreeRTOS/FreeRTOS/../BCDS_Customization/debug/libFreeRTOS_efm32_debug.a(port.o)
                              ./../Libraries/FreeRTOS/FreeRTOS/../BCDS_Customization/debug/libFreeRTOS_efm32_debug.a(tasks.o) (pxPortInitialiseStack)
./../Libraries/FreeRTOS/FreeRTOS/../BCDS_Customization/debug/libFreeRTOS_efm32_debug.a(list.o)
                              ./../Libraries/FreeRTOS/FreeRTOS/../BCDS_Customization/debug/libFreeRTOS_efm32_debug.a(queue.o) (vListInitialise)
./../Platform/Peripherals/debug/libPeripherals_efm32_debug.a(I2C_cc.o)
                              ./../Platform/SensorUtils/debug/libSensorUtils_efm32_debug.a(Bma280Utils.o) (I2C_delayFunction)
./../Platform/Peripherals/debug/libPeripherals_efm32_debug.a(SID_serialDriverInf_cc.o)
                              ./../Platform/Peripherals/debug/libPeripherals_efm32_debug.a(I2C_cc.o) (SID_init)
./../Platform/Peripherals/debug/libPeripherals_efm32_debug.a(I2C_efm32Driver_cc.o)
                              ./../Platform/Peripherals/debug/libPeripherals_efm32_debug.a(SID_serialDriverInf_cc.o) (I2C_initCtrSpecific)
./../Platform/Peripherals/debug/libPeripherals_efm32_debug.a(PTD_portDriver_cc.o)
                              ./../Platform/SensorUtils/debug/libSensorUtils_efm32_debug.a(Bma280Utils.o) (PTD_intConfig)
./../Platform/Peripherals/debug/libPeripherals_efm32_debug.a(SER_serialDriver_cc.o)
                              ./../Platform/BLE/debug/libBLE_efm32_debug.a(BLE_serialDriver_cc.o) (SER_serialDisable)
[...]
Memory Configuration

Name             Origin             Length             Attributes
FLASH            0x00010000         0x000f0000         xr
RAM              0x20000000         0x00020000         xrw
*default*        0x00000000         0xffffffff

Linker script and memory map

LOAD /opt/XDK-Workbench/armGCC/bin/../lib/gcc/arm-none-eabi/4.7.4/armv7-m/crti.o
LOAD /opt/XDK-Workbench/armGCC/bin/../lib/gcc/arm-none-eabi/4.7.4/armv7-m/crtbegin.o
LOAD /opt/XDK-Workbench/armGCC/bin/../lib/gcc/arm-none-eabi/4.7.4/../../../../arm-none-eabi/lib/armv7-m/crt0.o
LOAD /opt/XDK-Workbench/workspace/xdk_ble_play/debug/objects/./../Platform/Utils/source/RSM_retargetStdioMessage/retargetio.o
LOAD /opt/XDK-Workbench/workspace/xdk_ble_play/debug/objects/./../Libraries/EMlib/EMLib/usb/src/em_usbdint.o
LOAD /opt/XDK-Workbench/workspace/xdk_ble_play/debug/objects/main.o
LOAD /opt/XDK-Workbench/workspace/xdk_ble_play/debug/objects/XdkApplicationTemplate.o
LOAD /opt/XDK-Workbench/workspace/xdk_ble_play/debug/objects/startup_efm32gg.o
START GROUP
LOAD ./../Platform/SensorToolbox/release/libSensorToolbox.a
LOAD ./../Libraries/WiFi/TI/../BCDS_Customization/debug/libWifiLib_efm32_debug.a
LOAD ./../Platform/Wlan/debug/libWlan_efm32_debug.a
LOAD ./../Libraries/ServalStack/BCDS_Customization/release/libServalStack_efm32.a
LOAD ./../Platform/ServalPAL_WiFi/release/libServalPalWifi_efm32.a
LOAD ./../Platform/MiscDrivers/debug/libMiscDrivers_efm32_debug.a
LOAD ./../Platform/BLE/debug/libBLE_efm32_debug.a
LOAD ./../Platform/Sensors/debug/libSensors_efm32_debug.a
LOAD ./../Platform/SensorUtils/debug/libSensorUtils_efm32_debug.a
LOAD ./../Libraries/FreeRTOS/FreeRTOS/../BCDS_Customization/debug/libFreeRTOS_efm32_debug.a
LOAD ./../Platform/Peripherals/debug/libPeripherals_efm32_debug.a
LOAD ./../Libraries/EMlib/EMLib/../BCDS_Customization/debug/libEMLib_efm32_debug.a
LOAD ./../Libraries/BSTLib/BST_Github/../BCDS_Customization/debug/libBSTLib_efm32_debug.a
LOAD ../Common/debug/XDKCommon_efm32_debug.a
LOAD ./../Platform/Utils/debug/libUtils_efm32_debug.a
LOAD ./../Platform/Basics/debug/libBasics_efm32_debug.a
LOAD ./../Platform/SensorDrivers/debug/libSensorDrivers_efm32_debug.a
LOAD ./../Platform/Power/debug/libPOWER_efm32_debug.a
LOAD ./../Platform/SensorDrivers/debug/libSensorDrivers_efm32_debug.a
LOAD ./../Libraries/FATfs/BCDS_Customization/debug/libFATfs_efm32_debug.a
LOAD ./../Platform/FOTA/debug/libFOTA_efm32_debug.a
LOAD ./../Libraries/Escrypt_CycurTLS/CycurTLS/src/cycurlib/../../../BCDS_Customization/release/libCYCURTLS_efm32.a
LOAD ./../Libraries/BLEStack/Alpwise/Core_Stack/Libraries/BLESW_CoreStack_CM3.a
LOAD ./../Libraries/BLEStack/Alpwise/Service/Data_Exchange_Service/Libraries/BLESW_ALPWDEP_Server_CM3.a
LOAD ./../Libraries/BLEStack/Alpwise/Core_Stack/Libraries/BLESW_ALPWDES_CM3.a
LOAD ./../Libraries/BLEStack/Alpwise/Service/BLESW_AlertNotification/Libraries/BLESW_ANP_Server_CM3.a
LOAD ./../Libraries/BLEStack/Alpwise/Core_Stack/Libraries/BLESW_ANS_CM3.a
LOAD ./../Libraries/BLEStack/Alpwise/Service/BLESW_BloodPressure/Libraries/BLESW_BLP_Sensor_CM3.a
LOAD ./../Libraries/BLEStack/Alpwise/Core_Stack/Libraries/BLESW_BLS_CM3.a
LOAD ./../Libraries/BLEStack/Alpwise/Service/BLESW_CyclingPower/Libraries/BLESW_CPP_Sensor_CM3.a
LOAD ./../Libraries/BLEStack/Alpwise/Core_Stack/Libraries/BLESW_CPS_CM3.a
LOAD ./../Libraries/BLEStack/Alpwise/Service/BLESW_CyclingSpeedAndCadence/Libraries/BLESW_CSCP_Sensor_CM3.a
LOAD ./../Libraries/BLEStack/Alpwise/Core_Stack/Libraries/BLESW_CSCS_CM3.a
LOAD ./../Libraries/BLEStack/Alpwise/Service/BLESW_Glucose/Libraries/BLESW_GLP_Sensor_CM3.a
LOAD ./../Libraries/BLEStack/Alpwise/Core_Stack/Libraries/BLESW_GLS_CM3.a
LOAD ./../Libraries/BLEStack/Alpwise/Service/BLESW_HealthThermometer/Libraries/BLESW_HTP_Thermometer_CM3.a
LOAD ./../Libraries/BLEStack/Alpwise/Core_Stack/Libraries/BLESW_HTS_CM3.a
LOAD ./../Libraries/BLEStack/Alpwise/Service/BLESW_HeartRate/Libraries/BLESW_HRP_Sensor_CM3.a
LOAD ./../Libraries/BLEStack/Alpwise/Core_Stack/Libraries/BLESW_HRS_CM3.a
LOAD ./../Libraries/BLEStack/Alpwise/Service/BLESW_HumanInterfaceDevice/Libraries/BLESW_HID_Host_CM3.a
LOAD ./../Libraries/BLEStack/Alpwise/Core_Stack/Libraries/BLESW_HIDS_CM3.a
LOAD ./../Libraries/BLEStack/Alpwise/Service/BLESW_LocationAndNavigation/Libraries/BLESW_LNP_Sensor_CM3.a
LOAD ./../Libraries/BLEStack/Alpwise/Core_Stack/Libraries/BLESW_LNS_CM3.a
LOAD ./../Libraries/BLEStack/Alpwise/Service/BLESW_NetworkAvailability/Libraries/BLESW_NWAP_Reporter_CM3.a
LOAD ./../Libraries/BLEStack/Alpwise/Core_Stack/Libraries/BLESW_NWAS_CM3.a
LOAD ./../Libraries/BLEStack/Alpwise/Service/BLESW_PhoneAlertStatus/Libraries/BLESW_PASP_Server_CM3.a
LOAD ./../Libraries/BLEStack/Alpwise/Core_Stack/Libraries/BLESW_PASS_CM3.a
LOAD ./../Libraries/BLEStack/Alpwise/Service/BLESW_RunningSpeedAndCadence/Libraries/BLESW_RSCP_Sensor_CM3.a
LOAD ./../Libraries/BLEStack/Alpwise/Core_Stack/Libraries/BLESW_RSCS_CM3.a
LOAD ./../Libraries/EMlib/EMLib/CMSIS/Lib/GCC/libarm_cortexM3l_math.a
END GROUP
START GROUP
LOAD /opt/XDK-Workbench/armGCC/bin/../lib/gcc/arm-none-eabi/4.7.4/armv7-m/libgcc.a
LOAD /opt/XDK-Workbench/armGCC/bin/../lib/gcc/arm-none-eabi/4.7.4/../../../../arm-none-eabi/lib/armv7-m/libc.a
LOAD /opt/XDK-Workbench/armGCC/bin/../lib/gcc/arm-none-eabi/4.7.4/../../../../arm-none-eabi/lib/armv7-m/libm.a
END GROUP
START GROUP
LOAD /opt/XDK-Workbench/armGCC/bin/../lib/gcc/arm-none-eabi/4.7.4/armv7-m/libgcc.a
LOAD /opt/XDK-Workbench/armGCC/bin/../lib/gcc/arm-none-eabi/4.7.4/../../../../arm-none-eabi/lib/armv7-m/libc.a
END GROUP
LOAD /opt/XDK-Workbench/armGCC/bin/../lib/gcc/arm-none-eabi/4.7.4/armv7-m/crtend.o
LOAD /opt/XDK-Workbench/armGCC/bin/../lib/gcc/arm-none-eabi/4.7.4/armv7-m/crtn.o

.text           0x00010000    0x20164
 *(.isr_vector)
 .isr_vector    0x00010000      0x100 /opt/XDK-Workbench/workspace/xdk_ble_play/debug/objects/startup_efm32gg.o
                0x00010000                __isr_vector
 *(.text*)
 .text          0x00010100       0x54 /opt/XDK-Workbench/armGCC/bin/../lib/gcc/arm-none-eabi/4.7.4/armv7-m/crtbegin.o
 .text          0x00010154       0x70 /opt/XDK-Workbench/armGCC/bin/../lib/gcc/arm-none-eabi/4.7.4/../../../../arm-none-eabi/lib/armv7-m/crt0.o
                0x00010154                _mainCRTStartup
                0x00010154                _start
                0x00010154                start
 .text._close   0x000101c4       0x18 /opt/XDK-Workbench/workspace/xdk_ble_play/debug/objects/./../Platform/Utils/source/RSM_retargetStdioMessage/retargetio.o
                0x000101c4                _close
 .text._exit    0x000101dc        0xc /opt/XDK-Workbench/workspace/xdk_ble_play/debug/objects/./../Platform/Utils/source/RSM_retargetStdioMessage/retargetio.o
                0x000101dc                _exit
 .text._fstat   0x000101e8       0x24 /opt/XDK-Workbench/workspace/xdk_ble_play/debug/objects/./../Platform/Utils/source/RSM_retargetStdioMessage/retargetio.o
                0x000101e8                _fstat
 .text._isatty  0x0001020c       0x18 /opt/XDK-Workbench/workspace/xdk_ble_play/debug/objects/./../Platform/Utils/source/RSM_retargetStdioMessage/retargetio.o
                0x0001020c                _isatty
 .text._lseek   0x00010224       0x1c /opt/XDK-Workbench/workspace/xdk_ble_play/debug/objects/./../Platform/Utils/source/RSM_retargetStdioMessage/retargetio.o
                0x00010224                _lseek
 .text._read    0x00010240       0x70 /opt/XDK-Workbench/workspace/xdk_ble_play/debug/objects/./../Platform/Utils/source/RSM_retargetStdioMessage/retargetio.o
                0x00010240                _read
 .text._sbrk    0x000102b0       0xa0 /opt/XDK-Workbench/workspace/xdk_ble_play/debug/objects/./../Platform/Utils/source/RSM_retargetStdioMessage/retargetio.o
                0x000102b0                _sbrk
 .text._write   0x00010350       0x20 /opt/XDK-Workbench/workspace/xdk_ble_play/debug/objects/./../Platform/Utils/source/RSM_retargetStdioMessage/retargetio.o
                0x00010350                _write
 .text.INT_Disable
                0x00010370       0x40 /opt/XDK-Workbench/workspace/xdk_ble_play/debug/objects/./../Libraries/EMlib/EMLib/usb/src/em_usbdint.o
 .text.INT_Enable
                0x000103b0       0x54 /opt/XDK-Workbench/workspace/xdk_ble_play/debug/objects/./../Libraries/EMlib/EMLib/usb/src/em_usbdint.o
 .text.USBHAL_FlushTxFifo
                0x00010404       0x4c /opt/XDK-Workbench/workspace/xdk_ble_play/debug/objects/./../Libraries/EMlib/EMLib/usb/src/em_usbdint.o
 .text.USBHAL_GetCoreInts
                0x00010450       0x40 /opt/XDK-Workbench/workspace/xdk_ble_play/debug/objects/./../Libraries/EMlib/EMLib/usb/src/em_usbdint.o
 .text.USBDHAL_EnableInts
                0x00010490       0x70 /opt/XDK-Workbench/workspace/xdk_ble_play/debug/objects/./../Libraries/EMlib/EMLib/usb/src/em_usbdint.o
 .text.USBDHAL_Ep0Activate
                0x00010500       0x70 /opt/XDK-Workbench/workspace/xdk_ble_play/debug/objects/./../Libraries/EMlib/EMLib/usb/src/em_usbdint.o
 .text.USBDHAL_GetAllInEpInts
                0x00010570       0x48 /opt/XDK-Workbench/workspace/xdk_ble_play/debug/objects/./../Libraries/EMlib/EMLib/usb/src/em_usbdint.o
 .text.USBDHAL_GetAllOutEpInts
                0x000105b8       0x44 /opt/XDK-Workbench/workspace/xdk_ble_play/debug/objects/./../Libraries/EMlib/EMLib/usb/src/em_usbdint.o
 .text.USBDHAL_GetInEpInts
                0x000105fc       0x44 /opt/XDK-Workbench/workspace/xdk_ble_play/debug/objects/./../Libraries/EMlib/EMLib/usb/src/em_usbdint.o
 .text.USBDHAL_GetOutEpInts
                0x00010640       0x44 /opt/XDK-Workbench/workspace/xdk_ble_play/debug/objects/./../Libraries/EMlib/EMLib/usb/src/em_usbdint.o
 .text.USBDHAL_StartEp0Setup
                0x00010684       0x88 /opt/XDK-Workbench/workspace/xdk_ble_play/debug/objects/./../Libraries/EMlib/EMLib/usb/src/em_usbdint.o
 .text.USBD_GetEpFromAddr
                0x0001070c       0xa0 /opt/XDK-Workbench/workspace/xdk_ble_play/debug/objects/./../Libraries/EMlib/EMLib/usb/src/em_usbdint.o
 .text.USB_IRQHandler
                0x000107ac      0x16c /opt/XDK-Workbench/workspace/xdk_ble_play/debug/objects/./../Libraries/EMlib/EMLib/usb/src/em_usbdint.o
                0x000107ac                USB_IRQHandler
 .text.Handle_USB_GINTSTS_ENUMDONE
                0x00010918       0x3c /opt/XDK-Workbench/workspace/xdk_ble_play/debug/objects/./../Libraries/EMlib/EMLib/usb/src/em_usbdint.o
 .text.Handle_USB_GINTSTS_IEPINT
                0x00010954      0x118 /opt/XDK-Workbench/workspace/xdk_ble_play/debug/objects/./../Libraries/EMlib/EMLib/usb/src/em_usbdint.o
 .text.Handle_USB_GINTSTS_OEPINT
                0x00010a6c      0x230 /opt/XDK-Workbench/workspace/xdk_ble_play/debug/objects/./../Libraries/EMlib/EMLib/usb/src/em_usbdint.o
 .text.Handle_USB_GINTSTS_RESETDET
                0x00010c9c       0x40 /opt/XDK-Workbench/workspace/xdk_ble_play/debug/objects/./../Libraries/EMlib/EMLib/usb/src/em_usbdint.o
 .text.Handle_USB_GINTSTS_SOF
                0x00010cdc       0x64 /opt/XDK-Workbench/workspace/xdk_ble_play/debug/objects/./../Libraries/EMlib/EMLib/usb/src/em_usbdint.o
 .text.Handle_USB_GINTSTS_USBRST
                0x00010d40      0x150 /opt/XDK-Workbench/workspace/xdk_ble_play/debug/objects/./../Libraries/EMlib/EMLib/usb/src/em_usbdint.o
 .text.Handle_USB_GINTSTS_USBSUSP
                0x00010e90       0x68 /opt/XDK-Workbench/workspace/xdk_ble_play/debug/objects/./../Libraries/EMlib/EMLib/usb/src/em_usbdint.o
 .text.Handle_USB_GINTSTS_WKUPINT
                0x00010ef8       0x30 /opt/XDK-Workbench/workspace/xdk_ble_play/debug/objects/./../Libraries/EMlib/EMLib/usb/src/em_usbdint.o
 .text.main     0x00010f28       0x10 /opt/XDK-Workbench/workspace/xdk_ble_play/debug/objects/main.o
                0x00010f28                main
 .text.ble_send_packet
                0x00010f38       0xac /opt/XDK-Workbench/workspace/xdk_ble_play/debug/objects/XdkApplicationTemplate.o
 .text.ble_notify_cb
                0x00010fe4       0x58 /opt/XDK-Workbench/workspace/xdk_ble_play/debug/objects/XdkApplicationTemplate.o
 .text.ble_alpw_data_xch_cb
                0x0001103c       0x70 /opt/XDK-Workbench/workspace/xdk_ble_play/debug/objects/XdkApplicationTemplate.o
 .text.ble_app_service_register_cb
                0x000110ac       0x34 /opt/XDK-Workbench/workspace/xdk_ble_play/debug/objects/XdkApplicationTemplate.o
 .text.ble_app_init
                0x000110e0       0xbc /opt/XDK-Workbench/workspace/xdk_ble_play/debug/objects/XdkApplicationTemplate.o
 .text.ble_app_task
                0x0001119c       0x3c /opt/XDK-Workbench/workspace/xdk_ble_play/debug/objects/XdkApplicationTemplate.o
 .text.appInitSystem
                0x000111d8       0x5c /opt/XDK-Workbench/workspace/xdk_ble_play/debug/objects/XdkApplicationTemplate.o
                0x000111d8                appInitSystem
 .text          0x00011234       0x98 /opt/XDK-Workbench/workspace/xdk_ble_play/debug/objects/startup_efm32gg.o
                0x00011234                Reset_Handler
                0x00011268                Default_Handler
                0x0001126a                NMI_Handler
                0x0001126c                HardFault_Handler
                0x0001126e                MemManage_Handler
                0x00011270                BusFault_Handler
                0x00011272                UsageFault_Handler
                0x00011276                DebugMon_Handler
                0x0001127a                SysTick_Handler
                0x0001127c                DMA_IRQHandler
                0x00011286                ACMP0_IRQHandler
                0x0001128a                ADC0_IRQHandler
                0x0001128c                DAC0_IRQHandler
                0x00011294                TIMER1_IRQHandler
                0x00011296                TIMER2_IRQHandler
                0x00011298                TIMER3_IRQHandler
                0x0001129e                LESENSE_IRQHandler
                0x000112b0                LETIMER0_IRQHandler
                0x000112b2                PCNT0_IRQHandler
                0x000112b4                PCNT1_IRQHandler
                0x000112b6                PCNT2_IRQHandler
                0x000112ba                BURTC_IRQHandler
                0x000112bc                CMU_IRQHandler
                0x000112be                VCMP_IRQHandler
                0x000112c0                LCD_IRQHandler
                0x000112c2                MSC_IRQHandler
                0x000112c4                AES_IRQHandler
                0x000112c6                EBI_IRQHandler
                0x000112c8                EMU_IRQHandler
 .text.GPIO_PinOutClear
                0x000112cc       0x4c ./../Platform/BLE/debug/libBLE_efm32_debug.a(BLE_serialDriver_cc.o)
 .text.GPIO_PinOutSet
                0x00011318       0x4c ./../Platform/BLE/debug/libBLE_efm32_debug.a(BLE_serialDriver_cc.o)
 .text.bleHciPtdConfig
                0x00011364       0x88 ./../Platform/BLE/debug/libBLE_efm32_debug.a(BLE_serialDriver_cc.o)
 .text.BLE_hciDriverInit
                0x000113ec       0x40 ./../Platform/BLE/debug/libBLE_efm32_debug.a(BLE_serialDriver_cc.o)
                0x000113ec                BLE_hciDriverInit
 .text.BLE_hciDriverDeinit
                0x0001142c       0x24 ./../Platform/BLE/debug/libBLE_efm32_debug.a(BLE_serialDriver_cc.o)
                0x0001142c                BLE_hciDriverDeinit
 .text.BLE_hciReceiveData
                0x00011450       0x5c ./../Platform/BLE/debug/libBLE_efm32_debug.a(BLE_serialDriver_cc.o)
                0x00011450                BLE_hciReceiveData
 .text.BLE_hciAssertWakeupPin
                0x000114ac       0x14 ./../Platform/BLE/debug/libBLE_efm32_debug.a(BLE_serialDriver_cc.o)
                0x000114ac                BLE_hciAssertWakeupPin
 .text.BLE_hciDeassertWakeupPin
                0x000114c0       0x14 ./../Platform/BLE/debug/libBLE_efm32_debug.a(BLE_serialDriver_cc.o)
                0x000114c0                BLE_hciDeassertWakeupPin
 .text.BLE_hciSendData
                0x000114d4       0x3c ./../Platform/BLE/debug/libBLE_efm32_debug.a(BLE_serialDriver_cc.o)
                0x000114d4                BLE_hciSendData
 .text.bleCoreCallback
                0x00011510      0x224 ./../Platform/BLE/debug/libBLE_efm32_debug.a(BLE_stateHandler_cc.o)
 .text.bleGapCallback
                0x00011734      0x1e0 ./../Platform/BLE/debug/libBLE_efm32_debug.a(BLE_stateHandler_cc.o)
 .text.bleSetNonConnectableState
                0x00011914       0x40 ./../Platform/BLE/debug/libBLE_efm32_debug.a(BLE_stateHandler_cc.o)
 .text.BLE_coreStackInit
                0x00011954       0x60 ./../Platform/BLE/debug/libBLE_efm32_debug.a(BLE_stateHandler_cc.o)
                0x00011954                BLE_coreStackInit
 .text.BLEMGMT_NotifyToRun
                0x000119b4       0x24 ./../Platform/BLE/debug/libBLE_efm32_debug.a(BLE_stateHandler_cc.o)
                0x000119b4                BLEMGMT_NotifyToRun
 .text.BLE_coreStateMachine
                0x000119d8      0x308 ./../Platform/BLE/debug/libBLE_efm32_debug.a(BLE_stateHandler_cc.o)
                0x000119d8                BLE_coreStateMachine
 .text.BLE_customServiceRegistry
                0x00011ce0       0x34 ./../Platform/BLE/debug/libBLE_efm32_debug.a(BLE_stateHandler_cc.o)
                0x00011ce0                BLE_customServiceRegistry
 .text.BLE_setDeviceName
                0x00011d14       0x6c ./../Platform/BLE/debug/libBLE_efm32_debug.a(BLE_stateHandler_cc.o)
                0x00011d14                BLE_setDeviceName
 .text.BLE_enablenotificationForConnect
                0x00011d80       0x48 ./../Platform/BLE/debug/libBLE_efm32_debug.a(BLE_stateHandler_cc.o)
                0x00011d80                BLE_enablenotificationForConnect
 .text.BLE_sendData
                0x00011dc8       0x5c ./../Platform/BLE/debug/libBLE_efm32_debug.a(BLE_stateHandler_cc.o)
                0x00011dc8                BLE_sendData
 .text.SendCommand
                0x00011e24      0x168 ./../Platform/BLE/debug/libBLE_efm32_debug.a(BLE_radioInterface_cc.o)
 .text.BLE_checkAddressValidity
                0x00011f8c       0x3c ./../Platform/BLE/debug/libBLE_efm32_debug.a(BLE_radioInterface_cc.o)
 .text.BLERADIO_Init
                0x00011fc8       0x44 ./../Platform/BLE/debug/libBLE_efm32_debug.a(BLE_radioInterface_cc.o)
                0x00011fc8                BLERADIO_Init
 .text.BLERADIO_HCIEventHandler
                0x0001200c      0x234 ./../Platform/BLE/debug/libBLE_efm32_debug.a(BLE_radioInterface_cc.o)
                0x0001200c                BLERADIO_HCIEventHandler
 .text.BLERADIO_SetPublicAddress
                0x00012240       0x44 ./../Platform/BLE/debug/libBLE_efm32_debug.a(BLE_radioInterface_cc.o)
                0x00012240                BLERADIO_SetPublicAddress
 .text.BLERADIO_RegisterGetPublicAddressCallback
                0x00012284       0x34 ./../Platform/BLE/debug/libBLE_efm32_debug.a(BLE_radioInterface_cc.o)
                0x00012284                BLERADIO_RegisterGetPublicAddressCallback
 .text.BLERADIO_IsPublicAddressValid
                0x000122b8       0x18 ./../Platform/BLE/debug/libBLE_efm32_debug.a(BLE_radioInterface_cc.o)
                0x000122b8                BLERADIO_IsPublicAddressValid
 .text.xQueueGenericReset
                0x000122d0       0xc8 ./../Libraries/FreeRTOS/FreeRTOS/../BCDS_Customization/debug/libFreeRTOS_efm32_debug.a(queue.o)
                0x000122d0                xQueueGenericReset
 .text.xQueueGenericCreate
                0x00012398       0x90 ./../Libraries/FreeRTOS/FreeRTOS/../BCDS_Customization/debug/libFreeRTOS_efm32_debug.a(queue.o)
                0x00012398                xQueueGenericCreate
 .text.xQueueCreateMutex
                0x00012428       0xb0 ./../Libraries/FreeRTOS/FreeRTOS/../BCDS_Customization/debug/libFreeRTOS_efm32_debug.a(queue.o)
                0x00012428                xQueueCreateMutex
 .text.xQueueGenericSend
                0x000124d8      0x19c ./../Libraries/FreeRTOS/FreeRTOS/../BCDS_Customization/debug/libFreeRTOS_efm32_debug.a(queue.o)
                0x000124d8                xQueueGenericSend
 .text.xQueueGenericSendFromISR
                0x00012674       0xec ./../Libraries/FreeRTOS/FreeRTOS/../BCDS_Customization/debug/libFreeRTOS_efm32_debug.a(queue.o)
                0x00012674                xQueueGenericSendFromISR
 .text.xQueueGenericReceive
                0x00012760      0x1e0 ./../Libraries/FreeRTOS/FreeRTOS/../BCDS_Customization/debug/libFreeRTOS_efm32_debug.a(queue.o)
                0x00012760                xQueueGenericReceive
 .text.xQueueReceiveFromISR
                0x00012940       0xcc ./../Libraries/FreeRTOS/FreeRTOS/../BCDS_Customization/debug/libFreeRTOS_efm32_debug.a(queue.o)
                0x00012940                xQueueReceiveFromISR
 .text.prvCopyDataToQueue
                0x00012a0c       0xdc ./../Libraries/FreeRTOS/FreeRTOS/../BCDS_Customization/debug/libFreeRTOS_efm32_debug.a(queue.o)
 .text.prvCopyDataFromQueue
                0x00012ae8       0x50 ./../Libraries/FreeRTOS/FreeRTOS/../BCDS_Customization/debug/libFreeRTOS_efm32_debug.a(queue.o)
 .text.prvUnlockQueue
                0x00012b38       0xa0 ./../Libraries/FreeRTOS/FreeRTOS/../BCDS_Customization/debug/libFreeRTOS_efm32_debug.a(queue.o)
 .text.prvIsQueueEmpty
                0x00012bd8       0x34 ./../Libraries/FreeRTOS/FreeRTOS/../BCDS_Customization/debug/libFreeRTOS_efm32_debug.a(queue.o)
 .text.prvIsQueueFull
                0x00012c0c       0x38 ./../Libraries/FreeRTOS/FreeRTOS/../BCDS_Customization/debug/libFreeRTOS_efm32_debug.a(queue.o)
 .text.vQueueAddToRegistry
                0x00012c44       0x64 ./../Libraries/FreeRTOS/FreeRTOS/../BCDS_Customization/debug/libFreeRTOS_efm32_debug.a(queue.o)
                0x00012c44                vQueueAddToRegistry
 .text.vQueueWaitForMessageRestricted
                0x00012ca8       0x60 ./../Libraries/FreeRTOS/FreeRTOS/../BCDS_Customization/debug/libFreeRTOS_efm32_debug.a(queue.o)
                0x00012ca8                vQueueWaitForMessageRestricted
 .text.xTaskGenericCreate
                0x00012d08      0x1d0 ./../Libraries/FreeRTOS/FreeRTOS/../BCDS_Customization/debug/libFreeRTOS_efm32_debug.a(tasks.o)
                0x00012d08                xTaskGenericCreate
 .text.vTaskStartScheduler
                0x00012ed8       0x94 ./../Libraries/FreeRTOS/FreeRTOS/../BCDS_Customization/debug/libFreeRTOS_efm32_debug.a(tasks.o)
                0x00012ed8                vTaskStartScheduler
 .text.vTaskSuspendAll
                0x00012f6c       0x24 ./../Libraries/FreeRTOS/FreeRTOS/../BCDS_Customization/debug/libFreeRTOS_efm32_debug.a(tasks.o)
                0x00012f6c                vTaskSuspendAll
 .text.xTaskResumeAll
                0x00012f90      0x17c ./../Libraries/FreeRTOS/FreeRTOS/../BCDS_Customization/debug/libFreeRTOS_efm32_debug.a(tasks.o)
                0x00012f90                xTaskResumeAll
 .text.xTaskGetTickCount
                0x0001310c       0x28 ./../Libraries/FreeRTOS/FreeRTOS/../BCDS_Customization/debug/libFreeRTOS_efm32_debug.a(tasks.o)
                0x0001310c                xTaskGetTickCount
 .text.xTaskIncrementTick
                0x00013134      0x208 ./../Libraries/FreeRTOS/FreeRTOS/../BCDS_Customization/debug/libFreeRTOS_efm32_debug.a(tasks.o)
                0x00013134                xTaskIncrementTick
 .text.vTaskSwitchContext
                0x0001333c      0x16c ./../Libraries/FreeRTOS/FreeRTOS/../BCDS_Customization/debug/libFreeRTOS_efm32_debug.a(tasks.o)
                0x0001333c                vTaskSwitchContext
 .text.vTaskPlaceOnEventList
                0x000134a8       0x90 ./../Libraries/FreeRTOS/FreeRTOS/../BCDS_Customization/debug/libFreeRTOS_efm32_debug.a(tasks.o)
                0x000134a8                vTaskPlaceOnEventList
 .text.vTaskPlaceOnEventListRestricted
                0x00013538       0x68 ./../Libraries/FreeRTOS/FreeRTOS/../BCDS_Customization/debug/libFreeRTOS_efm32_debug.a(tasks.o)
                0x00013538                vTaskPlaceOnEventListRestricted
 .text.xTaskRemoveFromEventList
                0x000135a0       0xe8 ./../Libraries/FreeRTOS/FreeRTOS/../BCDS_Customization/debug/libFreeRTOS_efm32_debug.a(tasks.o)
                0x000135a0                xTaskRemoveFromEventList
 .text.vTaskSetTimeOutState
                0x00013688       0x44 ./../Libraries/FreeRTOS/FreeRTOS/../BCDS_Customization/debug/libFreeRTOS_efm32_debug.a(tasks.o)
                0x00013688                vTaskSetTimeOutState
 .text.xTaskCheckForTimeOut
                0x000136cc       0xc4 ./../Libraries/FreeRTOS/FreeRTOS/../BCDS_Customization/debug/libFreeRTOS_efm32_debug.a(tasks.o)
                0x000136cc                xTaskCheckForTimeOut
 .text.vTaskMissedYield
                0x00013790       0x18 ./../Libraries/FreeRTOS/FreeRTOS/../BCDS_Customization/debug/libFreeRTOS_efm32_debug.a(tasks.o)
                0x00013790                vTaskMissedYield
 .text.prvIdleTask
                0x000137a8       0x10 ./../Libraries/FreeRTOS/FreeRTOS/../BCDS_Customization/debug/libFreeRTOS_efm32_debug.a(tasks.o)
 .text.prvInitialiseTCBVariables
                0x000137b8       0xa0 ./../Libraries/FreeRTOS/FreeRTOS/../BCDS_Customization/debug/libFreeRTOS_efm32_debug.a(tasks.o)
 .text.prvInitialiseTaskLists
                0x00013858       0xa4 ./../Libraries/FreeRTOS/FreeRTOS/../BCDS_Customization/debug/libFreeRTOS_efm32_debug.a(tasks.o)
 .text.prvCheckTasksWaitingTermination
                0x000138fc       0x9c ./../Libraries/FreeRTOS/FreeRTOS/../BCDS_Customization/debug/libFreeRTOS_efm32_debug.a(tasks.o)
 .text.prvAddCurrentTaskToDelayedList
                0x00013998       0x8c ./../Libraries/FreeRTOS/FreeRTOS/../BCDS_Customization/debug/libFreeRTOS_efm32_debug.a(tasks.o)
 .text.prvAllocateTCBAndStack
                0x00013a24       0x70 ./../Libraries/FreeRTOS/FreeRTOS/../BCDS_Customization/debug/libFreeRTOS_efm32_debug.a(tasks.o)
 .text.prvDeleteTCB
                0x00013a94       0x20 ./../Libraries/FreeRTOS/FreeRTOS/../BCDS_Customization/debug/libFreeRTOS_efm32_debug.a(tasks.o)
 .text.prvResetNextTaskUnblockTime
                0x00013ab4       0x5c ./../Libraries/FreeRTOS/FreeRTOS/../BCDS_Customization/debug/libFreeRTOS_efm32_debug.a(tasks.o)
 .text.xTaskGetCurrentTaskHandle
                0x00013b10       0x20 ./../Libraries/FreeRTOS/FreeRTOS/../BCDS_Customization/debug/libFreeRTOS_efm32_debug.a(tasks.o)
                0x00013b10                xTaskGetCurrentTaskHandle
 .text.xTaskGetSchedulerState
                0x00013b30       0x48 ./../Libraries/FreeRTOS/FreeRTOS/../BCDS_Customization/debug/libFreeRTOS_efm32_debug.a(tasks.o)
                0x00013b30                xTaskGetSchedulerState
 .text.vTaskPriorityInherit
                0x00013b78       0xf0 ./../Libraries/FreeRTOS/FreeRTOS/../BCDS_Customization/debug/libFreeRTOS_efm32_debug.a(tasks.o)
                0x00013b78                vTaskPriorityInherit
 .text.vTaskPriorityDisinherit
                0x00013c68       0x98 ./../Libraries/FreeRTOS/FreeRTOS/../BCDS_Customization/debug/libFreeRTOS_efm32_debug.a(tasks.o)
                0x00013c68                vTaskPriorityDisinherit
 .text.xTimerCreateTimerTask
                0x00013d00       0x78 ./../Libraries/FreeRTOS/FreeRTOS/../BCDS_Customization/debug/libFreeRTOS_efm32_debug.a(timers.o)
                0x00013d00                xTimerCreateTimerTask
 .text.xTimerCreate
                0x00013d78       0x7c ./../Libraries/FreeRTOS/FreeRTOS/../BCDS_Customization/debug/libFreeRTOS_efm32_debug.a(timers.o)
                0x00013d78                xTimerCreate
 .text.xTimerGenericCommand
                0x00013df4       0xac ./../Libraries/FreeRTOS/FreeRTOS/../BCDS_Customization/debug/libFreeRTOS_efm32_debug.a(timers.o)
                0x00013df4                xTimerGenericCommand
 .text.prvProcessExpiredTimer
                0x00013ea0       0x88 ./../Libraries/FreeRTOS/FreeRTOS/../BCDS_Customization/debug/libFreeRTOS_efm32_debug.a(timers.o)
 .text.prvTimerTask
                0x00013f28       0x24 ./../Libraries/FreeRTOS/FreeRTOS/../BCDS_Customization/debug/libFreeRTOS_efm32_debug.a(timers.o)
 .text.prvProcessTimerOrBlockTask
                0x00013f4c       0x74 ./../Libraries/FreeRTOS/FreeRTOS/../BCDS_Customization/debug/libFreeRTOS_efm32_debug.a(timers.o)
 .text.prvGetNextExpireTime
                0x00013fc0       0x54 ./../Libraries/FreeRTOS/FreeRTOS/../BCDS_Customization/debug/libFreeRTOS_efm32_debug.a(timers.o)
 .text.prvSampleTimeNow
                0x00014014       0x4c ./../Libraries/FreeRTOS/FreeRTOS/../BCDS_Customization/debug/libFreeRTOS_efm32_debug.a(timers.o)
 .text.prvInsertTimerInActiveList
                0x00014060       0x94 ./../Libraries/FreeRTOS/FreeRTOS/../BCDS_Customization/debug/libFreeRTOS_efm32_debug.a(timers.o)
 .text.prvProcessReceivedCommands
                0x000140f4      0x174 ./../Libraries/FreeRTOS/FreeRTOS/../BCDS_Customization/debug/libFreeRTOS_efm32_debug.a(timers.o)
 .text.prvSwitchTimerLists
                0x00014268       0xf0 ./../Libraries/FreeRTOS/FreeRTOS/../BCDS_Customization/debug/libFreeRTOS_efm32_debug.a(timers.o)
 .text.prvCheckForValidListAndQueue
                0x00014358       0xb8 ./../Libraries/FreeRTOS/FreeRTOS/../BCDS_Customization/debug/libFreeRTOS_efm32_debug.a(timers.o)
 .text.xTimerPendFunctionCallFromISR
                0x00014410       0x4c ./../Libraries/FreeRTOS/FreeRTOS/../BCDS_Customization/debug/libFreeRTOS_efm32_debug.a(timers.o)
                0x00014410                xTimerPendFunctionCallFromISR
 .text.pvPortMalloc
                0x0001445c      0x188 ./../Libraries/FreeRTOS/FreeRTOS/../BCDS_Customization/debug/libFreeRTOS_efm32_debug.a(heap_4.o)
                0x0001445c                pvPortMalloc
 .text.vPortFree
                0x000145e4       0xcc ./../Libraries/FreeRTOS/FreeRTOS/../BCDS_Customization/debug/libFreeRTOS_efm32_debug.a(heap_4.o)
                0x000145e4                vPortFree
 .text.prvHeapInit
                0x000146b0      0x100 ./../Libraries/FreeRTOS/FreeRTOS/../BCDS_Customization/debug/libFreeRTOS_efm32_debug.a(heap_4.o)
 .text.prvInsertBlockIntoFreeList
                0x000147b0       0xbc ./../Libraries/FreeRTOS/FreeRTOS/../BCDS_Customization/debug/libFreeRTOS_efm32_debug.a(heap_4.o)
 .text.pxPortInitialiseStack
                0x0001486c       0x64 ./../Libraries/FreeRTOS/FreeRTOS/../BCDS_Customization/debug/libFreeRTOS_efm32_debug.a(port.o)
                0x0001486c                pxPortInitialiseStack
 .text.prvTaskExitError
                0x000148d0       0x2c ./../Libraries/FreeRTOS/FreeRTOS/../BCDS_Customization/debug/libFreeRTOS_efm32_debug.a(port.o)
 .text.SVC_Handler
                0x000148fc       0x24 ./../Libraries/FreeRTOS/FreeRTOS/../BCDS_Customization/debug/libFreeRTOS_efm32_debug.a(port.o)
                0x000148fc                SVC_Handler
 .text.prvPortStartFirstTask
                0x00014920       0x1c ./../Libraries/FreeRTOS/FreeRTOS/../BCDS_Customization/debug/libFreeRTOS_efm32_debug.a(port.o)
 .text.xPortStartScheduler
                0x0001493c      0x10c ./../Libraries/FreeRTOS/FreeRTOS/../BCDS_Customization/debug/libFreeRTOS_efm32_debug.a(port.o)
                0x0001493c                xPortStartScheduler
 .text.vPortYield
                0x00014a48       0x20 ./../Libraries/FreeRTOS/FreeRTOS/../BCDS_Customization/debug/libFreeRTOS_efm32_debug.a(port.o)
                0x00014a48                vPortYield
 .text.vPortEnterCritical
                0x00014a68       0x2c ./../Libraries/FreeRTOS/FreeRTOS/../BCDS_Customization/debug/libFreeRTOS_efm32_debug.a(port.o)
                0x00014a68                vPortEnterCritical
 .text.vPortExitCritical
                0x00014a94       0x54 ./../Libraries/FreeRTOS/FreeRTOS/../BCDS_Customization/debug/libFreeRTOS_efm32_debug.a(port.o)
                0x00014a94                vPortExitCritical
 .text.ulPortSetInterruptMask
                0x00014ae8       0x14 ./../Libraries/FreeRTOS/FreeRTOS/../BCDS_Customization/debug/libFreeRTOS_efm32_debug.a(port.o)
                0x00014ae8                ulPortSetInterruptMask
 .text.vPortClearInterruptMask
                0x00014afc        0x8 ./../Libraries/FreeRTOS/FreeRTOS/../BCDS_Customization/debug/libFreeRTOS_efm32_debug.a(port.o)
                0x00014afc                vPortClearInterruptMask
 .text.PendSV_Handler
                0x00014b04       0x44 ./../Libraries/FreeRTOS/FreeRTOS/../BCDS_Customization/debug/libFreeRTOS_efm32_debug.a(port.o)
                0x00014b04                PendSV_Handler
 .text.vPortValidateInterruptPriority
                0x00014b48       0x78 ./../Libraries/FreeRTOS/FreeRTOS/../BCDS_Customization/debug/libFreeRTOS_efm32_debug.a(port.o)
                0x00014b48                vPortValidateInterruptPriority
 .text.vListInitialise
                0x00014bc0       0x40 ./../Libraries/FreeRTOS/FreeRTOS/../BCDS_Customization/debug/libFreeRTOS_efm32_debug.a(list.o)
                0x00014bc0                vListInitialise
 .text.vListInitialiseItem
                0x00014c00       0x1c ./../Libraries/FreeRTOS/FreeRTOS/../BCDS_Customization/debug/libFreeRTOS_efm32_debug.a(list.o)
                0x00014c00                vListInitialiseItem
 .text.vListInsertEnd
                0x00014c1c       0x48 ./../Libraries/FreeRTOS/FreeRTOS/../BCDS_Customization/debug/libFreeRTOS_efm32_debug.a(list.o)
                0x00014c1c                vListInsertEnd
 .text.vListInsert
                0x00014c64       0x74 ./../Libraries/FreeRTOS/FreeRTOS/../BCDS_Customization/debug/libFreeRTOS_efm32_debug.a(list.o)
                0x00014c64                vListInsert
 .text.uxListRemove
                0x00014cd8       0x58 ./../Libraries/FreeRTOS/FreeRTOS/../BCDS_Customization/debug/libFreeRTOS_efm32_debug.a(list.o)
                0x00014cd8                uxListRemove
 .text.I2C_init
                0x00014d30      0x100 ./../Platform/Peripherals/debug/libPeripherals_efm32_debug.a(I2C_cc.o)
                0x00014d30                I2C_init
 .text.I2C_i2cDecodeCallbackFunction
                0x00014e30      0x1b8 ./../Platform/Peripherals/debug/libPeripherals_efm32_debug.a(I2C_cc.o)
                0x00014e30                I2C_i2cDecodeCallbackFunction
 .text.SID_init
                0x00014fe8       0xc4 ./../Platform/Peripherals/debug/libPeripherals_efm32_debug.a(SID_serialDriverInf_cc.o)
                0x00014fe8                SID_init
 .text.NVIC_EnableIRQ
                0x000150ac       0x38 ./../Platform/Peripherals/debug/libPeripherals_efm32_debug.a(I2C_efm32Driver_cc.o)
 .text.NVIC_ClearPendingIRQ
                0x000150e4       0x3c ./../Platform/Peripherals/debug/libPeripherals_efm32_debug.a(I2C_efm32Driver_cc.o)
 .text.I2C_initCtrSpecific
                0x00015120      0x114 ./../Platform/Peripherals/debug/libPeripherals_efm32_debug.a(I2C_efm32Driver_cc.o)
                0x00015120                I2C_initCtrSpecific
 .text.I2C_startTransfer
                0x00015234       0xac ./../Platform/Peripherals/debug/libPeripherals_efm32_debug.a(I2C_efm32Driver_cc.o)
                0x00015234                I2C_startTransfer
 .text.I2C0_IRQHandler
                0x000152e0      0x3b4 ./../Platform/Peripherals/debug/libPeripherals_efm32_debug.a(I2C_efm32Driver_cc.o)
                0x000152e0                I2C0_IRQHandler
 .text.I2C1_IRQHandler
                0x00015694      0x3b4 ./../Platform/Peripherals/debug/libPeripherals_efm32_debug.a(I2C_efm32Driver_cc.o)
                0x00015694                I2C1_IRQHandler
 .text.I2C_triggerNextI2CTransfer
                0x00015a48      0x138 ./../Platform/Peripherals/debug/libPeripherals_efm32_debug.a(I2C_efm32Driver_cc.o)
                0x00015a48                I2C_triggerNextI2CTransfer
 .text.NVIC_EnableIRQ
                0x00015b80       0x38 ./../Platform/Peripherals/debug/libPeripherals_efm32_debug.a(PTD_portDriver_cc.o)
 .text.NVIC_ClearPendingIRQ
                0x00015bb8       0x3c ./../Platform/Peripherals/debug/libPeripherals_efm32_debug.a(PTD_portDriver_cc.o)
 .text.GPIO_IntClear
                0x00015bf4       0x20 ./../Platform/Peripherals/debug/libPeripherals_efm32_debug.a(PTD_portDriver_cc.o)
 .text.PTD_portInit
                0x00015c14       0x18 ./../Platform/Peripherals/debug/libPeripherals_efm32_debug.a(PTD_portDriver_cc.o)
                0x00015c14                PTD_portInit
 .text.PTD_portInteruptConfig
                0x00015c2c       0x28 ./../Platform/Peripherals/debug/libPeripherals_efm32_debug.a(PTD_portDriver_cc.o)
                0x00015c2c                PTD_portInteruptConfig
 .text.PTD_setInterruptPinCount
                0x00015c54       0xf0 ./../Platform/Peripherals/debug/libPeripherals_efm32_debug.a(PTD_portDriver_cc.o)
                0x00015c54                PTD_setInterruptPinCount
 .text.GPIO_ODD_IRQHandler
                0x00015d44       0x98 ./../Platform/Peripherals/debug/libPeripherals_efm32_debug.a(PTD_portDriver_cc.o)
                0x00015d44                GPIO_ODD_IRQHandler
 .text.GPIO_EVEN_IRQHandler
                0x00015ddc       0x98 ./../Platform/Peripherals/debug/libPeripherals_efm32_debug.a(PTD_portDriver_cc.o)
                0x00015ddc                GPIO_EVEN_IRQHandler
 .text.NVIC_EnableIRQ
                0x00015e74       0x38 ./../Platform/Peripherals/debug/libPeripherals_efm32_debug.a(SER_serialDriver_cc.o)
 .text.NVIC_ClearPendingIRQ
                0x00015eac       0x3c ./../Platform/Peripherals/debug/libPeripherals_efm32_debug.a(SER_serialDriver_cc.o)
 .text.INT_Disable
                0x00015ee8       0x40 ./../Platform/Peripherals/debug/libPeripherals_efm32_debug.a(SER_serialDriver_cc.o)
 .text.INT_Enable
                0x00015f28       0x54 ./../Platform/Peripherals/debug/libPeripherals_efm32_debug.a(SER_serialDriver_cc.o)
 .text.SER_callbackMapping
                0x00015f7c       0x50 ./../Platform/Peripherals/debug/libPeripherals_efm32_debug.a(SER_serialDriver_cc.o)
 .text.SER_initLeuart
                0x00015fcc      0x19c ./../Platform/Peripherals/debug/libPeripherals_efm32_debug.a(SER_serialDriver_cc.o)
 .text.SER_initUsart
                0x00016168      0x25c ./../Platform/Peripherals/debug/libPeripherals_efm32_debug.a(SER_serialDriver_cc.o)
 .text.SER_initUart
                0x000163c4      0x224 ./../Platform/Peripherals/debug/libPeripherals_efm32_debug.a(SER_serialDriver_cc.o)
 .text.SER_serialDisable
                0x000165e8       0x84 ./../Platform/Peripherals/debug/libPeripherals_efm32_debug.a(SER_serialDriver_cc.o)
                0x000165e8                SER_serialDisable
 .text.SER_serialInit
                0x0001666c      0x100 ./../Platform/Peripherals/debug/libPeripherals_efm32_debug.a(SER_serialDriver_cc.o)
                0x0001666c                SER_serialInit
 .text.SER_serialWrite
                0x0001676c      0x124 ./../Platform/Peripherals/debug/libPeripherals_efm32_debug.a(SER_serialDriver_cc.o)
                0x0001676c                SER_serialWrite
 .text.SER_serialRead
                0x00016890       0x88 ./../Platform/Peripherals/debug/libPeripherals_efm32_debug.a(SER_serialDriver_cc.o)
                0x00016890                SER_serialRead
 .text.LEUART0_IRQHandler
                0x00016918      0x150 ./../Platform/Peripherals/debug/libPeripherals_efm32_debug.a(SER_serialDriver_cc.o)
                0x00016918                LEUART0_IRQHandler
 .text.LEUART1_IRQHandler
                0x00016a68      0x148 ./../Platform/Peripherals/debug/libPeripherals_efm32_debug.a(SER_serialDriver_cc.o)
                0x00016a68                LEUART1_IRQHandler
 .text.USART0_TX_IRQHandler
                0x00016bb0       0xac ./../Platform/Peripherals/debug/libPeripherals_efm32_debug.a(SER_serialDriver_cc.o)
                0x00016bb0                USART0_TX_IRQHandler
 .text.USART0_RX_IRQHandler
                0x00016c5c       0xa0 ./../Platform/Peripherals/debug/libPeripherals_efm32_debug.a(SER_serialDriver_cc.o)
                0x00016c5c                USART0_RX_IRQHandler
 .text.USART1_TX_IRQHandler
                0x00016cfc       0xa8 ./../Platform/Peripherals/debug/libPeripherals_efm32_debug.a(SER_serialDriver_cc.o)
                0x00016cfc                USART1_TX_IRQHandler
 .text.USART1_RX_IRQHandler
                0x00016da4       0xa4 ./../Platform/Peripherals/debug/libPeripherals_efm32_debug.a(SER_serialDriver_cc.o)
                0x00016da4                USART1_RX_IRQHandler
 .text.USART2_TX_IRQHandler
                0x00016e48       0xa8 ./../Platform/Peripherals/debug/libPeripherals_efm32_debug.a(SER_serialDriver_cc.o)
                0x00016e48                USART2_TX_IRQHandler
 .text.USART2_RX_IRQHandler
                0x00016ef0       0xa0 ./../Platform/Peripherals/debug/libPeripherals_efm32_debug.a(SER_serialDriver_cc.o)
                0x00016ef0                USART2_RX_IRQHandler
 .text.UART0_TX_IRQHandler
                0x00016f90       0x94 ./../Platform/Peripherals/debug/libPeripherals_efm32_debug.a(SER_serialDriver_cc.o)
                0x00016f90                UART0_TX_IRQHandler
 .text.UART0_RX_IRQHandler
                0x00017024       0xa0 ./../Platform/Peripherals/debug/libPeripherals_efm32_debug.a(SER_serialDriver_cc.o)
                0x00017024                UART0_RX_IRQHandler
 .text.UART1_TX_IRQHandler
                0x000170c4       0x8c ./../Platform/Peripherals/debug/libPeripherals_efm32_debug.a(SER_serialDriver_cc.o)
                0x000170c4                UART1_TX_IRQHandler
 .text.UART1_RX_IRQHandler
                0x00017150       0xa0 ./../Platform/Peripherals/debug/libPeripherals_efm32_debug.a(SER_serialDriver_cc.o)
                0x00017150                UART1_RX_IRQHandler
 .text.USB_setSerialNumber
                0x000171f0       0x7c ./../Platform/Peripherals/debug/libPeripherals_efm32_debug.a(USB_cc.o)
 .text.USB_dataReceivedCallback
                0x0001726c       0x98 ./../Platform/Peripherals/debug/libPeripherals_efm32_debug.a(USB_cc.o)
 .text.USB_dataTransferred
                0x00017304       0x4c ./../Platform/Peripherals/debug/libPeripherals_efm32_debug.a(USB_cc.o)
 .text.USB_stateChange
                0x00017350       0x58 ./../Platform/Peripherals/debug/libPeripherals_efm32_debug.a(USB_cc.o)
                0x00017350                USB_stateChange
 .text.USB_setupCommand
                0x000173a8      0x108 ./../Platform/Peripherals/debug/libPeripherals_efm32_debug.a(USB_cc.o)
                0x000173a8                USB_setupCommand
 .text.USB_init
                0x000174b0       0xd0 ./../Platform/Peripherals/debug/libPeripherals_efm32_debug.a(USB_cc.o)
                0x000174b0                USB_init
 .text.USB_receiveByte
                0x00017580       0xa0 ./../Platform/Peripherals/debug/libPeripherals_efm32_debug.a(USB_cc.o)
                0x00017580                USB_receiveByte
 .text.RETARGET_WriteChar
                0x00017620       0x2c ./../Platform/Peripherals/debug/libPeripherals_efm32_debug.a(USB_cc.o)
                0x00017620                RETARGET_WriteChar
 .text.USB_transmitData
                0x0001764c       0xc4 ./../Platform/Peripherals/debug/libPeripherals_efm32_debug.a(USB_cc.o)
                0x0001764c                USB_transmitData
 .text.RETARGET_ReadChar
                0x00017710       0x24 ./../Platform/Peripherals/debug/libPeripherals_efm32_debug.a(USB_cc.o)
                0x00017710                RETARGET_ReadChar
 .text.USB_callBackMapping
                0x00017734       0x38 ./../Platform/Peripherals/debug/libPeripherals_efm32_debug.a(USB_cc.o)
                0x00017734                USB_callBackMapping
 .text.BITBAND_Peripheral
                0x0001776c       0x30 ./../Libraries/EMlib/EMLib/../BCDS_Customization/debug/libEMLib_efm32_debug.a(em_cmu.o)
 .text.CMU_MaxFreqHfle
                0x0001779c       0xb8 ./../Libraries/EMlib/EMLib/../BCDS_Customization/debug/libEMLib_efm32_debug.a(em_cmu.o)
 .text.CMU_FlashWaitStateMax
                0x00017854       0x68 ./../Libraries/EMlib/EMLib/../BCDS_Customization/debug/libEMLib_efm32_debug.a(em_cmu.o)
 .text.CMU_DivToLog2
                0x000178bc       0x38 ./../Libraries/EMlib/EMLib/../BCDS_Customization/debug/libEMLib_efm32_debug.a(em_cmu.o)
 .text.CMU_FlashWaitStateControl
                0x000178f4       0xf4 ./../Libraries/EMlib/EMLib/../BCDS_Customization/debug/libEMLib_efm32_debug.a(em_cmu.o)
 .text.CMU_USBCClkGet
                0x000179e8       0x50 ./../Libraries/EMlib/EMLib/../BCDS_Customization/debug/libEMLib_efm32_debug.a(em_cmu.o)
 .text.CMU_AUXClkGet
                0x00017a38       0x9c ./../Libraries/EMlib/EMLib/../BCDS_Customization/debug/libEMLib_efm32_debug.a(em_cmu.o)
 .text.CMU_DBGClkGet
                0x00017ad4       0x64 ./../Libraries/EMlib/EMLib/../BCDS_Customization/debug/libEMLib_efm32_debug.a(em_cmu.o)
 .text.CMU_LFClkGet
                0x00017b38       0xd4 ./../Libraries/EMlib/EMLib/../BCDS_Customization/debug/libEMLib_efm32_debug.a(em_cmu.o)
 .text.CMU_Sync
                0x00017c0c       0x3c ./../Libraries/EMlib/EMLib/../BCDS_Customization/debug/libEMLib_efm32_debug.a(em_cmu.o)
 .text.CMU_ClockDivSet
                0x00017c48      0x298 ./../Libraries/EMlib/EMLib/../BCDS_Customization/debug/libEMLib_efm32_debug.a(em_cmu.o)
                0x00017c48                CMU_ClockDivSet
 .text.CMU_ClockEnable
                0x00017ee0      0x10c ./../Libraries/EMlib/EMLib/../BCDS_Customization/debug/libEMLib_efm32_debug.a(em_cmu.o)
                0x00017ee0                CMU_ClockEnable
 .text.CMU_ClockFreqGet
                0x00017fec      0x1e8 ./../Libraries/EMlib/EMLib/../BCDS_Customization/debug/libEMLib_efm32_debug.a(em_cmu.o)
                0x00017fec                CMU_ClockFreqGet
 .text.CMU_ClockSelectGet
                0x000181d4      0x1a4 ./../Libraries/EMlib/EMLib/../BCDS_Customization/debug/libEMLib_efm32_debug.a(em_cmu.o)
                0x000181d4                CMU_ClockSelectGet
 .text.CMU_ClockSelectSet
                0x00018378      0x38c ./../Libraries/EMlib/EMLib/../BCDS_Customization/debug/libEMLib_efm32_debug.a(em_cmu.o)
                0x00018378                CMU_ClockSelectSet
 .text.CMU_OscillatorEnable
                0x00018704       0xe8 ./../Libraries/EMlib/EMLib/../BCDS_Customization/debug/libEMLib_efm32_debug.a(em_cmu.o)
                0x00018704                CMU_OscillatorEnable
 .text.EMU_UpdateOscConfig
                0x000187ec       0x20 ./../Libraries/EMlib/EMLib/../BCDS_Customization/debug/libEMLib_efm32_debug.a(em_emu.o)
                0x000187ec                EMU_UpdateOscConfig
 .text.GPIO_DriveModeSet
                0x0001880c       0x60 ./../Libraries/EMlib/EMLib/../BCDS_Customization/debug/libEMLib_efm32_debug.a(em_gpio.o)
                0x0001880c                GPIO_DriveModeSet
 .text.GPIO_PinModeSet
                0x0001886c      0x1b8 ./../Libraries/EMlib/EMLib/../BCDS_Customization/debug/libEMLib_efm32_debug.a(em_gpio.o)
                0x0001886c                GPIO_PinModeSet
 .text.BITBAND_Peripheral
                0x00018a24       0x30 ./../Libraries/EMlib/EMLib/../BCDS_Customization/debug/libEMLib_efm32_debug.a(em_i2c.o)
 .text.I2C_BusFreqSet
                0x00018a54       0x94 ./../Libraries/EMlib/EMLib/../BCDS_Customization/debug/libEMLib_efm32_debug.a(em_i2c.o)
                0x00018a54                I2C_BusFreqSet
 .text.I2C_Init
                0x00018ae8       0x84 ./../Libraries/EMlib/EMLib/../BCDS_Customization/debug/libEMLib_efm32_debug.a(em_i2c.o)
                0x00018ae8                I2C_Init
 .text.LEUART_Sync
                0x00018b6c       0x34 ./../Libraries/EMlib/EMLib/../BCDS_Customization/debug/libEMLib_efm32_debug.a(em_leuart.o)
 .text.LEUART_BaudrateSet
                0x00018ba0       0x90 ./../Libraries/EMlib/EMLib/../BCDS_Customization/debug/libEMLib_efm32_debug.a(em_leuart.o)
                0x00018ba0                LEUART_BaudrateSet
 .text.LEUART_Enable
                0x00018c30       0x60 ./../Libraries/EMlib/EMLib/../BCDS_Customization/debug/libEMLib_efm32_debug.a(em_leuart.o)
                0x00018c30                LEUART_Enable
 .text.LEUART_FreezeEnable
                0x00018c90       0x38 ./../Libraries/EMlib/EMLib/../BCDS_Customization/debug/libEMLib_efm32_debug.a(em_leuart.o)
                0x00018c90                LEUART_FreezeEnable
 .text.LEUART_Init
                0x00018cc8       0x8c ./../Libraries/EMlib/EMLib/../BCDS_Customization/debug/libEMLib_efm32_debug.a(em_leuart.o)
                0x00018cc8                LEUART_Init
 .text.LEUART_Reset
                0x00018d54       0x88 ./../Libraries/EMlib/EMLib/../BCDS_Customization/debug/libEMLib_efm32_debug.a(em_leuart.o)
                0x00018d54                LEUART_Reset
 .text.USART_BaudrateAsyncSet
                0x00018ddc       0xd0 ./../Libraries/EMlib/EMLib/../BCDS_Customization/debug/libEMLib_efm32_debug.a(em_usart.o)
                0x00018ddc                USART_BaudrateAsyncSet
 .text.USART_Enable
                0x00018eac       0x7c ./../Libraries/EMlib/EMLib/../BCDS_Customization/debug/libEMLib_efm32_debug.a(em_usart.o)
                0x00018eac                USART_Enable
 .text.USART_InitAsync
                0x00018f28       0xbc ./../Libraries/EMlib/EMLib/../BCDS_Customization/debug/libEMLib_efm32_debug.a(em_usart.o)
                0x00018f28                USART_InitAsync
 .text.USART_Reset
                0x00018fe4       0xd8 ./../Libraries/EMlib/EMLib/../BCDS_Customization/debug/libEMLib_efm32_debug.a(em_usart.o)
                0x00018fe4                USART_Reset
 .text.NVIC_EnableIRQ
                0x000190bc       0x38 ./../Libraries/EMlib/EMLib/../BCDS_Customization/debug/libEMLib_efm32_debug.a(em_usbd.o)
 .text.NVIC_ClearPendingIRQ
                0x000190f4       0x3c ./../Libraries/EMlib/EMLib/../BCDS_Customization/debug/libEMLib_efm32_debug.a(em_usbd.o)
 .text.INT_Disable
                0x00019130       0x40 ./../Libraries/EMlib/EMLib/../BCDS_Customization/debug/libEMLib_efm32_debug.a(em_usbd.o)
 .text.INT_Enable
                0x00019170       0x54 ./../Libraries/EMlib/EMLib/../BCDS_Customization/debug/libEMLib_efm32_debug.a(em_usbd.o)
 .text.USBHAL_DisableGlobalInt
                0x000191c4       0x34 ./../Libraries/EMlib/EMLib/../BCDS_Customization/debug/libEMLib_efm32_debug.a(em_usbd.o)
 .text.USBHAL_EnableGlobalInt
                0x000191f8       0x34 ./../Libraries/EMlib/EMLib/../BCDS_Customization/debug/libEMLib_efm32_debug.a(em_usbd.o)
 .text.USBDHAL_EnableUsbResetAndSuspendInt
                0x0001922c       0x38 ./../Libraries/EMlib/EMLib/../BCDS_Customization/debug/libEMLib_efm32_debug.a(em_usbd.o)
 .text.USBDHAL_EpIsStalled
                0x00019264       0x3c ./../Libraries/EMlib/EMLib/../BCDS_Customization/debug/libEMLib_efm32_debug.a(em_usbd.o)
 .text.USBDHAL_GetStallStatusEp
                0x000192a0       0xc0 ./../Libraries/EMlib/EMLib/../BCDS_Customization/debug/libEMLib_efm32_debug.a(em_usbd.o)
 .text.USBDHAL_SetEp0InDmaPtr
                0x00019360       0x28 ./../Libraries/EMlib/EMLib/../BCDS_Customization/debug/libEMLib_efm32_debug.a(em_usbd.o)
 .text.USBDHAL_SetEp0OutDmaPtr
                0x00019388       0x28 ./../Libraries/EMlib/EMLib/../BCDS_Customization/debug/libEMLib_efm32_debug.a(em_usbd.o)
 .text.USBDHAL_StartEp0In
                0x000193b0       0x5c ./../Libraries/EMlib/EMLib/../BCDS_Customization/debug/libEMLib_efm32_debug.a(em_usbd.o)
 .text.USBDHAL_StartEp0Out
                0x0001940c       0x5c ./../Libraries/EMlib/EMLib/../BCDS_Customization/debug/libEMLib_efm32_debug.a(em_usbd.o)
 .text.USBDHAL_StartEpIn
                0x00019468       0xc8 ./../Libraries/EMlib/EMLib/../BCDS_Customization/debug/libEMLib_efm32_debug.a(em_usbd.o)
 .text.USBDHAL_StartEpOut
                0x00019530       0xd4 ./../Libraries/EMlib/EMLib/../BCDS_Customization/debug/libEMLib_efm32_debug.a(em_usbd.o)
 .text.USBD_ArmEp
                0x00019604       0x28 ./../Libraries/EMlib/EMLib/../BCDS_Customization/debug/libEMLib_efm32_debug.a(em_usbd.o)
 .text.USBD_ArmEp0
                0x0001962c       0x88 ./../Libraries/EMlib/EMLib/../BCDS_Customization/debug/libEMLib_efm32_debug.a(em_usbd.o)
 .text.USBD_ArmEpN
                0x000196b4       0x28 ./../Libraries/EMlib/EMLib/../BCDS_Customization/debug/libEMLib_efm32_debug.a(em_usbd.o)
 .text.USBD_GetEpFromAddr
                0x000196dc       0xa0 ./../Libraries/EMlib/EMLib/../BCDS_Customization/debug/libEMLib_efm32_debug.a(em_usbd.o)
 .text.USBD_Disconnect
                0x0001977c       0x14 ./../Libraries/EMlib/EMLib/../BCDS_Customization/debug/libEMLib_efm32_debug.a(em_usbd.o)
                0x0001977c                USBD_Disconnect
 .text.USBD_GetUsbState
                0x00019790       0x1c ./../Libraries/EMlib/EMLib/../BCDS_Customization/debug/libEMLib_efm32_debug.a(em_usbd.o)
                0x00019790                USBD_GetUsbState
 .text.USBD_Init
                0x000197ac      0x4fc ./../Libraries/EMlib/EMLib/../BCDS_Customization/debug/libEMLib_efm32_debug.a(em_usbd.o)
                0x000197ac                USBD_Init
 .text.USBD_Read
                0x00019ca8      0x108 ./../Libraries/EMlib/EMLib/../BCDS_Customization/debug/libEMLib_efm32_debug.a(em_usbd.o)
                0x00019ca8                USBD_Read
 .text.USBD_SetUsbState
                0x00019db0       0x98 ./../Libraries/EMlib/EMLib/../BCDS_Customization/debug/libEMLib_efm32_debug.a(em_usbd.o)
                0x00019db0                USBD_SetUsbState
 .text.USBD_Write
                0x00019e48      0x10c ./../Libraries/EMlib/EMLib/../BCDS_Customization/debug/libEMLib_efm32_debug.a(em_usbd.o)
                0x00019e48                USBD_Write
 .text.NVIC_ClearPendingIRQ
                0x00019f54       0x3c ./../Libraries/EMlib/EMLib/../BCDS_Customization/debug/libEMLib_efm32_debug.a(em_usbhal.o)
 .text.INT_Disable
                0x00019f90       0x40 ./../Libraries/EMlib/EMLib/../BCDS_Customization/debug/libEMLib_efm32_debug.a(em_usbhal.o)
 .text.INT_Enable
                0x00019fd0       0x54 ./../Libraries/EMlib/EMLib/../BCDS_Customization/debug/libEMLib_efm32_debug.a(em_usbhal.o)
 .text.USBHAL_FlushRxFifo
                0x0001a024       0x3c ./../Libraries/EMlib/EMLib/../BCDS_Customization/debug/libEMLib_efm32_debug.a(em_usbhal.o)
 .text.USBHAL_FlushTxFifo
                0x0001a060       0x4c ./../Libraries/EMlib/EMLib/../BCDS_Customization/debug/libEMLib_efm32_debug.a(em_usbhal.o)
 .text.USBDHAL_DeactivateEp
                0x0001a0ac       0x88 ./../Libraries/EMlib/EMLib/../BCDS_Customization/debug/libEMLib_efm32_debug.a(em_usbhal.o)
 .text.USBDHAL_GetInEpInts
                0x0001a134       0x44 ./../Libraries/EMlib/EMLib/../BCDS_Customization/debug/libEMLib_efm32_debug.a(em_usbhal.o)
 .text.USBDHAL_GetOutEpInts
                0x0001a178       0x44 ./../Libraries/EMlib/EMLib/../BCDS_Customization/debug/libEMLib_efm32_debug.a(em_usbhal.o)
 .text.USBDHAL_SetEPDISNAK
                0x0001a1bc       0xac ./../Libraries/EMlib/EMLib/../BCDS_Customization/debug/libEMLib_efm32_debug.a(em_usbhal.o)
 .text.USBD_GetEpFromAddr
                0x0001a268       0xa0 ./../Libraries/EMlib/EMLib/../BCDS_Customization/debug/libEMLib_efm32_debug.a(em_usbhal.o)
 .text.USBHAL_CoreReset
                0x0001a308       0xbc ./../Libraries/EMlib/EMLib/../BCDS_Customization/debug/libEMLib_efm32_debug.a(em_usbhal.o)
                0x0001a308                USBHAL_CoreReset
 .text.USBDHAL_CoreInit
                0x0001a3c4      0x3ec ./../Libraries/EMlib/EMLib/../BCDS_Customization/debug/libEMLib_efm32_debug.a(em_usbhal.o)
                0x0001a3c4                USBDHAL_CoreInit
 .text.USBDHAL_Disconnect
                0x0001a7b0       0x3c ./../Libraries/EMlib/EMLib/../BCDS_Customization/debug/libEMLib_efm32_debug.a(em_usbhal.o)
                0x0001a7b0                USBDHAL_Disconnect
 .text.USBDHAL_AbortAllEps
                0x0001a7ec      0x53c ./../Libraries/EMlib/EMLib/../BCDS_Customization/debug/libEMLib_efm32_debug.a(em_usbhal.o)
                0x0001a7ec                USBDHAL_AbortAllEps
 .text.USBDHAL_AbortAllTransfers
                0x0001ad28       0xc8 ./../Libraries/EMlib/EMLib/../BCDS_Customization/debug/libEMLib_efm32_debug.a(em_usbhal.o)
                0x0001ad28                USBDHAL_AbortAllTransfers
 .text.USBDHAL_ReenableEp0Setup
                0x0001adf0       0x60 ./../Libraries/EMlib/EMLib/../BCDS_Customization/debug/libEMLib_efm32_debug.a(em_usbdep.o)
 .text.USBDHAL_StallEp
                0x0001ae50       0xcc ./../Libraries/EMlib/EMLib/../BCDS_Customization/debug/libEMLib_efm32_debug.a(em_usbdep.o)
 .text.USBDHAL_StartEp0In
                0x0001af1c       0x5c ./../Libraries/EMlib/EMLib/../BCDS_Customization/debug/libEMLib_efm32_debug.a(em_usbdep.o)
 .text.USBDHAL_StartEp0Out
                0x0001af78       0x5c ./../Libraries/EMlib/EMLib/../BCDS_Customization/debug/libEMLib_efm32_debug.a(em_usbdep.o)
 .text.USBD_GetEpFromAddr
                0x0001afd4       0xa0 ./../Libraries/EMlib/EMLib/../BCDS_Customization/debug/libEMLib_efm32_debug.a(em_usbdep.o)
 .text.USBD_ReArmEp0
                0x0001b074       0x64 ./../Libraries/EMlib/EMLib/../BCDS_Customization/debug/libEMLib_efm32_debug.a(em_usbdep.o)
 .text.USBDEP_Ep0Handler
                0x0001b0d8      0x300 ./../Libraries/EMlib/EMLib/../BCDS_Customization/debug/libEMLib_efm32_debug.a(em_usbdep.o)
                0x0001b0d8                USBDEP_Ep0Handler
 .text.USBDEP_EpHandler
                0x0001b3d8       0x60 ./../Libraries/EMlib/EMLib/../BCDS_Customization/debug/libEMLib_efm32_debug.a(em_usbdep.o)
                0x0001b3d8                USBDEP_EpHandler
 .text.TIMER_CounterGet
                0x0001b438       0x18 ./../Libraries/EMlib/EMLib/../BCDS_Customization/debug/libEMLib_efm32_debug.a(em_usbtimer.o)
 .text.TIMER_TopSet
                0x0001b450       0x1c ./../Libraries/EMlib/EMLib/../BCDS_Customization/debug/libEMLib_efm32_debug.a(em_usbtimer.o)
 .text.DelayTicks
                0x0001b46c       0x4c ./../Libraries/EMlib/EMLib/../BCDS_Customization/debug/libEMLib_efm32_debug.a(em_usbtimer.o)
 .text.USBTIMER_DelayMs
                0x0001b4b8       0x84 ./../Libraries/EMlib/EMLib/../BCDS_Customization/debug/libEMLib_efm32_debug.a(em_usbtimer.o)
                0x0001b4b8                USBTIMER_DelayMs
 .text.USBTIMER_DelayUs
                0x0001b53c      0x124 ./../Libraries/EMlib/EMLib/../BCDS_Customization/debug/libEMLib_efm32_debug.a(em_usbtimer.o)
                0x0001b53c                USBTIMER_DelayUs
 .text.USBTIMER_Init
                0x0001b660      0x188 ./../Libraries/EMlib/EMLib/../BCDS_Customization/debug/libEMLib_efm32_debug.a(em_usbtimer.o)
                0x0001b660                USBTIMER_Init
 .text.GetProdRev
                0x0001b7e8       0x1c ./../Libraries/EMlib/EMLib/../BCDS_Customization/debug/libEMLib_efm32_debug.a(system_efm32gg.o)
 .text.SystemCoreClockGet
                0x0001b804       0x58 ./../Libraries/EMlib/EMLib/../BCDS_Customization/debug/libEMLib_efm32_debug.a(system_efm32gg.o)
                0x0001b804                SystemCoreClockGet
 .text.SystemHFClockGet
                0x0001b85c      0x110 ./../Libraries/EMlib/EMLib/../BCDS_Customization/debug/libEMLib_efm32_debug.a(system_efm32gg.o)
                0x0001b85c                SystemHFClockGet
 .text.SystemHFXOClockGet
                0x0001b96c       0x18 ./../Libraries/EMlib/EMLib/../BCDS_Customization/debug/libEMLib_efm32_debug.a(system_efm32gg.o)
                0x0001b96c                SystemHFXOClockGet
 .text.SystemInit
                0x0001b984        0xc ./../Libraries/EMlib/EMLib/../BCDS_Customization/debug/libEMLib_efm32_debug.a(system_efm32gg.o)
                0x0001b984                SystemInit
 .text.SystemLFRCOClockGet
                0x0001b990       0x10 ./../Libraries/EMlib/EMLib/../BCDS_Customization/debug/libEMLib_efm32_debug.a(system_efm32gg.o)
                0x0001b990                SystemLFRCOClockGet
 .text.SystemULFRCOClockGet
                0x0001b9a0       0x10 ./../Libraries/EMlib/EMLib/../BCDS_Customization/debug/libEMLib_efm32_debug.a(system_efm32gg.o)
                0x0001b9a0                SystemULFRCOClockGet
 .text.SystemLFXOClockGet
                0x0001b9b0       0x18 ./../Libraries/EMlib/EMLib/../BCDS_Customization/debug/libEMLib_efm32_debug.a(system_efm32gg.o)
                0x0001b9b0                SystemLFXOClockGet
 .text.TIMER_Init
                0x0001b9c8      0x134 ./../Libraries/EMlib/EMLib/../BCDS_Customization/debug/libEMLib_efm32_debug.a(em_timer.o)
                0x0001b9c8                TIMER_Init
 .text.TIMER_InitCC
                0x0001bafc       0xec ./../Libraries/EMlib/EMLib/../BCDS_Customization/debug/libEMLib_efm32_debug.a(em_timer.o)
                0x0001bafc                TIMER_InitCC
 .text.TIMER_Reset
                0x0001bbe8      0x108 ./../Libraries/EMlib/EMLib/../BCDS_Customization/debug/libEMLib_efm32_debug.a(em_timer.o)
                0x0001bbe8                TIMER_Reset
 .text.USBDHAL_ActivateEp
                0x0001bcf0      0x148 ./../Libraries/EMlib/EMLib/../BCDS_Customization/debug/libEMLib_efm32_debug.a(em_usbdch9.o)
 .text.USBDHAL_DeactivateEp
                0x0001be38       0x88 ./../Libraries/EMlib/EMLib/../BCDS_Customization/debug/libEMLib_efm32_debug.a(em_usbdch9.o)
 .text.USBDHAL_GetStallStatusEp
                0x0001bec0       0xc0 ./../Libraries/EMlib/EMLib/../BCDS_Customization/debug/libEMLib_efm32_debug.a(em_usbdch9.o)
 .text.USBDHAL_SetAddr
                0x0001bf80       0x3c ./../Libraries/EMlib/EMLib/../BCDS_Customization/debug/libEMLib_efm32_debug.a(em_usbdch9.o)
 .text.USBDHAL_StallEp
                0x0001bfbc       0xcc ./../Libraries/EMlib/EMLib/../BCDS_Customization/debug/libEMLib_efm32_debug.a(em_usbdch9.o)
 .text.USBDHAL_UnStallEp
                0x0001c088       0xe4 ./../Libraries/EMlib/EMLib/../BCDS_Customization/debug/libEMLib_efm32_debug.a(em_usbdch9.o)
 .text.USBD_ActivateAllEps
                0x0001c16c       0x54 ./../Libraries/EMlib/EMLib/../BCDS_Customization/debug/libEMLib_efm32_debug.a(em_usbdch9.o)
 .text.USBD_DeactivateAllEps
                0x0001c1c0       0x68 ./../Libraries/EMlib/EMLib/../BCDS_Customization/debug/libEMLib_efm32_debug.a(em_usbdch9.o)
 .text.USBD_GetEpFromAddr
                0x0001c228       0xa0 ./../Libraries/EMlib/EMLib/../BCDS_Customization/debug/libEMLib_efm32_debug.a(em_usbdch9.o)
 .text.USBDCH9_SetupCmd
                0x0001c2c8       0xec ./../Libraries/EMlib/EMLib/../BCDS_Customization/debug/libEMLib_efm32_debug.a(em_usbdch9.o)
                0x0001c2c8                USBDCH9_SetupCmd
 .text.ClearFeature
                0x0001c3b4       0xcc ./../Libraries/EMlib/EMLib/../BCDS_Customization/debug/libEMLib_efm32_debug.a(em_usbdch9.o)
 .text.GetConfiguration
                0x0001c480       0xb8 ./../Libraries/EMlib/EMLib/../BCDS_Customization/debug/libEMLib_efm32_debug.a(em_usbdch9.o)
 .text.GetDescriptor
                0x0001c538      0x10c ./../Libraries/EMlib/EMLib/../BCDS_Customization/debug/libEMLib_efm32_debug.a(em_usbdch9.o)
 .text.GetInterface
                0x0001c644       0x94 ./../Libraries/EMlib/EMLib/../BCDS_Customization/debug/libEMLib_efm32_debug.a(em_usbdch9.o)
 .text.GetStatus
                0x0001c6d8      0x1b4 ./../Libraries/EMlib/EMLib/../BCDS_Customization/debug/libEMLib_efm32_debug.a(em_usbdch9.o)
 .text.SetAddress
                0x0001c88c       0xb4 ./../Libraries/EMlib/EMLib/../BCDS_Customization/debug/libEMLib_efm32_debug.a(em_usbdch9.o)
 .text.SetConfiguration
                0x0001c940      0x10c ./../Libraries/EMlib/EMLib/../BCDS_Customization/debug/libEMLib_efm32_debug.a(em_usbdch9.o)
 .text.SetFeature
                0x0001ca4c      0x100 ./../Libraries/EMlib/EMLib/../BCDS_Customization/debug/libEMLib_efm32_debug.a(em_usbdch9.o)
 .text.SetInterface
                0x0001cb4c       0x68 ./../Libraries/EMlib/EMLib/../BCDS_Customization/debug/libEMLib_efm32_debug.a(em_usbdch9.o)
 .text.GPIO_PinOutClear
                0x0001cbb4       0x4c ../Common/debug/XDKCommon_efm32_debug.a(SystemStartup.o)
 .text.GPIO_PinOutSet
                0x0001cc00       0x4c ../Common/debug/XDKCommon_efm32_debug.a(SystemStartup.o)
 .text.systemStartup
                0x0001cc4c       0x88 ../Common/debug/XDKCommon_efm32_debug.a(SystemStartup.o)
                0x0001cc4c                systemStartup
 .text.vApplicationStackOverflowHook
                0x0001ccd4       0x80 ../Common/debug/XDKCommon_efm32_debug.a(SystemStartup.o)
                0x0001ccd4                vApplicationStackOverflowHook
 .text.Retcode_getPackage
                0x0001cd54       0x1c ../Common/debug/XDKCommon_efm32_debug.a(BoardInitialization.o)
 .text.NVIC_SetPriority
                0x0001cd70       0x5c ../Common/debug/XDKCommon_efm32_debug.a(BoardInitialization.o)
 .text.CHIP_Init
                0x0001cdcc       0x50 ../Common/debug/XDKCommon_efm32_debug.a(BoardInitialization.o)
 .text.GPIO_PinOutSet
                0x0001ce1c       0x4c ../Common/debug/XDKCommon_efm32_debug.a(BoardInitialization.o)
 .text.ErrorHandlingFunc
                0x0001ce68       0x2c ../Common/debug/XDKCommon_efm32_debug.a(BoardInitialization.o)
 .text.bleGetPublicAddress
                0x0001ce94      0x104 ../Common/debug/XDKCommon_efm32_debug.a(BoardInitialization.o)
 .text.customizeInterruptPriority
                0x0001cf98      0x1d0 ../Common/debug/XDKCommon_efm32_debug.a(BoardInitialization.o)
                0x0001cf98                customizeInterruptPriority
 .text.assertIndicationMapping
                0x0001d168       0x84 ../Common/debug/XDKCommon_efm32_debug.a(BoardInitialization.o)
                0x0001d168                assertIndicationMapping
 .text.boardInit
                0x0001d1ec       0x10 ../Common/debug/XDKCommon_efm32_debug.a(BoardInitialization.o)
                0x0001d1ec                boardInit
 .text.boardStartup
                0x0001d1fc       0xe0 ../Common/debug/XDKCommon_efm32_debug.a(BoardInitialization.o)
                0x0001d1fc                boardStartup
 .text.NVIC_SystemReset
                0x0001d2dc       0x30 ../Common/debug/XDKCommon_efm32_debug.a(UsbResetUtility.o)
 .text.UsbResetUtility_SystemReset
                0x0001d30c       0x10 ../Common/debug/XDKCommon_efm32_debug.a(UsbResetUtility.o)
 .text.UsbResetUtility_InteruptHandling
                0x0001d31c       0x5c ../Common/debug/XDKCommon_efm32_debug.a(UsbResetUtility.o)
 .text.UsbResetUtility_Init
                0x0001d378       0x48 ../Common/debug/XDKCommon_efm32_debug.a(UsbResetUtility.o)
                0x0001d378                UsbResetUtility_Init
 .text.UsbResetUtility_UsbISRCallback
                0x0001d3c0      0x148 ../Common/debug/XDKCommon_efm32_debug.a(UsbResetUtility.o)
                0x0001d3c0                UsbResetUtility_UsbISRCallback
 .text.resetGpioConfig
                0x0001d508      0x3f8 ../Common/debug/XDKCommon_efm32_debug.a(GpioConfig.o)
                0x0001d508                resetGpioConfig
 .text.RingBuf_Init
                0x0001d900       0x38 ./../Platform/Utils/debug/libUtils_efm32_debug.a(RB_ringBuffer.o)
                0x0001d900                RingBuf_Init
 .text.RingBuf_Write
                0x0001d938       0xdc ./../Platform/Utils/debug/libUtils_efm32_debug.a(RB_ringBuffer.o)
                0x0001d938                RingBuf_Write
 .text.RingBuf_Read
                0x0001da14       0xd4 ./../Platform/Utils/debug/libUtils_efm32_debug.a(RB_ringBuffer.o)
                0x0001da14                RingBuf_Read
 .text.Assert_initialize
                0x0001dae8       0x48 ./../Platform/Basics/debug/libBasics_efm32_debug.a(Assert.o)
                0x0001dae8                Assert_initialize
 .text.Assert_dynamic
                0x0001db30       0x2c ./../Platform/Basics/debug/libBasics_efm32_debug.a(Assert.o)
                0x0001db30                Assert_dynamic
 .text.defaultErrorHandlingFunc
                0x0001db5c       0x14 ./../Platform/Basics/debug/libBasics_efm32_debug.a(Retcode.o)
 .text.Retcode_initialize
                0x0001db70       0x38 ./../Platform/Basics/debug/libBasics_efm32_debug.a(Retcode.o)
                0x0001db70                Retcode_initialize
 .text.Retcode_compose
                0x0001dba8       0x50 ./../Platform/Basics/debug/libBasics_efm32_debug.a(Retcode.o)
                0x0001dba8                Retcode_compose
 .text.NVIC_EnableIRQ
                0x0001dbf8       0x38 ./../Platform/Power/debug/libPOWER_efm32_debug.a(PowerMgt.o)
 .text.NVIC_SetPriority
                0x0001dc30       0x5c ./../Platform/Power/debug/libPOWER_efm32_debug.a(PowerMgt.o)
 .text.RTC_IntClear
                0x0001dc8c       0x20 ./../Platform/Power/debug/libPOWER_efm32_debug.a(PowerMgt.o)
 .text.RTC_IntDisable
                0x0001dcac       0x30 ./../Platform/Power/debug/libPOWER_efm32_debug.a(PowerMgt.o)
 .text.RTC_IntEnable
                0x0001dcdc       0x2c ./../Platform/Power/debug/libPOWER_efm32_debug.a(PowerMgt.o)
 .text.RTC_IRQHandler
                0x0001dd08      0x184 ./../Platform/Power/debug/libPOWER_efm32_debug.a(PowerMgt.o)
                0x0001dd08                RTC_IRQHandler
 .text.vPortSetupTimerInterrupt
                0x0001de8c      0x10c ./../Platform/Power/debug/libPOWER_efm32_debug.a(PowerMgt.o)
                0x0001de8c                vPortSetupTimerInterrupt
 .text.BleMgmt_timerRing
                0x0001df98       0xb8 ./../Libraries/BLEStack/Alpwise/Core_Stack/Libraries/BLESW_CoreStack_CM3.a(BleEngine.o)
 .text.BLEMGMT_Init
                0x0001e050       0x3c ./../Libraries/BLEStack/Alpwise/Core_Stack/Libraries/BLESW_CoreStack_CM3.a(BleEngine.o)
                0x0001e050                BLEMGMT_Init
 .text.BLEMGMT_Deinit
                0x0001e08c       0x20 ./../Libraries/BLEStack/Alpwise/Core_Stack/Libraries/BLESW_CoreStack_CM3.a(BleEngine.o)
                0x0001e08c                BLEMGMT_Deinit
 .text.BLEMGMT_Run
                0x0001e0ac       0x4c ./../Libraries/BLEStack/Alpwise/Core_Stack/Libraries/BLESW_CoreStack_CM3.a(BleEngine.o)
                0x0001e0ac                BLEMGMT_Run
 .text.BLEMGMT_RegisterHandler
                0x0001e0f8       0x28 ./../Libraries/BLEStack/Alpwise/Core_Stack/Libraries/BLESW_CoreStack_CM3.a(BleEngine.o)
                0x0001e0f8                BLEMGMT_RegisterHandler
 .text.BleMgmt_PostEvent
                0x0001e120       0x50 ./../Libraries/BLEStack/Alpwise/Core_Stack/Libraries/BLESW_CoreStack_CM3.a(BleEngine.o)
                0x0001e120                BleMgmt_PostEvent
 .text.BleMgmt_RemoveTimerEvent
                0x0001e170       0xdc ./../Libraries/BLEStack/Alpwise/Core_Stack/Libraries/BLESW_CoreStack_CM3.a(BleEngine.o)
                0x0001e170                BleMgmt_RemoveTimerEvent
 .text.BleMgmt_AddTimerEvent
                0x0001e24c       0xdc ./../Libraries/BLEStack/Alpwise/Core_Stack/Libraries/BLESW_CoreStack_CM3.a(BleEngine.o)
                0x0001e24c                BleMgmt_AddTimerEvent
 .text.SYSTEM_MemCpy
                0x0001e328       0x14 ./../Libraries/BLEStack/Alpwise/Core_Stack/Libraries/BLESW_CoreStack_CM3.a(BleMemory.o)
                0x0001e328                SYSTEM_MemCpy
 .text.SYSTEM_ReverseMemCpy
                0x0001e33c       0x1a ./../Libraries/BLEStack/Alpwise/Core_Stack/Libraries/BLESW_CoreStack_CM3.a(BleMemory.o)
                0x0001e33c                SYSTEM_ReverseMemCpy
 .text.SYSTEM_MemCmp
                0x0001e356       0x24 ./../Libraries/BLEStack/Alpwise/Core_Stack/Libraries/BLESW_CoreStack_CM3.a(BleMemory.o)
                0x0001e356                SYSTEM_MemCmp
 .text.SYSTEM_MemSet
                0x0001e37a       0x16 ./../Libraries/BLEStack/Alpwise/Core_Stack/Libraries/BLESW_CoreStack_CM3.a(BleMemory.o)
                0x0001e37a                SYSTEM_MemSet
 .text.BleList_RemoveNode
                0x0001e390       0x2e ./../Libraries/BLEStack/Alpwise/Core_Stack/Libraries/BLESW_CoreStack_CM3.a(BleSlist.o)
                0x0001e390                BleList_RemoveNode
 .text.BleList_GetHeadNode
                0x0001e3be        0xc ./../Libraries/BLEStack/Alpwise/Core_Stack/Libraries/BLESW_CoreStack_CM3.a(BleSlist.o)
                0x0001e3be                BleList_GetHeadNode
 .text.BleList_IsNodeIn
                0x0001e3ca       0x12 ./../Libraries/BLEStack/Alpwise/Core_Stack/Libraries/BLESW_CoreStack_CM3.a(BleSlist.o)
                0x0001e3ca                BleList_IsNodeIn
 .text.BleList_InsertTail
                0x0001e3dc       0x28 ./../Libraries/BLEStack/Alpwise/Core_Stack/Libraries/BLESW_CoreStack_CM3.a(BleSlist.o)
                0x0001e3dc                BleList_InsertTail
 .text.BleList_InsertAfter
                0x0001e404       0x34 ./../Libraries/BLEStack/Alpwise/Core_Stack/Libraries/BLESW_CoreStack_CM3.a(BleSlist.o)
                0x0001e404                BleList_InsertAfter
 .text.BleList_GetCount
                0x0001e438       0x10 ./../Libraries/BLEStack/Alpwise/Core_Stack/Libraries/BLESW_CoreStack_CM3.a(BleSlist.o)
                0x0001e438                BleList_GetCount
 .text.BleList_GetIndex
                0x0001e448       0x16 ./../Libraries/BLEStack/Alpwise/Core_Stack/Libraries/BLESW_CoreStack_CM3.a(BleSlist.o)
                0x0001e448                BleList_GetIndex
 .text.BleList_IsNodeIn_ISR
                0x0001e45e       0x12 ./../Libraries/BLEStack/Alpwise/Core_Stack/Libraries/BLESW_CoreStack_CM3.a(BleSlist.o)
                0x0001e45e                BleList_IsNodeIn_ISR
 .text.BleList_GetHeadNode_ISR
                0x0001e470        0xc ./../Libraries/BLEStack/Alpwise/Core_Stack/Libraries/BLESW_CoreStack_CM3.a(BleSlist.o)
                0x0001e470                BleList_GetHeadNode_ISR
 .text.BleList_InsertTail_ISR
                0x0001e47c       0x28 ./../Libraries/BLEStack/Alpwise/Core_Stack/Libraries/BLESW_CoreStack_CM3.a(BleSlist.o)
                0x0001e47c                BleList_InsertTail_ISR
 .text.BleSmp_IsKeyNull
                0x0001e4a4       0x1c ./../Libraries/BLEStack/Alpwise/Core_Stack/Libraries/BLESW_CoreStack_CM3.a(BleSmp.o)
 .text.BleSmp_SendPairingFailed
                0x0001e4c0       0x22 ./../Libraries/BLEStack/Alpwise/Core_Stack/Libraries/BLESW_CoreStack_CM3.a(BleSmp.o)
 *fill*         0x0001e4e2        0x2 00
 .text.BleSmp_ClearOperation
                0x0001e4e4       0x30 ./../Libraries/BLEStack/Alpwise/Core_Stack/Libraries/BLESW_CoreStack_CM3.a(BleSmp.o)
 .text.BleSmp_GenerateRandomNumber
                0x0001e514       0x18 ./../Libraries/BLEStack/Alpwise/Core_Stack/Libraries/BLESW_CoreStack_CM3.a(BleSmp.o)
 .text.BleSmp_Encrypt
                0x0001e52c       0x3c ./../Libraries/BLEStack/Alpwise/Core_Stack/Libraries/BLESW_CoreStack_CM3.a(BleSmp.o)
 .text.BleSmp_StartPairingWatchdog
                0x0001e568       0x2c ./../Libraries/BLEStack/Alpwise/Core_Stack/Libraries/BLESW_CoreStack_CM3.a(BleSmp.o)
 .text.BleSmp_OperationEnds
                0x0001e594       0x24 ./../Libraries/BLEStack/Alpwise/Core_Stack/Libraries/BLESW_CoreStack_CM3.a(BleSmp.o)
 .text.BleSmp_StartOperation
                0x0001e5b8      0x104 ./../Libraries/BLEStack/Alpwise/Core_Stack/Libraries/BLESW_CoreStack_CM3.a(BleSmp.o)
 .text.BleSmp_AddOperation.part.0
                0x0001e6bc       0x38 ./../Libraries/BLEStack/Alpwise/Core_Stack/Libraries/BLESW_CoreStack_CM3.a(BleSmp.o)
 .text.BleSmp_ReportPairingStatus
                0x0001e6f4       0x54 ./../Libraries/BLEStack/Alpwise/Core_Stack/Libraries/BLESW_CoreStack_CM3.a(BleSmp.o)
 .text.BleSmp_PairingWatchdog
                0x0001e748       0x36 ./../Libraries/BLEStack/Alpwise/Core_Stack/Libraries/BLESW_CoreStack_CM3.a(BleSmp.o)
 *fill*         0x0001e77e        0x2 00
 .text.BLESMP_GenerateAndSetRandomAddress
                0x0001e780       0x78 ./../Libraries/BLEStack/Alpwise/Core_Stack/Libraries/BLESW_CoreStack_CM3.a(BleSmp.o)
                0x0001e780                BLESMP_GenerateAndSetRandomAddress
 .text.BLESMP_ConfirmPairing
                0x0001e7f8       0x38 ./../Libraries/BLEStack/Alpwise/Core_Stack/Libraries/BLESW_CoreStack_CM3.a(BleSmp.o)
                0x0001e7f8                BLESMP_ConfirmPairing
 .text.BLESMP_GetLinkSecurityProperties
                0x0001e830       0x1e ./../Libraries/BLEStack/Alpwise/Core_Stack/Libraries/BLESW_CoreStack_CM3.a(BleSmp.o)
                0x0001e830                BLESMP_GetLinkSecurityProperties
 .text.BLESMP_IsDeviceBonded
                0x0001e84e       0x24 ./../Libraries/BLEStack/Alpwise/Core_Stack/Libraries/BLESW_CoreStack_CM3.a(BleSmp.o)
                0x0001e84e                BLESMP_IsDeviceBonded
 .text.BLESMP_InitiatePairing
                0x0001e872      0x238 ./../Libraries/BLEStack/Alpwise/Core_Stack/Libraries/BLESW_CoreStack_CM3.a(BleSmp.o)
                0x0001e872                BLESMP_InitiatePairing
 *fill*         0x0001eaaa        0x2 00
 .text.BleSmp_Init
                0x0001eaac       0x2c ./../Libraries/BLEStack/Alpwise/Core_Stack/Libraries/BLESW_CoreStack_CM3.a(BleSmp.o)
                0x0001eaac                BleSmp_Init
 .text.BleSmp_HciEventHandler
                0x0001ead8      0x9ac ./../Libraries/BLEStack/Alpwise/Core_Stack/Libraries/BLESW_CoreStack_CM3.a(BleSmp.o)
                0x0001ead8                BleSmp_HciEventHandler
 .text.BleL2cap_HandleSecurityEvent
                0x0001f484      0x768 ./../Libraries/BLEStack/Alpwise/Core_Stack/Libraries/BLESW_CoreStack_CM3.a(BleSmp.o)
                0x0001f484                BleL2cap_HandleSecurityEvent
 .text.BleStck_Init
                0x0001fbec       0x30 ./../Libraries/BLEStack/Alpwise/Core_Stack/Libraries/BLESW_CoreStack_CM3.a(BleStck.o)
                0x0001fbec                BleStck_Init
 .text.BleStck_SendUpdateConnectionParametersCommand
                0x0001fc1c       0x40 ./../Libraries/BLEStack/Alpwise/Core_Stack/Libraries/BLESW_CoreStack_CM3.a(BleStck.o)
                0x0001fc1c                BleStck_SendUpdateConnectionParametersCommand
 .text.BleConn_GetConnection
                0x0001fc5c       0x40 ./../Libraries/BLEStack/Alpwise/Core_Stack/Libraries/BLESW_CoreStack_CM3.a(BleStck.o)
                0x0001fc5c                BleConn_GetConnection
 .text.BleStck_HciConnEventHandler
                0x0001fc9c      0x20c ./../Libraries/BLEStack/Alpwise/Core_Stack/Libraries/BLESW_CoreStack_CM3.a(BleStck.o)
                0x0001fc9c                BleStck_HciConnEventHandler
 .text.BleConn_GetBDAddr
                0x0001fea8       0x48 ./../Libraries/BLEStack/Alpwise/Core_Stack/Libraries/BLESW_CoreStack_CM3.a(BleStck.o)
                0x0001fea8                BleConn_GetBDAddr
 .text.BleStck_SetOperation
                0x0001fef0       0x5c ./../Libraries/BLEStack/Alpwise/Core_Stack/Libraries/BLESW_CoreStack_CM3.a(BleStck.o)
                0x0001fef0                BleStck_SetOperation
 .text.BLESTCK_TerminateLinkLayerConnection
                0x0001ff4c       0x3c ./../Libraries/BLEStack/Alpwise/Core_Stack/Libraries/BLESW_CoreStack_CM3.a(BleStck.o)
                0x0001ff4c                BLESTCK_TerminateLinkLayerConnection
 .text.BLESTCK_SetScanResponseData
                0x0001ff88       0x4c ./../Libraries/BLEStack/Alpwise/Core_Stack/Libraries/BLESW_CoreStack_CM3.a(BleStck.o)
                0x0001ff88                BLESTCK_SetScanResponseData
 .text.BLESTCK_StopAdvertising
                0x0001ffd4       0x40 ./../Libraries/BLEStack/Alpwise/Core_Stack/Libraries/BLESW_CoreStack_CM3.a(BleStck.o)
                0x0001ffd4                BLESTCK_StopAdvertising
 .text.BLESTCK_StartAdvertising
                0x00020014      0x164 ./../Libraries/BLEStack/Alpwise/Core_Stack/Libraries/BLESW_CoreStack_CM3.a(BleStck.o)
                0x00020014                BLESTCK_StartAdvertising
 .text.BLESTCK_SetAdvertisingData
                0x00020178       0x50 ./../Libraries/BLEStack/Alpwise/Core_Stack/Libraries/BLESW_CoreStack_CM3.a(BleStck.o)
                0x00020178                BLESTCK_SetAdvertisingData
 .text.BleStck_HandleConnParmsUpdateResponse
                0x000201c8       0x40 ./../Libraries/BLEStack/Alpwise/Core_Stack/Libraries/BLESW_CoreStack_CM3.a(BleStck.o)
                0x000201c8                BleStck_HandleConnParmsUpdateResponse
 .text.BleStck_isConnectionParmsUpdatePossible
                0x00020208       0x84 ./../Libraries/BLEStack/Alpwise/Core_Stack/Libraries/BLESW_CoreStack_CM3.a(BleStck.o)
                0x00020208                BleStck_isConnectionParmsUpdatePossible
 .text.BleStck_HciEventHandler
                0x0002028c      0x30c ./../Libraries/BLEStack/Alpwise/Core_Stack/Libraries/BLESW_CoreStack_CM3.a(BleStck.o)
                0x0002028c                BleStck_HciEventHandler
 .text.BleHci_AckCommand
                0x00020598       0x50 ./../Libraries/BLEStack/Alpwise/Core_Stack/Libraries/BLESW_CoreStack_CM3.a(BleHci.o)
 .text.BleHci_InitFailed
                0x000205e8       0x14 ./../Libraries/BLEStack/Alpwise/Core_Stack/Libraries/BLESW_CoreStack_CM3.a(BleHci.o)
 .text.HciResetWatchdog
                0x000205fc       0x20 ./../Libraries/BLEStack/Alpwise/Core_Stack/Libraries/BLESW_CoreStack_CM3.a(BleHci.o)
 .text.BleHci_MemoryInit
                0x0002061c       0xc8 ./../Libraries/BLEStack/Alpwise/Core_Stack/Libraries/BLESW_CoreStack_CM3.a(BleHci.o)
                0x0002061c                BleHci_MemoryInit
 .text.BleHci_Init
                0x000206e4        0x4 ./../Libraries/BLEStack/Alpwise/Core_Stack/Libraries/BLESW_CoreStack_CM3.a(BleHci.o)
                0x000206e4                BleHci_Init
 .text.BleHci_GetEventPacket
                0x000206e8       0x28 ./../Libraries/BLEStack/Alpwise/Core_Stack/Libraries/BLESW_CoreStack_CM3.a(BleHci.o)
                0x000206e8                BleHci_GetEventPacket
 .text.BleHci_EventPacketReceived
                0x00020710       0x24 ./../Libraries/BLEStack/Alpwise/Core_Stack/Libraries/BLESW_CoreStack_CM3.a(BleHci.o)
                0x00020710                BleHci_EventPacketReceived
 .text.BleHci_SendCommand
                0x00020734       0x70 ./../Libraries/BLEStack/Alpwise/Core_Stack/Libraries/BLESW_CoreStack_CM3.a(BleHci.o)
                0x00020734                BleHci_SendCommand
 .text.BleHci_StartInitsCommand
                0x000207a4       0x1c ./../Libraries/BLEStack/Alpwise/Core_Stack/Libraries/BLESW_CoreStack_CM3.a(BleHci.o)
 .text.BLEHCI_RadioIsInitialised
                0x000207c0       0x28 ./../Libraries/BLEStack/Alpwise/Core_Stack/Libraries/BLESW_CoreStack_CM3.a(BleHci.o)
                0x000207c0                BLEHCI_RadioIsInitialised
 .text.BLEHCI_SendRadioCommand
                0x000207e8       0x14 ./../Libraries/BLEStack/Alpwise/Core_Stack/Libraries/BLESW_CoreStack_CM3.a(BleHci.o)
                0x000207e8                BLEHCI_SendRadioCommand
 .text.BLEHCI_SendVendorSpecificCommand
                0x000207fc        0xe ./../Libraries/BLEStack/Alpwise/Core_Stack/Libraries/BLESW_CoreStack_CM3.a(BleHci.o)
                0x000207fc                BLEHCI_SendVendorSpecificCommand
 *fill*         0x0002080a        0x2 00
 .text.BleHci_CheckForCommandToSend
                0x0002080c       0x50 ./../Libraries/BLEStack/Alpwise/Core_Stack/Libraries/BLESW_CoreStack_CM3.a(BleHci.o)
                0x0002080c                BleHci_CheckForCommandToSend
 .text.BleHci_CheckForEventReceived
                0x0002085c      0x514 ./../Libraries/BLEStack/Alpwise/Core_Stack/Libraries/BLESW_CoreStack_CM3.a(BleHci.o)
                0x0002085c                BleHci_CheckForEventReceived
 .text.BleHci_GetRxDataPacket
                0x00020d70       0x28 ./../Libraries/BLEStack/Alpwise/Core_Stack/Libraries/BLESW_CoreStack_CM3.a(BleHci.o)
                0x00020d70                BleHci_GetRxDataPacket
 .text.BleHci_DataPacketReceived
                0x00020d98       0x24 ./../Libraries/BLEStack/Alpwise/Core_Stack/Libraries/BLESW_CoreStack_CM3.a(BleHci.o)
                0x00020d98                BleHci_DataPacketReceived
 .text.BleHci_CheckForDataReceived
                0x00020dbc       0x50 ./../Libraries/BLEStack/Alpwise/Core_Stack/Libraries/BLESW_CoreStack_CM3.a(BleHci.o)
                0x00020dbc                BleHci_CheckForDataReceived
 .text.BleHci_SendL2capData
                0x00020e0c       0xc0 ./../Libraries/BLEStack/Alpwise/Core_Stack/Libraries/BLESW_CoreStack_CM3.a(BleHci.o)
                0x00020e0c                BleHci_SendL2capData
 .text.BleHci_CheckForDataToSend
                0x00020ecc       0x58 ./../Libraries/BLEStack/Alpwise/Core_Stack/Libraries/BLESW_CoreStack_CM3.a(BleHci.o)
                0x00020ecc                BleHci_CheckForDataToSend
 .text.bleGap_PostEvent
                0x00020f24       0x10 ./../Libraries/BLEStack/Alpwise/Core_Stack/Libraries/BLESW_CoreStack_CM3.a(BleGap.o)
 .text.BleGap_RefreshAdvData
                0x00020f34      0x2d4 ./../Libraries/BLEStack/Alpwise/Core_Stack/Libraries/BLESW_CoreStack_CM3.a(BleGap.o)
 .text.BleGap_AttServiceCallback
                0x00021208       0x40 ./../Libraries/BLEStack/Alpwise/Core_Stack/Libraries/BLESW_CoreStack_CM3.a(BleGap.o)
 .text.BleGap_ExitLimitedDiscoverableMode
                0x00021248       0x30 ./../Libraries/BLEStack/Alpwise/Core_Stack/Libraries/BLESW_CoreStack_CM3.a(BleGap.o)
 .text.BLEGAP_RegisterDevice
                0x00021278      0x134 ./../Libraries/BLEStack/Alpwise/Core_Stack/Libraries/BLESW_CoreStack_CM3.a(BleGap.o)
                0x00021278                BLEGAP_RegisterDevice
 .text.BLEGAP_SetLocalAppearance
                0x000213ac       0x60 ./../Libraries/BLEStack/Alpwise/Core_Stack/Libraries/BLESW_CoreStack_CM3.a(BleGap.o)
                0x000213ac                BLEGAP_SetLocalAppearance
 .text.BLEGAP_SetLocalBluetoothDeviceNameEx
                0x0002140c       0x98 ./../Libraries/BLEStack/Alpwise/Core_Stack/Libraries/BLESW_CoreStack_CM3.a(BleGap.o)
                0x0002140c                BLEGAP_SetLocalBluetoothDeviceNameEx
 .text.BLEGAP_SetModeWithIntervals
                0x000214a4       0x90 ./../Libraries/BLEStack/Alpwise/Core_Stack/Libraries/BLESW_CoreStack_CM3.a(BleGap.o)
                0x000214a4                BLEGAP_SetModeWithIntervals
 .text.BLEGAP_GetMode
                0x00021534        0xc ./../Libraries/BLEStack/Alpwise/Core_Stack/Libraries/BLESW_CoreStack_CM3.a(BleGap.o)
                0x00021534                BLEGAP_GetMode
 .text.BLEGAP_GetADDataBlock
                0x00021540       0x36 ./../Libraries/BLEStack/Alpwise/Core_Stack/Libraries/BLESW_CoreStack_CM3.a(BleGap.o)
                0x00021540                BLEGAP_GetADDataBlock
 *fill*         0x00021576        0x2 00
 .text.BleGap_stackCallback
                0x00021578      0x45c ./../Libraries/BLEStack/Alpwise/Core_Stack/Libraries/BLESW_CoreStack_CM3.a(BleGap.o)
 .text.BLEGAP_Disconnect
                0x000219d4        0x4 ./../Libraries/BLEStack/Alpwise/Core_Stack/Libraries/BLESW_CoreStack_CM3.a(BleGap.o)
                0x000219d4                BLEGAP_Disconnect
 .text.BleGap_Add128bitsServiceUUID
                0x000219d8       0x48 ./../Libraries/BLEStack/Alpwise/Core_Stack/Libraries/BLESW_CoreStack_CM3.a(BleGap.o)
                0x000219d8                BleGap_Add128bitsServiceUUID
 .text.BleTransport_Reset
                0x00021a20       0x28 ./../Libraries/BLEStack/Alpwise/Core_Stack/Libraries/BLESW_CoreStack_CM3.a(BleTransport.o)
                0x00021a20                BleTransport_Reset
 .text.BleTransport_Init
                0x00021a48       0x12 ./../Libraries/BLEStack/Alpwise/Core_Stack/Libraries/BLESW_CoreStack_CM3.a(BleTransport.o)
                0x00021a48                BleTransport_Init
 .text.BleTransport_Deinit
                0x00021a5a        0xe ./../Libraries/BLEStack/Alpwise/Core_Stack/Libraries/BLESW_CoreStack_CM3.a(BleTransport.o)
                0x00021a5a                BleTransport_Deinit
 .text.BleTransport_SendDataPacket
                0x00021a68       0x50 ./../Libraries/BLEStack/Alpwise/Core_Stack/Libraries/BLESW_CoreStack_CM3.a(BleTransport.o)
                0x00021a68                BleTransport_SendDataPacket
 .text.BleTransport_SendCommandPacket
                0x00021ab8       0x4e ./../Libraries/BLEStack/Alpwise/Core_Stack/Libraries/BLESW_CoreStack_CM3.a(BleTransport.o)
                0x00021ab8                BleTransport_SendCommandPacket
 *fill*         0x00021b06        0x2 00
 .text.BLETRANSPORT_UartDataReceived
                0x00021b08      0x134 ./../Libraries/BLEStack/Alpwise/Core_Stack/Libraries/BLESW_CoreStack_CM3.a(BleTransport.o)
                0x00021b08                BLETRANSPORT_UartDataReceived
 .text.Att_Init
                0x00021c3c       0x2c ./../Libraries/BLEStack/Alpwise/Core_Stack/Libraries/BLESW_CoreStack_CM3.a(att.o)
                0x00021c3c                Att_Init
 .text.Att_GetConnectionIndex
                0x00021c68       0x38 ./../Libraries/BLEStack/Alpwise/Core_Stack/Libraries/BLESW_CoreStack_CM3.a(att.o)
                0x00021c68                Att_GetConnectionIndex
 .text.Att_StackCallback
                0x00021ca0       0x68 ./../Libraries/BLEStack/Alpwise/Core_Stack/Libraries/BLESW_CoreStack_CM3.a(att.o)
 .text.BleL2cap_HandleAttributeProtocolEvent
                0x00021d08       0x32 ./../Libraries/BLEStack/Alpwise/Core_Stack/Libraries/BLESW_CoreStack_CM3.a(att.o)
                0x00021d08                BleL2cap_HandleAttributeProtocolEvent
 *fill*         0x00021d3a        0x2 00
 .text.ATT_is128bitsUUIDBtMasked
                0x00021d3c       0x30 ./../Libraries/BLEStack/Alpwise/Core_Stack/Libraries/BLESW_CoreStack_CM3.a(attmemory.o)
                0x00021d3c                ATT_is128bitsUUIDBtMasked
 .text.ATT_Are16bitsUUIDEquals
                0x00021d6c       0x34 ./../Libraries/BLEStack/Alpwise/Core_Stack/Libraries/BLESW_CoreStack_CM3.a(attmemory.o)
                0x00021d6c                ATT_Are16bitsUUIDEquals
 .text.ATT_Are128bitsUUIDEquals
                0x00021da0       0x3e ./../Libraries/BLEStack/Alpwise/Core_Stack/Libraries/BLESW_CoreStack_CM3.a(attmemory.o)
                0x00021da0                ATT_Are128bitsUUIDEquals
 *fill*         0x00021dde        0x2 00
 .text.AttServer_PostConfirmationEvent
                0x00021de0       0x24 ./../Libraries/BLEStack/Alpwise/Core_Stack/Libraries/BLESW_CoreStack_CM3.a(attservercore.o)
 .text.SendErrorResponse
                0x00021e04       0x38 ./../Libraries/BLEStack/Alpwise/Core_Stack/Libraries/BLESW_CoreStack_CM3.a(attservercore.o)
 .text.attServer_IndicationTransactionTimer
                0x00021e3c       0x20 ./../Libraries/BLEStack/Alpwise/Core_Stack/Libraries/BLESW_CoreStack_CM3.a(attservercore.o)
 .text.attServer_WriteCheckPermission.isra.1
                0x00021e5c       0x6c ./../Libraries/BLEStack/Alpwise/Core_Stack/Libraries/BLESW_CoreStack_CM3.a(attservercore.o)
 .text.isAttributeUUIDEqualsTo
                0x00021ec8       0x24 ./../Libraries/BLEStack/Alpwise/Core_Stack/Libraries/BLESW_CoreStack_CM3.a(attservercore.o)
 .text.FindEndGroupHandle
                0x00021eec       0x5c ./../Libraries/BLEStack/Alpwise/Core_Stack/Libraries/BLESW_CoreStack_CM3.a(attservercore.o)
 .text.FindFirstAttribute
                0x00021f48       0x58 ./../Libraries/BLEStack/Alpwise/Core_Stack/Libraries/BLESW_CoreStack_CM3.a(attservercore.o)
 .text.attServer_serviceChangeConfirmationCallback
                0x00021fa0       0x26 ./../Libraries/BLEStack/Alpwise/Core_Stack/Libraries/BLESW_CoreStack_CM3.a(attservercore.o)
 .text.AttServer_PostEvent
                0x00021fc6       0x1a ./../Libraries/BLEStack/Alpwise/Core_Stack/Libraries/BLESW_CoreStack_CM3.a(attservercore.o)
                0x00021fc6                AttServer_PostEvent
 .text.MayRead  0x00021fe0       0xcc ./../Libraries/BLEStack/Alpwise/Core_Stack/Libraries/BLESW_CoreStack_CM3.a(attservercore.o)
 .text.attServer_WriteCheckApplicationAuthorization
                0x000220ac       0x74 ./../Libraries/BLEStack/Alpwise/Core_Stack/Libraries/BLESW_CoreStack_CM3.a(attservercore.o)
 .text.HandleWrite
                0x00022120      0x10c ./../Libraries/BLEStack/Alpwise/Core_Stack/Libraries/BLESW_CoreStack_CM3.a(attservercore.o)
 .text.AttServer_SendHandleValueNotification
                0x0002222c       0x2c ./../Libraries/BLEStack/Alpwise/Core_Stack/Libraries/BLESW_CoreStack_CM3.a(attservercore.o)
                0x0002222c                AttServer_SendHandleValueNotification
 .text.AttServer_SendHandleValueIndication
                0x00022258       0x8c ./../Libraries/BLEStack/Alpwise/Core_Stack/Libraries/BLESW_CoreStack_CM3.a(attservercore.o)
                0x00022258                AttServer_SendHandleValueIndication
 .text.Att_Server_StckCallback
                0x000222e4      0x11c ./../Libraries/BLEStack/Alpwise/Core_Stack/Libraries/BLESW_CoreStack_CM3.a(attservercore.o)
                0x000222e4                Att_Server_StckCallback
 .text.Att_Server_L2capCallback
                0x00022400      0xadc ./../Libraries/BLEStack/Alpwise/Core_Stack/Libraries/BLESW_CoreStack_CM3.a(attservercore.o)
                0x00022400                Att_Server_L2capCallback
 .text.attServer_CheckCharacteristicHandle
                0x00022edc      0x140 ./../Libraries/BLEStack/Alpwise/Core_Stack/Libraries/BLESW_CoreStack_CM3.a(attserverdatabase.o)
 .text.unlikely.attServer_InsertAttributeIntoDatabase
                0x0002301c       0x2c ./../Libraries/BLEStack/Alpwise/Core_Stack/Libraries/BLESW_CoreStack_CM3.a(attserverdatabase.o)
 .text.ATT_SERVER_SecureDatabaseAccess
                0x00023048       0x1c ./../Libraries/BLEStack/Alpwise/Core_Stack/Libraries/BLESW_CoreStack_CM3.a(attserverdatabase.o)
                0x00023048                ATT_SERVER_SecureDatabaseAccess
 .text.ATT_SERVER_ReleaseDatabaseAccess
                0x00023064       0x34 ./../Libraries/BLEStack/Alpwise/Core_Stack/Libraries/BLESW_CoreStack_CM3.a(attserverdatabase.o)
                0x00023064                ATT_SERVER_ReleaseDatabaseAccess
 .text.ATT_SERVER_RegisterServiceAttribute
                0x00023098       0x9c ./../Libraries/BLEStack/Alpwise/Core_Stack/Libraries/BLESW_CoreStack_CM3.a(attserverdatabase.o)
                0x00023098                ATT_SERVER_RegisterServiceAttribute
 .text.ATT_SERVER_AddCharacteristic
                0x00023134      0x184 ./../Libraries/BLEStack/Alpwise/Core_Stack/Libraries/BLESW_CoreStack_CM3.a(attserverdatabase.o)
                0x00023134                ATT_SERVER_AddCharacteristic
 .text.ATT_SERVER_AddCharacteristicClientConfig